Archive member included to satisfy reference by file (symbol)

/usr/local/Cellar/gcc-arm-none-eabi-63/20170628/bin/../lib/gcc/arm-none-eabi/6.3.1/../../../../arm-none-eabi/lib/thumb/v7-m/libstdc++_nano.a(class_type_info.o)
                              CMakeFiles/PRO58Pub.elf.dir/Src/Print.cpp.obj (vtable for __cxxabiv1::__class_type_info)
/usr/local/Cellar/gcc-arm-none-eabi-63/20170628/bin/../lib/gcc/arm-none-eabi/6.3.1/../../../../arm-none-eabi/lib/thumb/v7-m/libstdc++_nano.a(del_ops.o)
                              /usr/local/Cellar/gcc-arm-none-eabi-63/20170628/bin/../lib/gcc/arm-none-eabi/6.3.1/../../../../arm-none-eabi/lib/thumb/v7-m/libstdc++_nano.a(class_type_info.o) (operator delete(void*, unsigned int))
/usr/local/Cellar/gcc-arm-none-eabi-63/20170628/bin/../lib/gcc/arm-none-eabi/6.3.1/../../../../arm-none-eabi/lib/thumb/v7-m/libstdc++_nano.a(eh_arm.o)
                              CMakeFiles/PRO58Pub.elf.dir/Src/state.cpp.obj (__cxa_end_cleanup)
/usr/local/Cellar/gcc-arm-none-eabi-63/20170628/bin/../lib/gcc/arm-none-eabi/6.3.1/../../../../arm-none-eabi/lib/thumb/v7-m/libstdc++_nano.a(eh_exception.o)
                              /usr/local/Cellar/gcc-arm-none-eabi-63/20170628/bin/../lib/gcc/arm-none-eabi/6.3.1/../../../../arm-none-eabi/lib/thumb/v7-m/libstdc++_nano.a(eh_arm.o) (typeinfo for __cxxabiv1::__forced_unwind)
/usr/local/Cellar/gcc-arm-none-eabi-63/20170628/bin/../lib/gcc/arm-none-eabi/6.3.1/../../../../arm-none-eabi/lib/thumb/v7-m/libstdc++_nano.a(eh_globals.o)
                              /usr/local/Cellar/gcc-arm-none-eabi-63/20170628/bin/../lib/gcc/arm-none-eabi/6.3.1/../../../../arm-none-eabi/lib/thumb/v7-m/libstdc++_nano.a(eh_arm.o) (__cxa_get_globals)
/usr/local/Cellar/gcc-arm-none-eabi-63/20170628/bin/../lib/gcc/arm-none-eabi/6.3.1/../../../../arm-none-eabi/lib/thumb/v7-m/libstdc++_nano.a(eh_personality.o)
                              CMakeFiles/PRO58Pub.elf.dir/Src/state.cpp.obj (__gxx_personality_v0)
/usr/local/Cellar/gcc-arm-none-eabi-63/20170628/bin/../lib/gcc/arm-none-eabi/6.3.1/../../../../arm-none-eabi/lib/thumb/v7-m/libstdc++_nano.a(eh_terminate.o)
                              /usr/local/Cellar/gcc-arm-none-eabi-63/20170628/bin/../lib/gcc/arm-none-eabi/6.3.1/../../../../arm-none-eabi/lib/thumb/v7-m/libstdc++_nano.a(eh_arm.o) (std::terminate())
/usr/local/Cellar/gcc-arm-none-eabi-63/20170628/bin/../lib/gcc/arm-none-eabi/6.3.1/../../../../arm-none-eabi/lib/thumb/v7-m/libstdc++_nano.a(eh_unex_handler.o)
                              /usr/local/Cellar/gcc-arm-none-eabi-63/20170628/bin/../lib/gcc/arm-none-eabi/6.3.1/../../../../arm-none-eabi/lib/thumb/v7-m/libstdc++_nano.a(eh_terminate.o) (__cxxabiv1::__unexpected_handler)
/usr/local/Cellar/gcc-arm-none-eabi-63/20170628/bin/../lib/gcc/arm-none-eabi/6.3.1/../../../../arm-none-eabi/lib/thumb/v7-m/libstdc++_nano.a(guard.o)
                              CMakeFiles/PRO58Pub.elf.dir/Src/state.cpp.obj (__cxa_guard_acquire)
/usr/local/Cellar/gcc-arm-none-eabi-63/20170628/bin/../lib/gcc/arm-none-eabi/6.3.1/../../../../arm-none-eabi/lib/thumb/v7-m/libstdc++_nano.a(pure.o)
                              CMakeFiles/PRO58Pub.elf.dir/Src/Adafruit_GFX_AS.cpp.obj (__cxa_pure_virtual)
/usr/local/Cellar/gcc-arm-none-eabi-63/20170628/bin/../lib/gcc/arm-none-eabi/6.3.1/../../../../arm-none-eabi/lib/thumb/v7-m/libstdc++_nano.a(si_class_type_info.o)
                              CMakeFiles/PRO58Pub.elf.dir/Src/Adafruit_GFX_AS.cpp.obj (vtable for __cxxabiv1::__si_class_type_info)
/usr/local/Cellar/gcc-arm-none-eabi-63/20170628/bin/../lib/gcc/arm-none-eabi/6.3.1/../../../../arm-none-eabi/lib/thumb/v7-m/libstdc++_nano.a(tinfo.o)
                              /usr/local/Cellar/gcc-arm-none-eabi-63/20170628/bin/../lib/gcc/arm-none-eabi/6.3.1/../../../../arm-none-eabi/lib/thumb/v7-m/libstdc++_nano.a(class_type_info.o) (std::type_info::~type_info())
/usr/local/Cellar/gcc-arm-none-eabi-63/20170628/bin/../lib/gcc/arm-none-eabi/6.3.1/../../../../arm-none-eabi/lib/thumb/v7-m/libstdc++_nano.a(del_op.o)
                              /usr/local/Cellar/gcc-arm-none-eabi-63/20170628/bin/../lib/gcc/arm-none-eabi/6.3.1/../../../../arm-none-eabi/lib/thumb/v7-m/libstdc++_nano.a(del_ops.o) (operator delete(void*))
/usr/local/Cellar/gcc-arm-none-eabi-63/20170628/bin/../lib/gcc/arm-none-eabi/6.3.1/../../../../arm-none-eabi/lib/thumb/v7-m/libstdc++_nano.a(eh_call.o)
                              /usr/local/Cellar/gcc-arm-none-eabi-63/20170628/bin/../lib/gcc/arm-none-eabi/6.3.1/../../../../arm-none-eabi/lib/thumb/v7-m/libstdc++_nano.a(eh_personality.o) (__cxa_call_terminate)
/usr/local/Cellar/gcc-arm-none-eabi-63/20170628/bin/../lib/gcc/arm-none-eabi/6.3.1/../../../../arm-none-eabi/lib/thumb/v7-m/libstdc++_nano.a(eh_catch.o)
                              /usr/local/Cellar/gcc-arm-none-eabi-63/20170628/bin/../lib/gcc/arm-none-eabi/6.3.1/../../../../arm-none-eabi/lib/thumb/v7-m/libstdc++_nano.a(eh_call.o) (__cxa_begin_catch)
[...]
Memory Configuration

Name             Origin             Length             Attributes
RAM              0x0000000020000000 0x0000000000005000 xrw
FLASH            0x0000000008000000 0x0000000000010000 xr
*default*        0x0000000000000000 0xffffffffffffffff

Linker script and memory map

LOAD /usr/local/Cellar/gcc-arm-none-eabi-63/20170628/bin/../lib/gcc/arm-none-eabi/6.3.1/thumb/v7-m/crti.o
LOAD /usr/local/Cellar/gcc-arm-none-eabi-63/20170628/bin/../lib/gcc/arm-none-eabi/6.3.1/thumb/v7-m/crtbegin.o
LOAD /usr/local/Cellar/gcc-arm-none-eabi-63/20170628/bin/../lib/gcc/arm-none-eabi/6.3.1/../../../../arm-none-eabi/lib/thumb/v7-m/crt0.o
LOAD CMakeFiles/PRO58Pub.elf.dir/Drivers/STM32F1xx_HAL_Driver/Src/stm32f1xx_hal.c.obj
LOAD CMakeFiles/PRO58Pub.elf.dir/Drivers/STM32F1xx_HAL_Driver/Src/stm32f1xx_hal_adc.c.obj
LOAD CMakeFiles/PRO58Pub.elf.dir/Drivers/STM32F1xx_HAL_Driver/Src/stm32f1xx_hal_adc_ex.c.obj
LOAD CMakeFiles/PRO58Pub.elf.dir/Drivers/STM32F1xx_HAL_Driver/Src/stm32f1xx_hal_can.c.obj
LOAD CMakeFiles/PRO58Pub.elf.dir/Drivers/STM32F1xx_HAL_Driver/Src/stm32f1xx_hal_cec.c.obj
LOAD CMakeFiles/PRO58Pub.elf.dir/Drivers/STM32F1xx_HAL_Driver/Src/stm32f1xx_hal_cortex.c.obj
LOAD CMakeFiles/PRO58Pub.elf.dir/Drivers/STM32F1xx_HAL_Driver/Src/stm32f1xx_hal_crc.c.obj
LOAD CMakeFiles/PRO58Pub.elf.dir/Drivers/STM32F1xx_HAL_Driver/Src/stm32f1xx_hal_dac.c.obj
LOAD CMakeFiles/PRO58Pub.elf.dir/Drivers/STM32F1xx_HAL_Driver/Src/stm32f1xx_hal_dac_ex.c.obj
LOAD CMakeFiles/PRO58Pub.elf.dir/Drivers/STM32F1xx_HAL_Driver/Src/stm32f1xx_hal_dma.c.obj
LOAD CMakeFiles/PRO58Pub.elf.dir/Drivers/STM32F1xx_HAL_Driver/Src/stm32f1xx_hal_eth.c.obj
LOAD CMakeFiles/PRO58Pub.elf.dir/Drivers/STM32F1xx_HAL_Driver/Src/stm32f1xx_hal_flash.c.obj
LOAD CMakeFiles/PRO58Pub.elf.dir/Drivers/STM32F1xx_HAL_Driver/Src/stm32f1xx_hal_flash_ex.c.obj
LOAD CMakeFiles/PRO58Pub.elf.dir/Drivers/STM32F1xx_HAL_Driver/Src/stm32f1xx_hal_gpio.c.obj
LOAD CMakeFiles/PRO58Pub.elf.dir/Drivers/STM32F1xx_HAL_Driver/Src/stm32f1xx_hal_gpio_ex.c.obj
LOAD CMakeFiles/PRO58Pub.elf.dir/Drivers/STM32F1xx_HAL_Driver/Src/stm32f1xx_hal_hcd.c.obj
LOAD CMakeFiles/PRO58Pub.elf.dir/Drivers/STM32F1xx_HAL_Driver/Src/stm32f1xx_hal_i2c.c.obj
LOAD CMakeFiles/PRO58Pub.elf.dir/Drivers/STM32F1xx_HAL_Driver/Src/stm32f1xx_hal_i2s.c.obj
LOAD CMakeFiles/PRO58Pub.elf.dir/Drivers/STM32F1xx_HAL_Driver/Src/stm32f1xx_hal_irda.c.obj
LOAD CMakeFiles/PRO58Pub.elf.dir/Drivers/STM32F1xx_HAL_Driver/Src/stm32f1xx_hal_iwdg.c.obj
LOAD CMakeFiles/PRO58Pub.elf.dir/Drivers/STM32F1xx_HAL_Driver/Src/stm32f1xx_hal_mmc.c.obj
LOAD CMakeFiles/PRO58Pub.elf.dir/Drivers/STM32F1xx_HAL_Driver/Src/stm32f1xx_hal_nand.c.obj
LOAD CMakeFiles/PRO58Pub.elf.dir/Drivers/STM32F1xx_HAL_Driver/Src/stm32f1xx_hal_nor.c.obj
LOAD CMakeFiles/PRO58Pub.elf.dir/Drivers/STM32F1xx_HAL_Driver/Src/stm32f1xx_hal_pccard.c.obj
LOAD CMakeFiles/PRO58Pub.elf.dir/Drivers/STM32F1xx_HAL_Driver/Src/stm32f1xx_hal_pcd.c.obj
LOAD CMakeFiles/PRO58Pub.elf.dir/Drivers/STM32F1xx_HAL_Driver/Src/stm32f1xx_hal_pcd_ex.c.obj
LOAD CMakeFiles/PRO58Pub.elf.dir/Drivers/STM32F1xx_HAL_Driver/Src/stm32f1xx_hal_pwr.c.obj
LOAD CMakeFiles/PRO58Pub.elf.dir/Drivers/STM32F1xx_HAL_Driver/Src/stm32f1xx_hal_rcc.c.obj
LOAD CMakeFiles/PRO58Pub.elf.dir/Drivers/STM32F1xx_HAL_Driver/Src/stm32f1xx_hal_rcc_ex.c.obj
LOAD CMakeFiles/PRO58Pub.elf.dir/Drivers/STM32F1xx_HAL_Driver/Src/stm32f1xx_hal_rtc.c.obj
LOAD CMakeFiles/PRO58Pub.elf.dir/Drivers/STM32F1xx_HAL_Driver/Src/stm32f1xx_hal_rtc_ex.c.obj
LOAD CMakeFiles/PRO58Pub.elf.dir/Drivers/STM32F1xx_HAL_Driver/Src/stm32f1xx_hal_sd.c.obj
LOAD CMakeFiles/PRO58Pub.elf.dir/Drivers/STM32F1xx_HAL_Driver/Src/stm32f1xx_hal_smartcard.c.obj
LOAD CMakeFiles/PRO58Pub.elf.dir/Drivers/STM32F1xx_HAL_Driver/Src/stm32f1xx_hal_spi.c.obj
LOAD CMakeFiles/PRO58Pub.elf.dir/Drivers/STM32F1xx_HAL_Driver/Src/stm32f1xx_hal_spi_ex.c.obj
LOAD CMakeFiles/PRO58Pub.elf.dir/Drivers/STM32F1xx_HAL_Driver/Src/stm32f1xx_hal_sram.c.obj
LOAD CMakeFiles/PRO58Pub.elf.dir/Drivers/STM32F1xx_HAL_Driver/Src/stm32f1xx_hal_tim.c.obj
LOAD CMakeFiles/PRO58Pub.elf.dir/Drivers/STM32F1xx_HAL_Driver/Src/stm32f1xx_hal_tim_ex.c.obj
LOAD CMakeFiles/PRO58Pub.elf.dir/Drivers/STM32F1xx_HAL_Driver/Src/stm32f1xx_hal_uart.c.obj
LOAD CMakeFiles/PRO58Pub.elf.dir/Drivers/STM32F1xx_HAL_Driver/Src/stm32f1xx_hal_usart.c.obj
LOAD CMakeFiles/PRO58Pub.elf.dir/Drivers/STM32F1xx_HAL_Driver/Src/stm32f1xx_hal_wwdg.c.obj
LOAD CMakeFiles/PRO58Pub.elf.dir/Drivers/STM32F1xx_HAL_Driver/Src/stm32f1xx_ll_adc.c.obj
LOAD CMakeFiles/PRO58Pub.elf.dir/Drivers/STM32F1xx_HAL_Driver/Src/stm32f1xx_ll_crc.c.obj
LOAD CMakeFiles/PRO58Pub.elf.dir/Drivers/STM32F1xx_HAL_Driver/Src/stm32f1xx_ll_dac.c.obj
LOAD CMakeFiles/PRO58Pub.elf.dir/Drivers/STM32F1xx_HAL_Driver/Src/stm32f1xx_ll_dma.c.obj
LOAD CMakeFiles/PRO58Pub.elf.dir/Drivers/STM32F1xx_HAL_Driver/Src/stm32f1xx_ll_exti.c.obj
LOAD CMakeFiles/PRO58Pub.elf.dir/Drivers/STM32F1xx_HAL_Driver/Src/stm32f1xx_ll_fsmc.c.obj
LOAD CMakeFiles/PRO58Pub.elf.dir/Drivers/STM32F1xx_HAL_Driver/Src/stm32f1xx_ll_gpio.c.obj
LOAD CMakeFiles/PRO58Pub.elf.dir/Drivers/STM32F1xx_HAL_Driver/Src/stm32f1xx_ll_i2c.c.obj
LOAD CMakeFiles/PRO58Pub.elf.dir/Drivers/STM32F1xx_HAL_Driver/Src/stm32f1xx_ll_pwr.c.obj
LOAD CMakeFiles/PRO58Pub.elf.dir/Drivers/STM32F1xx_HAL_Driver/Src/stm32f1xx_ll_rcc.c.obj
LOAD CMakeFiles/PRO58Pub.elf.dir/Drivers/STM32F1xx_HAL_Driver/Src/stm32f1xx_ll_rtc.c.obj
LOAD CMakeFiles/PRO58Pub.elf.dir/Drivers/STM32F1xx_HAL_Driver/Src/stm32f1xx_ll_sdmmc.c.obj
LOAD CMakeFiles/PRO58Pub.elf.dir/Drivers/STM32F1xx_HAL_Driver/Src/stm32f1xx_ll_spi.c.obj
LOAD CMakeFiles/PRO58Pub.elf.dir/Drivers/STM32F1xx_HAL_Driver/Src/stm32f1xx_ll_tim.c.obj
LOAD CMakeFiles/PRO58Pub.elf.dir/Drivers/STM32F1xx_HAL_Driver/Src/stm32f1xx_ll_usart.c.obj
LOAD CMakeFiles/PRO58Pub.elf.dir/Drivers/STM32F1xx_HAL_Driver/Src/stm32f1xx_ll_usb.c.obj
LOAD CMakeFiles/PRO58Pub.elf.dir/Drivers/STM32F1xx_HAL_Driver/Src/stm32f1xx_ll_utils.c.obj
LOAD CMakeFiles/PRO58Pub.elf.dir/Src/Adafruit_GFX_AS.cpp.obj
LOAD CMakeFiles/PRO58Pub.elf.dir/Src/DWT_Delay.c.obj
LOAD CMakeFiles/PRO58Pub.elf.dir/Src/Eeprom24C01_02.cpp.obj
LOAD CMakeFiles/PRO58Pub.elf.dir/Src/Print.cpp.obj
LOAD CMakeFiles/PRO58Pub.elf.dir/Src/SSD1306_STM32.cpp.obj
LOAD CMakeFiles/PRO58Pub.elf.dir/Src/adc.c.obj
LOAD CMakeFiles/PRO58Pub.elf.dir/Src/beeper.cpp.obj
LOAD CMakeFiles/PRO58Pub.elf.dir/Src/buttons.cpp.obj
LOAD CMakeFiles/PRO58Pub.elf.dir/Src/channels.cpp.obj
LOAD CMakeFiles/PRO58Pub.elf.dir/Src/dma.c.obj
LOAD CMakeFiles/PRO58Pub.elf.dir/Src/eeprom_emulated.cpp.obj
LOAD CMakeFiles/PRO58Pub.elf.dir/Src/fatshark_pins.cpp.obj
LOAD CMakeFiles/PRO58Pub.elf.dir/Src/filter.c.obj
LOAD CMakeFiles/PRO58Pub.elf.dir/Src/glcdfont.c.obj
LOAD CMakeFiles/PRO58Pub.elf.dir/Src/gpio.c.obj
LOAD CMakeFiles/PRO58Pub.elf.dir/Src/i2c.c.obj
LOAD CMakeFiles/PRO58Pub.elf.dir/Src/i2c_reset.c.obj
LOAD CMakeFiles/PRO58Pub.elf.dir/Src/main.cpp.obj
LOAD CMakeFiles/PRO58Pub.elf.dir/Src/receiver.cpp.obj
LOAD CMakeFiles/PRO58Pub.elf.dir/Src/receiver_spi.cpp.obj
LOAD CMakeFiles/PRO58Pub.elf.dir/Src/settings_eeprom.cpp.obj
LOAD CMakeFiles/PRO58Pub.elf.dir/Src/state.cpp.obj
LOAD CMakeFiles/PRO58Pub.elf.dir/Src/state_bandscan.cpp.obj
LOAD CMakeFiles/PRO58Pub.elf.dir/Src/state_favourite_screen.cpp.obj
LOAD CMakeFiles/PRO58Pub.elf.dir/Src/state_favourite_screen_ui.cpp.obj
LOAD CMakeFiles/PRO58Pub.elf.dir/Src/state_graph_base_ui.cpp.obj
LOAD CMakeFiles/PRO58Pub.elf.dir/Src/state_menu.cpp.obj
LOAD CMakeFiles/PRO58Pub.elf.dir/Src/state_menu_ui.cpp.obj
LOAD CMakeFiles/PRO58Pub.elf.dir/Src/state_screensaver.cpp.obj
LOAD CMakeFiles/PRO58Pub.elf.dir/Src/state_search.cpp.obj
LOAD CMakeFiles/PRO58Pub.elf.dir/Src/state_search_ui.cpp.obj
LOAD CMakeFiles/PRO58Pub.elf.dir/Src/state_settings.cpp.obj
LOAD CMakeFiles/PRO58Pub.elf.dir/Src/state_settings_callsign.cpp.obj
LOAD CMakeFiles/PRO58Pub.elf.dir/Src/state_settings_favourites.cpp.obj
LOAD CMakeFiles/PRO58Pub.elf.dir/Src/state_settings_rssi.cpp.obj
LOAD CMakeFiles/PRO58Pub.elf.dir/Src/state_settings_ui.cpp.obj
LOAD CMakeFiles/PRO58Pub.elf.dir/Src/stm32f1xx_hal_msp.cpp.obj
LOAD CMakeFiles/PRO58Pub.elf.dir/Src/stm32f1xx_it.cpp.obj
LOAD CMakeFiles/PRO58Pub.elf.dir/Src/system_stm32f1xx.c.obj
LOAD CMakeFiles/PRO58Pub.elf.dir/Src/tim.c.obj
LOAD CMakeFiles/PRO58Pub.elf.dir/Src/timer.cpp.obj
LOAD CMakeFiles/PRO58Pub.elf.dir/Src/ui.cpp.obj
LOAD CMakeFiles/PRO58Pub.elf.dir/Src/ui_menu.cpp.obj
LOAD CMakeFiles/PRO58Pub.elf.dir/Src/ui_settings_menu.cpp.obj
LOAD CMakeFiles/PRO58Pub.elf.dir/Src/ui_state_menu.cpp.obj
LOAD CMakeFiles/PRO58Pub.elf.dir/Src/usart.c.obj
LOAD CMakeFiles/PRO58Pub.elf.dir/startup/startup_stm32f103xb.s.obj
LOAD /usr/local/Cellar/gcc-arm-none-eabi-63/20170628/bin/../lib/gcc/arm-none-eabi/6.3.1/../../../../arm-none-eabi/lib/thumb/v7-m/libstdc++_nano.a
LOAD /usr/local/Cellar/gcc-arm-none-eabi-63/20170628/bin/../lib/gcc/arm-none-eabi/6.3.1/../../../../arm-none-eabi/lib/thumb/v7-m/libm.a
START GROUP
LOAD /usr/local/Cellar/gcc-arm-none-eabi-63/20170628/bin/../lib/gcc/arm-none-eabi/6.3.1/thumb/v7-m/libgcc.a
LOAD /usr/local/Cellar/gcc-arm-none-eabi-63/20170628/bin/../lib/gcc/arm-none-eabi/6.3.1/../../../../arm-none-eabi/lib/thumb/v7-m/libg_nano.a
LOAD /usr/local/Cellar/gcc-arm-none-eabi-63/20170628/bin/../lib/gcc/arm-none-eabi/6.3.1/../../../../arm-none-eabi/lib/thumb/v7-m/libc_nano.a
END GROUP
START GROUP
LOAD /usr/local/Cellar/gcc-arm-none-eabi-63/20170628/bin/../lib/gcc/arm-none-eabi/6.3.1/thumb/v7-m/libgcc.a
LOAD /usr/local/Cellar/gcc-arm-none-eabi-63/20170628/bin/../lib/gcc/arm-none-eabi/6.3.1/../../../../arm-none-eabi/lib/thumb/v7-m/libc_nano.a
LOAD /usr/local/Cellar/gcc-arm-none-eabi-63/20170628/bin/../lib/gcc/arm-none-eabi/6.3.1/../../../../arm-none-eabi/lib/thumb/v7-m/libnosys.a
END GROUP
START GROUP
LOAD /usr/local/Cellar/gcc-arm-none-eabi-63/20170628/bin/../lib/gcc/arm-none-eabi/6.3.1/thumb/v7-m/libgcc.a
LOAD /usr/local/Cellar/gcc-arm-none-eabi-63/20170628/bin/../lib/gcc/arm-none-eabi/6.3.1/../../../../arm-none-eabi/lib/thumb/v7-m/libc_nano.a
LOAD /usr/local/Cellar/gcc-arm-none-eabi-63/20170628/bin/../lib/gcc/arm-none-eabi/6.3.1/../../../../arm-none-eabi/lib/thumb/v7-m/libnosys.a
END GROUP
LOAD /usr/local/Cellar/gcc-arm-none-eabi-63/20170628/bin/../lib/gcc/arm-none-eabi/6.3.1/thumb/v7-m/crtend.o
LOAD /usr/local/Cellar/gcc-arm-none-eabi-63/20170628/bin/../lib/gcc/arm-none-eabi/6.3.1/thumb/v7-m/crtn.o
                0x0000000020005000                _estack = 0x20005000
                0x0000000000000200                _Min_Heap_Size = 0x200
                0x0000000000000400                _Min_Stack_Size = 0x400

.isr_vector     0x0000000008000000      0x10c
                0x0000000008000000                . = ALIGN (0x4)
 *(.isr_vector)
 .isr_vector    0x0000000008000000      0x10c CMakeFiles/PRO58Pub.elf.dir/startup/startup_stm32f103xb.s.obj
                0x0000000008000000                g_pfnVectors
                0x000000000800010c                . = ALIGN (0x4)

.text           0x000000000800010c     0xeaf4
                0x000000000800010c                . = ALIGN (0x4)
 *(.text)
 .text          0x000000000800010c       0x6c /usr/local/Cellar/gcc-arm-none-eabi-63/20170628/bin/../lib/gcc/arm-none-eabi/6.3.1/thumb/v7-m/crtbegin.o
 .text          0x0000000008000178      0x2a0 /usr/local/Cellar/gcc-arm-none-eabi-63/20170628/bin/../lib/gcc/arm-none-eabi/6.3.1/thumb/v7-m/libgcc.a(_arm_muldivsf3.o)
                0x0000000008000178                __mulsf3
                0x0000000008000178                __aeabi_fmul
                0x00000000080002e0                __divsf3
                0x00000000080002e0                __aeabi_fdiv
 .text          0x0000000008000418       0x40 /usr/local/Cellar/gcc-arm-none-eabi-63/20170628/bin/../lib/gcc/arm-none-eabi/6.3.1/thumb/v7-m/libgcc.a(_arm_fixunssfsi.o)
                0x0000000008000418                __aeabi_f2uiz
                0x0000000008000418                __fixunssfsi
 .text          0x0000000008000458       0x30 /usr/local/Cellar/gcc-arm-none-eabi-63/20170628/bin/../lib/gcc/arm-none-eabi/6.3.1/thumb/v7-m/libgcc.a(_aeabi_uldivmod.o)
                0x0000000008000458                __aeabi_uldivmod
 .text          0x0000000008000488      0x2dc /usr/local/Cellar/gcc-arm-none-eabi-63/20170628/bin/../lib/gcc/arm-none-eabi/6.3.1/thumb/v7-m/libgcc.a(_udivmoddi4.o)
                0x0000000008000488                __udivmoddi4
 .text          0x0000000008000764      0x9dc /usr/local/Cellar/gcc-arm-none-eabi-63/20170628/bin/../lib/gcc/arm-none-eabi/6.3.1/thumb/v7-m/libgcc.a(unwind-arm.o)
                0x0000000008000a28                _Unwind_GetCFA
                0x0000000008000a2c                __gnu_Unwind_RaiseException
                0x0000000008000a8c                __gnu_Unwind_ForcedUnwind
                0x0000000008000aa0                __gnu_Unwind_Resume
                0x0000000008000ae4                __gnu_Unwind_Resume_or_Rethrow
                0x0000000008000af8                _Unwind_Complete
                0x0000000008000afc                _Unwind_DeleteException
                0x0000000008000b08                _Unwind_VRS_Get
                0x0000000008000b54                _Unwind_VRS_Set
                0x0000000008000ba4                __gnu_Unwind_Backtrace
                0x0000000008000ee8                __aeabi_unwind_cpp_pr0
                0x0000000008000eec                __aeabi_unwind_cpp_pr1
                0x0000000008000ef0                __aeabi_unwind_cpp_pr2
                0x0000000008000ef4                _Unwind_VRS_Pop
 .text          0x0000000008001140      0x1ac /usr/local/Cellar/gcc-arm-none-eabi-63/20170628/bin/../lib/gcc/arm-none-eabi/6.3.1/thumb/v7-m/libgcc.a(libunwind.o)
                0x0000000008001140                __restore_core_regs
                0x0000000008001140                restore_core_regs
                0x0000000008001158                __gnu_Unwind_Restore_VFP
                0x0000000008001160                __gnu_Unwind_Save_VFP
                0x0000000008001168                __gnu_Unwind_Restore_VFP_D
                0x0000000008001170                __gnu_Unwind_Save_VFP_D
                0x0000000008001178                __gnu_Unwind_Restore_VFP_D_16_to_31
                0x0000000008001180                __gnu_Unwind_Save_VFP_D_16_to_31
                0x0000000008001188                __gnu_Unwind_Restore_WMMXD
                0x00000000080011cc                __gnu_Unwind_Save_WMMXD
                0x0000000008001210                __gnu_Unwind_Restore_WMMXC
                0x0000000008001224                __gnu_Unwind_Save_WMMXC
                0x0000000008001238                _Unwind_RaiseException
                0x0000000008001238                ___Unwind_RaiseException
                0x000000000800125c                ___Unwind_Resume
                0x000000000800125c                _Unwind_Resume
                0x0000000008001280                ___Unwind_Resume_or_Rethrow
                0x0000000008001280                _Unwind_Resume_or_Rethrow
                0x00000000080012a4                _Unwind_ForcedUnwind
                0x00000000080012a4                ___Unwind_ForcedUnwind
                0x00000000080012c8                _Unwind_Backtrace
                0x00000000080012c8                ___Unwind_Backtrace
 .text          0x00000000080012ec      0x384 /usr/local/Cellar/gcc-arm-none-eabi-63/20170628/bin/../lib/gcc/arm-none-eabi/6.3.1/thumb/v7-m/libgcc.a(pr-support.o)
                0x0000000008001344                __gnu_unwind_execute
                0x0000000008001614                __gnu_unwind_frame
                0x0000000008001640                _Unwind_GetRegionStart
                0x000000000800164c                _Unwind_GetLanguageSpecificData
                0x0000000008001660                _Unwind_GetTextRelBase
                0x0000000008001668                _Unwind_GetDataRelBase
 .text          0x0000000008001670        0x4 /usr/local/Cellar/gcc-arm-none-eabi-63/20170628/bin/../lib/gcc/arm-none-eabi/6.3.1/thumb/v7-m/libgcc.a(_dvmd_tls.o)
                0x0000000008001670                __aeabi_ldiv0
                0x0000000008001670                __aeabi_idiv0
 .text          0x0000000008001674       0x14 /usr/local/Cellar/gcc-arm-none-eabi-63/20170628/bin/../lib/gcc/arm-none-eabi/6.3.1/../../../../arm-none-eabi/lib/thumb/v7-m/libg_nano.a(lib_a-strcmp.o)
                0x0000000008001674                strcmp
 .text          0x0000000008001688       0x10 /usr/local/Cellar/gcc-arm-none-eabi-63/20170628/bin/../lib/gcc/arm-none-eabi/6.3.1/../../../../arm-none-eabi/lib/thumb/v7-m/libg_nano.a(lib_a-strlen.o)
                0x0000000008001688                strlen
 *(.text*)
 .text.HAL_Init
                0x0000000008001698       0x2c CMakeFiles/PRO58Pub.elf.dir/Drivers/STM32F1xx_HAL_Driver/Src/stm32f1xx_hal.c.obj
                0x0000000008001698                HAL_Init
 .text.HAL_InitTick
                0x00000000080016c4       0x38 CMakeFiles/PRO58Pub.elf.dir/Drivers/STM32F1xx_HAL_Driver/Src/stm32f1xx_hal.c.obj
                0x00000000080016c4                HAL_InitTick
 .text.HAL_IncTick
                0x00000000080016fc       0x1c CMakeFiles/PRO58Pub.elf.dir/Drivers/STM32F1xx_HAL_Driver/Src/stm32f1xx_hal.c.obj
                0x00000000080016fc                HAL_IncTick
 .text.HAL_GetTick
                0x0000000008001718       0x14 CMakeFiles/PRO58Pub.elf.dir/Drivers/STM32F1xx_HAL_Driver/Src/stm32f1xx_hal.c.obj
                0x0000000008001718                HAL_GetTick
 .text.HAL_Delay
                0x000000000800172c       0x3a CMakeFiles/PRO58Pub.elf.dir/Drivers/STM32F1xx_HAL_Driver/Src/stm32f1xx_hal.c.obj
                0x000000000800172c                HAL_Delay
 *fill*         0x0000000008001766        0x2 
 .text.HAL_ADC_Init
                0x0000000008001768      0x1b0 CMakeFiles/PRO58Pub.elf.dir/Drivers/STM32F1xx_HAL_Driver/Src/stm32f1xx_hal_adc.c.obj
                0x0000000008001768                HAL_ADC_Init
 .text.HAL_ADC_Start_DMA
                0x0000000008001918      0x1bc CMakeFiles/PRO58Pub.elf.dir/Drivers/STM32F1xx_HAL_Driver/Src/stm32f1xx_hal_adc.c.obj
                0x0000000008001918                HAL_ADC_Start_DMA
 .text.HAL_ADC_ConvCpltCallback
                0x0000000008001ad4       0x12 CMakeFiles/PRO58Pub.elf.dir/Drivers/STM32F1xx_HAL_Driver/Src/stm32f1xx_hal_adc.c.obj
                0x0000000008001ad4                HAL_ADC_ConvCpltCallback
 .text.HAL_ADC_ConvHalfCpltCallback
                0x0000000008001ae6       0x12 CMakeFiles/PRO58Pub.elf.dir/Drivers/STM32F1xx_HAL_Driver/Src/stm32f1xx_hal_adc.c.obj
                0x0000000008001ae6                HAL_ADC_ConvHalfCpltCallback
 .text.HAL_ADC_ErrorCallback
                0x0000000008001af8       0x12 CMakeFiles/PRO58Pub.elf.dir/Drivers/STM32F1xx_HAL_Driver/Src/stm32f1xx_hal_adc.c.obj
                0x0000000008001af8                HAL_ADC_ErrorCallback
 *fill*         0x0000000008001b0a        0x2 
 .text.HAL_ADC_ConfigChannel
                0x0000000008001b0c      0x1f0 CMakeFiles/PRO58Pub.elf.dir/Drivers/STM32F1xx_HAL_Driver/Src/stm32f1xx_hal_adc.c.obj
                0x0000000008001b0c                HAL_ADC_ConfigChannel
 .text.ADC_Enable
                0x0000000008001cfc       0xa4 CMakeFiles/PRO58Pub.elf.dir/Drivers/STM32F1xx_HAL_Driver/Src/stm32f1xx_hal_adc.c.obj
                0x0000000008001cfc                ADC_Enable
 .text.ADC_ConversionStop_Disable
                0x0000000008001da0       0x74 CMakeFiles/PRO58Pub.elf.dir/Drivers/STM32F1xx_HAL_Driver/Src/stm32f1xx_hal_adc.c.obj
                0x0000000008001da0                ADC_ConversionStop_Disable
 .text.ADC_DMAConvCplt
                0x0000000008001e14       0x7c CMakeFiles/PRO58Pub.elf.dir/Drivers/STM32F1xx_HAL_Driver/Src/stm32f1xx_hal_adc.c.obj
                0x0000000008001e14                ADC_DMAConvCplt
 .text.ADC_DMAHalfConvCplt
                0x0000000008001e90       0x1c CMakeFiles/PRO58Pub.elf.dir/Drivers/STM32F1xx_HAL_Driver/Src/stm32f1xx_hal_adc.c.obj
                0x0000000008001e90                ADC_DMAHalfConvCplt
 .text.ADC_DMAError
                0x0000000008001eac       0x34 CMakeFiles/PRO58Pub.elf.dir/Drivers/STM32F1xx_HAL_Driver/Src/stm32f1xx_hal_adc.c.obj
                0x0000000008001eac                ADC_DMAError
 .text.NVIC_SetPriorityGrouping
                0x0000000008001ee0       0x48 CMakeFiles/PRO58Pub.elf.dir/Drivers/STM32F1xx_HAL_Driver/Src/stm32f1xx_hal_cortex.c.obj
 .text.NVIC_GetPriorityGrouping
                0x0000000008001f28       0x1c CMakeFiles/PRO58Pub.elf.dir/Drivers/STM32F1xx_HAL_Driver/Src/stm32f1xx_hal_cortex.c.obj
 .text.NVIC_EnableIRQ
                0x0000000008001f44       0x30 CMakeFiles/PRO58Pub.elf.dir/Drivers/STM32F1xx_HAL_Driver/Src/stm32f1xx_hal_cortex.c.obj
 .text.NVIC_SetPriority
                0x0000000008001f74       0x54 CMakeFiles/PRO58Pub.elf.dir/Drivers/STM32F1xx_HAL_Driver/Src/stm32f1xx_hal_cortex.c.obj
 .text.NVIC_EncodePriority
                0x0000000008001fc8       0x60 CMakeFiles/PRO58Pub.elf.dir/Drivers/STM32F1xx_HAL_Driver/Src/stm32f1xx_hal_cortex.c.obj
 .text.NVIC_SystemReset
                0x0000000008002028       0x28 CMakeFiles/PRO58Pub.elf.dir/Drivers/STM32F1xx_HAL_Driver/Src/stm32f1xx_hal_cortex.c.obj
 .text.SysTick_Config
                0x0000000008002050       0x44 CMakeFiles/PRO58Pub.elf.dir/Drivers/STM32F1xx_HAL_Driver/Src/stm32f1xx_hal_cortex.c.obj
 .text.HAL_NVIC_SetPriorityGrouping
                0x0000000008002094       0x16 CMakeFiles/PRO58Pub.elf.dir/Drivers/STM32F1xx_HAL_Driver/Src/stm32f1xx_hal_cortex.c.obj
                0x0000000008002094                HAL_NVIC_SetPriorityGrouping
 .text.HAL_NVIC_SetPriority
                0x00000000080020aa       0x38 CMakeFiles/PRO58Pub.elf.dir/Drivers/STM32F1xx_HAL_Driver/Src/stm32f1xx_hal_cortex.c.obj
                0x00000000080020aa                HAL_NVIC_SetPriority
 .text.HAL_NVIC_EnableIRQ
                0x00000000080020e2       0x1c CMakeFiles/PRO58Pub.elf.dir/Drivers/STM32F1xx_HAL_Driver/Src/stm32f1xx_hal_cortex.c.obj
                0x00000000080020e2                HAL_NVIC_EnableIRQ
 .text.HAL_NVIC_SystemReset
                0x00000000080020fe        0xc CMakeFiles/PRO58Pub.elf.dir/Drivers/STM32F1xx_HAL_Driver/Src/stm32f1xx_hal_cortex.c.obj
                0x00000000080020fe                HAL_NVIC_SystemReset
 .text.HAL_SYSTICK_Config
                0x000000000800210a       0x18 CMakeFiles/PRO58Pub.elf.dir/Drivers/STM32F1xx_HAL_Driver/Src/stm32f1xx_hal_cortex.c.obj
                0x000000000800210a                HAL_SYSTICK_Config
 *fill*         0x0000000008002122        0x2 
 .text.HAL_SYSTICK_CLKSourceConfig
                0x0000000008002124       0x38 CMakeFiles/PRO58Pub.elf.dir/Drivers/STM32F1xx_HAL_Driver/Src/stm32f1xx_hal_cortex.c.obj
                0x0000000008002124                HAL_SYSTICK_CLKSourceConfig
 .text.HAL_SYSTICK_IRQHandler
                0x000000000800215c        0xc CMakeFiles/PRO58Pub.elf.dir/Drivers/STM32F1xx_HAL_Driver/Src/stm32f1xx_hal_cortex.c.obj
                0x000000000800215c                HAL_SYSTICK_IRQHandler
 .text.HAL_SYSTICK_Callback
                0x0000000008002168        0xc CMakeFiles/PRO58Pub.elf.dir/Drivers/STM32F1xx_HAL_Driver/Src/stm32f1xx_hal_cortex.c.obj
                0x0000000008002168                HAL_SYSTICK_Callback
 .text.HAL_DMA_Init
                0x0000000008002174       0xcc CMakeFiles/PRO58Pub.elf.dir/Drivers/STM32F1xx_HAL_Driver/Src/stm32f1xx_hal_dma.c.obj
                0x0000000008002174                HAL_DMA_Init
 .text.HAL_DMA_Start_IT
                0x0000000008002240       0xbe CMakeFiles/PRO58Pub.elf.dir/Drivers/STM32F1xx_HAL_Driver/Src/stm32f1xx_hal_dma.c.obj
                0x0000000008002240                HAL_DMA_Start_IT
 *fill*         0x00000000080022fe        0x2 
 .text.HAL_DMA_Abort_IT
                0x0000000008002300       0xf8 CMakeFiles/PRO58Pub.elf.dir/Drivers/STM32F1xx_HAL_Driver/Src/stm32f1xx_hal_dma.c.obj
                0x0000000008002300                HAL_DMA_Abort_IT
 .text.HAL_DMA_IRQHandler
                0x00000000080023f8      0x224 CMakeFiles/PRO58Pub.elf.dir/Drivers/STM32F1xx_HAL_Driver/Src/stm32f1xx_hal_dma.c.obj
                0x00000000080023f8                HAL_DMA_IRQHandler
 .text.DMA_SetConfig
                0x000000000800261c       0x5a CMakeFiles/PRO58Pub.elf.dir/Drivers/STM32F1xx_HAL_Driver/Src/stm32f1xx_hal_dma.c.obj
 *fill*         0x0000000008002676        0x2 
 .text.HAL_GPIO_Init
                0x0000000008002678      0x2bc CMakeFiles/PRO58Pub.elf.dir/Drivers/STM32F1xx_HAL_Driver/Src/stm32f1xx_hal_gpio.c.obj
                0x0000000008002678                HAL_GPIO_Init
 .text.HAL_GPIO_DeInit
                0x0000000008002934      0x184 CMakeFiles/PRO58Pub.elf.dir/Drivers/STM32F1xx_HAL_Driver/Src/stm32f1xx_hal_gpio.c.obj
                0x0000000008002934                HAL_GPIO_DeInit
 .text.HAL_GPIO_ReadPin
                0x0000000008002ab8       0x2e CMakeFiles/PRO58Pub.elf.dir/Drivers/STM32F1xx_HAL_Driver/Src/stm32f1xx_hal_gpio.c.obj
                0x0000000008002ab8                HAL_GPIO_ReadPin
 .text.HAL_GPIO_WritePin
                0x0000000008002ae6       0x30 CMakeFiles/PRO58Pub.elf.dir/Drivers/STM32F1xx_HAL_Driver/Src/stm32f1xx_hal_gpio.c.obj
                0x0000000008002ae6                HAL_GPIO_WritePin
 *fill*         0x0000000008002b16        0x2 
 .text.HAL_I2C_Init
                0x0000000008002b18      0x1c0 CMakeFiles/PRO58Pub.elf.dir/Drivers/STM32F1xx_HAL_Driver/Src/stm32f1xx_hal_i2c.c.obj
                0x0000000008002b18                HAL_I2C_Init
 .text.HAL_I2C_Mem_Write
                0x0000000008002cd8      0x214 CMakeFiles/PRO58Pub.elf.dir/Drivers/STM32F1xx_HAL_Driver/Src/stm32f1xx_hal_i2c.c.obj
                0x0000000008002cd8                HAL_I2C_Mem_Write
 .text.HAL_I2C_Mem_Read
                0x0000000008002eec      0x484 CMakeFiles/PRO58Pub.elf.dir/Drivers/STM32F1xx_HAL_Driver/Src/stm32f1xx_hal_i2c.c.obj
                0x0000000008002eec                HAL_I2C_Mem_Read
 .text.HAL_I2C_Mem_Write_DMA
                0x0000000008003370      0x1d4 CMakeFiles/PRO58Pub.elf.dir/Drivers/STM32F1xx_HAL_Driver/Src/stm32f1xx_hal_i2c.c.obj
                0x0000000008003370                HAL_I2C_Mem_Write_DMA
 .text.HAL_I2C_IsDeviceReady
                0x0000000008003544      0x260 CMakeFiles/PRO58Pub.elf.dir/Drivers/STM32F1xx_HAL_Driver/Src/stm32f1xx_hal_i2c.c.obj
                0x0000000008003544                HAL_I2C_IsDeviceReady
 .text.HAL_I2C_EV_IRQHandler
                0x00000000080037a4      0x208 CMakeFiles/PRO58Pub.elf.dir/Drivers/STM32F1xx_HAL_Driver/Src/stm32f1xx_hal_i2c.c.obj
                0x00000000080037a4                HAL_I2C_EV_IRQHandler
 .text.HAL_I2C_ER_IRQHandler
                0x00000000080039ac      0x164 CMakeFiles/PRO58Pub.elf.dir/Drivers/STM32F1xx_HAL_Driver/Src/stm32f1xx_hal_i2c.c.obj
                0x00000000080039ac                HAL_I2C_ER_IRQHandler
 .text.HAL_I2C_MasterTxCpltCallback
                0x0000000008003b10       0x12 CMakeFiles/PRO58Pub.elf.dir/Drivers/STM32F1xx_HAL_Driver/Src/stm32f1xx_hal_i2c.c.obj
                0x0000000008003b10                HAL_I2C_MasterTxCpltCallback
 .text.HAL_I2C_MasterRxCpltCallback
                0x0000000008003b22       0x12 CMakeFiles/PRO58Pub.elf.dir/Drivers/STM32F1xx_HAL_Driver/Src/stm32f1xx_hal_i2c.c.obj
                0x0000000008003b22                HAL_I2C_MasterRxCpltCallback
 .text.HAL_I2C_SlaveTxCpltCallback
                0x0000000008003b34       0x12 CMakeFiles/PRO58Pub.elf.dir/Drivers/STM32F1xx_HAL_Driver/Src/stm32f1xx_hal_i2c.c.obj
                0x0000000008003b34                HAL_I2C_SlaveTxCpltCallback
 .text.HAL_I2C_SlaveRxCpltCallback
                0x0000000008003b46       0x12 CMakeFiles/PRO58Pub.elf.dir/Drivers/STM32F1xx_HAL_Driver/Src/stm32f1xx_hal_i2c.c.obj
                0x0000000008003b46                HAL_I2C_SlaveRxCpltCallback
 .text.HAL_I2C_AddrCallback
                0x0000000008003b58       0x1a CMakeFiles/PRO58Pub.elf.dir/Drivers/STM32F1xx_HAL_Driver/Src/stm32f1xx_hal_i2c.c.obj
                0x0000000008003b58                HAL_I2C_AddrCallback
 .text.HAL_I2C_ListenCpltCallback
                0x0000000008003b72       0x12 CMakeFiles/PRO58Pub.elf.dir/Drivers/STM32F1xx_HAL_Driver/Src/stm32f1xx_hal_i2c.c.obj
                0x0000000008003b72                HAL_I2C_ListenCpltCallback
 .text.HAL_I2C_MemTxCpltCallback
                0x0000000008003b84       0x12 CMakeFiles/PRO58Pub.elf.dir/Drivers/STM32F1xx_HAL_Driver/Src/stm32f1xx_hal_i2c.c.obj
                0x0000000008003b84                HAL_I2C_MemTxCpltCallback
 .text.HAL_I2C_MemRxCpltCallback
                0x0000000008003b96       0x12 CMakeFiles/PRO58Pub.elf.dir/Drivers/STM32F1xx_HAL_Driver/Src/stm32f1xx_hal_i2c.c.obj
                0x0000000008003b96                HAL_I2C_MemRxCpltCallback
 .text.HAL_I2C_ErrorCallback
                0x0000000008003ba8       0x12 CMakeFiles/PRO58Pub.elf.dir/Drivers/STM32F1xx_HAL_Driver/Src/stm32f1xx_hal_i2c.c.obj
                0x0000000008003ba8                HAL_I2C_ErrorCallback
 .text.HAL_I2C_AbortCpltCallback
                0x0000000008003bba       0x12 CMakeFiles/PRO58Pub.elf.dir/Drivers/STM32F1xx_HAL_Driver/Src/stm32f1xx_hal_i2c.c.obj
                0x0000000008003bba                HAL_I2C_AbortCpltCallback
 .text.HAL_I2C_GetState
                0x0000000008003bcc       0x1a CMakeFiles/PRO58Pub.elf.dir/Drivers/STM32F1xx_HAL_Driver/Src/stm32f1xx_hal_i2c.c.obj
                0x0000000008003bcc                HAL_I2C_GetState
 .text.I2C_MasterTransmit_TXE
                0x0000000008003be6      0x1ea CMakeFiles/PRO58Pub.elf.dir/Drivers/STM32F1xx_HAL_Driver/Src/stm32f1xx_hal_i2c.c.obj
 .text.I2C_MasterTransmit_BTF
                0x0000000008003dd0       0xea CMakeFiles/PRO58Pub.elf.dir/Drivers/STM32F1xx_HAL_Driver/Src/stm32f1xx_hal_i2c.c.obj
 .text.I2C_MasterReceive_RXNE
                0x0000000008003eba      0x142 CMakeFiles/PRO58Pub.elf.dir/Drivers/STM32F1xx_HAL_Driver/Src/stm32f1xx_hal_i2c.c.obj
 .text.I2C_MasterReceive_BTF
                0x0000000008003ffc      0x182 CMakeFiles/PRO58Pub.elf.dir/Drivers/STM32F1xx_HAL_Driver/Src/stm32f1xx_hal_i2c.c.obj
 .text.I2C_Master_SB
                0x000000000800417e       0xd4 CMakeFiles/PRO58Pub.elf.dir/Drivers/STM32F1xx_HAL_Driver/Src/stm32f1xx_hal_i2c.c.obj
 .text.I2C_Master_ADD10
                0x0000000008004252       0x20 CMakeFiles/PRO58Pub.elf.dir/Drivers/STM32F1xx_HAL_Driver/Src/stm32f1xx_hal_i2c.c.obj
 .text.I2C_Master_ADDR
                0x0000000008004272      0x2da CMakeFiles/PRO58Pub.elf.dir/Drivers/STM32F1xx_HAL_Driver/Src/stm32f1xx_hal_i2c.c.obj
 .text.I2C_SlaveTransmit_TXE
                0x000000000800454c       0x7a CMakeFiles/PRO58Pub.elf.dir/Drivers/STM32F1xx_HAL_Driver/Src/stm32f1xx_hal_i2c.c.obj
 .text.I2C_SlaveTransmit_BTF
                0x00000000080045c6       0x3e CMakeFiles/PRO58Pub.elf.dir/Drivers/STM32F1xx_HAL_Driver/Src/stm32f1xx_hal_i2c.c.obj
 .text.I2C_SlaveReceive_RXNE
                0x0000000008004604       0x7c CMakeFiles/PRO58Pub.elf.dir/Drivers/STM32F1xx_HAL_Driver/Src/stm32f1xx_hal_i2c.c.obj
 .text.I2C_SlaveReceive_BTF
                0x0000000008004680       0x40 CMakeFiles/PRO58Pub.elf.dir/Drivers/STM32F1xx_HAL_Driver/Src/stm32f1xx_hal_i2c.c.obj
 .text.I2C_Slave_ADDR
                0x00000000080046c0       0x54 CMakeFiles/PRO58Pub.elf.dir/Drivers/STM32F1xx_HAL_Driver/Src/stm32f1xx_hal_i2c.c.obj
 .text.I2C_Slave_STOPF
                0x0000000008004714      0x18c CMakeFiles/PRO58Pub.elf.dir/Drivers/STM32F1xx_HAL_Driver/Src/stm32f1xx_hal_i2c.c.obj
 .text.I2C_Slave_AF
                0x00000000080048a0       0xe4 CMakeFiles/PRO58Pub.elf.dir/Drivers/STM32F1xx_HAL_Driver/Src/stm32f1xx_hal_i2c.c.obj
 .text.I2C_ITError
                0x0000000008004984      0x208 CMakeFiles/PRO58Pub.elf.dir/Drivers/STM32F1xx_HAL_Driver/Src/stm32f1xx_hal_i2c.c.obj
 .text.I2C_RequestMemoryWrite
                0x0000000008004b8c      0x124 CMakeFiles/PRO58Pub.elf.dir/Drivers/STM32F1xx_HAL_Driver/Src/stm32f1xx_hal_i2c.c.obj
 .text.I2C_RequestMemoryRead
                0x0000000008004cb0      0x1c4 CMakeFiles/PRO58Pub.elf.dir/Drivers/STM32F1xx_HAL_Driver/Src/stm32f1xx_hal_i2c.c.obj
 .text.I2C_DMAXferCplt
                0x0000000008004e74       0xec CMakeFiles/PRO58Pub.elf.dir/Drivers/STM32F1xx_HAL_Driver/Src/stm32f1xx_hal_i2c.c.obj
 .text.I2C_DMAError
                0x0000000008004f60       0x4e CMakeFiles/PRO58Pub.elf.dir/Drivers/STM32F1xx_HAL_Driver/Src/stm32f1xx_hal_i2c.c.obj
 .text.I2C_DMAAbort
                0x0000000008004fae       0x9c CMakeFiles/PRO58Pub.elf.dir/Drivers/STM32F1xx_HAL_Driver/Src/stm32f1xx_hal_i2c.c.obj
 .text.I2C_WaitOnFlagUntilTimeout
                0x000000000800504a       0xa2 CMakeFiles/PRO58Pub.elf.dir/Drivers/STM32F1xx_HAL_Driver/Src/stm32f1xx_hal_i2c.c.obj
 .text.I2C_WaitOnMasterAddressFlagUntilTimeout
                0x00000000080050ec       0xdc CMakeFiles/PRO58Pub.elf.dir/Drivers/STM32F1xx_HAL_Driver/Src/stm32f1xx_hal_i2c.c.obj
 .text.I2C_WaitOnTXEFlagUntilTimeout
                0x00000000080051c8       0x7a CMakeFiles/PRO58Pub.elf.dir/Drivers/STM32F1xx_HAL_Driver/Src/stm32f1xx_hal_i2c.c.obj
 .text.I2C_WaitOnBTFFlagUntilTimeout
                0x0000000008005242       0x7a CMakeFiles/PRO58Pub.elf.dir/Drivers/STM32F1xx_HAL_Driver/Src/stm32f1xx_hal_i2c.c.obj
 .text.I2C_WaitOnRXNEFlagUntilTimeout
                0x00000000080052bc       0x94 CMakeFiles/PRO58Pub.elf.dir/Drivers/STM32F1xx_HAL_Driver/Src/stm32f1xx_hal_i2c.c.obj
 .text.I2C_IsAcknowledgeFailed
                0x0000000008005350       0x4e CMakeFiles/PRO58Pub.elf.dir/Drivers/STM32F1xx_HAL_Driver/Src/stm32f1xx_hal_i2c.c.obj
 *fill*         0x000000000800539e        0x2 
 .text.HAL_RCC_OscConfig
                0x00000000080053a0      0x4c8 CMakeFiles/PRO58Pub.elf.dir/Drivers/STM32F1xx_HAL_Driver/Src/stm32f1xx_hal_rcc.c.obj
                0x00000000080053a0                HAL_RCC_OscConfig
 .text.HAL_RCC_ClockConfig
                0x0000000008005868      0x1e8 CMakeFiles/PRO58Pub.elf.dir/Drivers/STM32F1xx_HAL_Driver/Src/stm32f1xx_hal_rcc.c.obj
                0x0000000008005868                HAL_RCC_ClockConfig
 .text.HAL_RCC_GetSysClockFreq
                0x0000000008005a50       0xc4 CMakeFiles/PRO58Pub.elf.dir/Drivers/STM32F1xx_HAL_Driver/Src/stm32f1xx_hal_rcc.c.obj
                0x0000000008005a50                HAL_RCC_GetSysClockFreq
 .text.HAL_RCC_GetHCLKFreq
                0x0000000008005b14       0x14 CMakeFiles/PRO58Pub.elf.dir/Drivers/STM32F1xx_HAL_Driver/Src/stm32f1xx_hal_rcc.c.obj
                0x0000000008005b14                HAL_RCC_GetHCLKFreq
 .text.HAL_RCC_GetPCLK1Freq
                0x0000000008005b28       0x28 CMakeFiles/PRO58Pub.elf.dir/Drivers/STM32F1xx_HAL_Driver/Src/stm32f1xx_hal_rcc.c.obj
                0x0000000008005b28                HAL_RCC_GetPCLK1Freq
 .text.HAL_RCC_GetPCLK2Freq
                0x0000000008005b50       0x28 CMakeFiles/PRO58Pub.elf.dir/Drivers/STM32F1xx_HAL_Driver/Src/stm32f1xx_hal_rcc.c.obj
                0x0000000008005b50                HAL_RCC_GetPCLK2Freq
 .text.RCC_Delay
                0x0000000008005b78       0x3c CMakeFiles/PRO58Pub.elf.dir/Drivers/STM32F1xx_HAL_Driver/Src/stm32f1xx_hal_rcc.c.obj
 .text.HAL_RCCEx_PeriphCLKConfig
                0x0000000008005bb4      0x16c CMakeFiles/PRO58Pub.elf.dir/Drivers/STM32F1xx_HAL_Driver/Src/stm32f1xx_hal_rcc_ex.c.obj
                0x0000000008005bb4                HAL_RCCEx_PeriphCLKConfig
 .text.HAL_TIM_Base_Init
                0x0000000008005d20       0x56 CMakeFiles/PRO58Pub.elf.dir/Drivers/STM32F1xx_HAL_Driver/Src/stm32f1xx_hal_tim.c.obj
                0x0000000008005d20                HAL_TIM_Base_Init
 .text.HAL_TIM_PWM_Init
                0x0000000008005d76       0x56 CMakeFiles/PRO58Pub.elf.dir/Drivers/STM32F1xx_HAL_Driver/Src/stm32f1xx_hal_tim.c.obj
                0x0000000008005d76                HAL_TIM_PWM_Init
 .text.HAL_TIM_PWM_MspInit
                0x0000000008005dcc       0x12 CMakeFiles/PRO58Pub.elf.dir/Drivers/STM32F1xx_HAL_Driver/Src/stm32f1xx_hal_tim.c.obj
                0x0000000008005dcc                HAL_TIM_PWM_MspInit
 *fill*         0x0000000008005dde        0x2 
 .text.HAL_TIM_PWM_Start
                0x0000000008005de0       0x50 CMakeFiles/PRO58Pub.elf.dir/Drivers/STM32F1xx_HAL_Driver/Src/stm32f1xx_hal_tim.c.obj
                0x0000000008005de0                HAL_TIM_PWM_Start
 .text.HAL_TIM_IRQHandler
                0x0000000008005e30      0x210 CMakeFiles/PRO58Pub.elf.dir/Drivers/STM32F1xx_HAL_Driver/Src/stm32f1xx_hal_tim.c.obj
                0x0000000008005e30                HAL_TIM_IRQHandler
 .text.HAL_TIM_PWM_ConfigChannel
                0x0000000008006040      0x18c CMakeFiles/PRO58Pub.elf.dir/Drivers/STM32F1xx_HAL_Driver/Src/stm32f1xx_hal_tim.c.obj
                0x0000000008006040                HAL_TIM_PWM_ConfigChannel
 .text.HAL_TIM_ConfigClockSource
                0x00000000080061cc      0x1b6 CMakeFiles/PRO58Pub.elf.dir/Drivers/STM32F1xx_HAL_Driver/Src/stm32f1xx_hal_tim.c.obj
                0x00000000080061cc                HAL_TIM_ConfigClockSource
 .text.HAL_TIM_PeriodElapsedCallback
                0x0000000008006382       0x12 CMakeFiles/PRO58Pub.elf.dir/Drivers/STM32F1xx_HAL_Driver/Src/stm32f1xx_hal_tim.c.obj
                0x0000000008006382                HAL_TIM_PeriodElapsedCallback
 .text.HAL_TIM_OC_DelayElapsedCallback
                0x0000000008006394       0x12 CMakeFiles/PRO58Pub.elf.dir/Drivers/STM32F1xx_HAL_Driver/Src/stm32f1xx_hal_tim.c.obj
                0x0000000008006394                HAL_TIM_OC_DelayElapsedCallback
 .text.HAL_TIM_IC_CaptureCallback
                0x00000000080063a6       0x12 CMakeFiles/PRO58Pub.elf.dir/Drivers/STM32F1xx_HAL_Driver/Src/stm32f1xx_hal_tim.c.obj
                0x00000000080063a6                HAL_TIM_IC_CaptureCallback
 .text.HAL_TIM_PWM_PulseFinishedCallback
                0x00000000080063b8       0x12 CMakeFiles/PRO58Pub.elf.dir/Drivers/STM32F1xx_HAL_Driver/Src/stm32f1xx_hal_tim.c.obj
                0x00000000080063b8                HAL_TIM_PWM_PulseFinishedCallback
 .text.HAL_TIM_TriggerCallback
                0x00000000080063ca       0x12 CMakeFiles/PRO58Pub.elf.dir/Drivers/STM32F1xx_HAL_Driver/Src/stm32f1xx_hal_tim.c.obj
                0x00000000080063ca                HAL_TIM_TriggerCallback
 .text.TIM_Base_SetConfig
                0x00000000080063dc       0xcc CMakeFiles/PRO58Pub.elf.dir/Drivers/STM32F1xx_HAL_Driver/Src/stm32f1xx_hal_tim.c.obj
                0x00000000080063dc                TIM_Base_SetConfig
 .text.TIM_OC1_SetConfig
                0x00000000080064a8       0xd8 CMakeFiles/PRO58Pub.elf.dir/Drivers/STM32F1xx_HAL_Driver/Src/stm32f1xx_hal_tim.c.obj
 .text.TIM_OC2_SetConfig
                0x0000000008006580       0xe0 CMakeFiles/PRO58Pub.elf.dir/Drivers/STM32F1xx_HAL_Driver/Src/stm32f1xx_hal_tim.c.obj
                0x0000000008006580                TIM_OC2_SetConfig
 .text.TIM_OC3_SetConfig
                0x0000000008006660       0xe0 CMakeFiles/PRO58Pub.elf.dir/Drivers/STM32F1xx_HAL_Driver/Src/stm32f1xx_hal_tim.c.obj
 .text.TIM_OC4_SetConfig
                0x0000000008006740       0xa8 CMakeFiles/PRO58Pub.elf.dir/Drivers/STM32F1xx_HAL_Driver/Src/stm32f1xx_hal_tim.c.obj
 .text.TIM_TI1_ConfigInputStage
                0x00000000080067e8       0x64 CMakeFiles/PRO58Pub.elf.dir/Drivers/STM32F1xx_HAL_Driver/Src/stm32f1xx_hal_tim.c.obj
 .text.TIM_TI2_ConfigInputStage
                0x000000000800684c       0x66 CMakeFiles/PRO58Pub.elf.dir/Drivers/STM32F1xx_HAL_Driver/Src/stm32f1xx_hal_tim.c.obj
 .text.TIM_ITRx_SetConfig
                0x00000000080068b2       0x3e CMakeFiles/PRO58Pub.elf.dir/Drivers/STM32F1xx_HAL_Driver/Src/stm32f1xx_hal_tim.c.obj
 .text.TIM_ETR_SetConfig
                0x00000000080068f0       0x42 CMakeFiles/PRO58Pub.elf.dir/Drivers/STM32F1xx_HAL_Driver/Src/stm32f1xx_hal_tim.c.obj
 .text.TIM_CCxChannelCmd
                0x0000000008006932       0x44 CMakeFiles/PRO58Pub.elf.dir/Drivers/STM32F1xx_HAL_Driver/Src/stm32f1xx_hal_tim.c.obj
                0x0000000008006932                TIM_CCxChannelCmd
 .text.HAL_TIMEx_MasterConfigSynchronization
                0x0000000008006976       0x88 CMakeFiles/PRO58Pub.elf.dir/Drivers/STM32F1xx_HAL_Driver/Src/stm32f1xx_hal_tim_ex.c.obj
                0x0000000008006976                HAL_TIMEx_MasterConfigSynchronization
 .text.HAL_TIMEx_CommutationCallback
                0x00000000080069fe       0x12 CMakeFiles/PRO58Pub.elf.dir/Drivers/STM32F1xx_HAL_Driver/Src/stm32f1xx_hal_tim_ex.c.obj
                0x00000000080069fe                HAL_TIMEx_CommutationCallback
 .text.HAL_TIMEx_BreakCallback
                0x0000000008006a10       0x12 CMakeFiles/PRO58Pub.elf.dir/Drivers/STM32F1xx_HAL_Driver/Src/stm32f1xx_hal_tim_ex.c.obj
                0x0000000008006a10                HAL_TIMEx_BreakCallback
 .text.HAL_UART_Init
                0x0000000008006a22       0x9a CMakeFiles/PRO58Pub.elf.dir/Drivers/STM32F1xx_HAL_Driver/Src/stm32f1xx_hal_uart.c.obj
                0x0000000008006a22                HAL_UART_Init
 .text.UART_SetConfig
                0x0000000008006abc      0x230 CMakeFiles/PRO58Pub.elf.dir/Drivers/STM32F1xx_HAL_Driver/Src/stm32f1xx_hal_uart.c.obj
 .text._ZN5PrintC2Ev
                0x0000000008006cec       0x24 CMakeFiles/PRO58Pub.elf.dir/Src/Adafruit_GFX_AS.cpp.obj
                0x0000000008006cec                Print::Print()
                0x0000000008006cec                Print::Print()
 .text._ZN12Adafruit_GFXC2Ess
                0x0000000008006d10       0x80 CMakeFiles/PRO58Pub.elf.dir/Src/Adafruit_GFX_AS.cpp.obj
                0x0000000008006d10                Adafruit_GFX::Adafruit_GFX(short, short)
                0x0000000008006d10                Adafruit_GFX::Adafruit_GFX(short, short)
 .text._ZN12Adafruit_GFX16drawCircleHelperEsssht
                0x0000000008006d90      0x1dc CMakeFiles/PRO58Pub.elf.dir/Src/Adafruit_GFX_AS.cpp.obj
                0x0000000008006d90                Adafruit_GFX::drawCircleHelper(short, short, short, unsigned char, unsigned short)
 .text._ZN12Adafruit_GFX8drawLineEsssst
                0x0000000008006f6c      0x14a CMakeFiles/PRO58Pub.elf.dir/Src/Adafruit_GFX_AS.cpp.obj
                0x0000000008006f6c                Adafruit_GFX::drawLine(short, short, short, short, unsigned short)
 .text._ZN12Adafruit_GFX8drawRectEsssst
                0x00000000080070b6       0xae CMakeFiles/PRO58Pub.elf.dir/Src/Adafruit_GFX_AS.cpp.obj
                0x00000000080070b6                Adafruit_GFX::drawRect(short, short, short, short, unsigned short)
 .text._ZN12Adafruit_GFX13drawFastVLineEssst
                0x0000000008007164       0x52 CMakeFiles/PRO58Pub.elf.dir/Src/Adafruit_GFX_AS.cpp.obj
                0x0000000008007164                Adafruit_GFX::drawFastVLine(short, short, short, unsigned short)
 .text._ZN12Adafruit_GFX13drawFastHLineEssst
                0x00000000080071b6       0x50 CMakeFiles/PRO58Pub.elf.dir/Src/Adafruit_GFX_AS.cpp.obj
                0x00000000080071b6                Adafruit_GFX::drawFastHLine(short, short, short, unsigned short)
 .text._ZN12Adafruit_GFX8fillRectEsssst
                0x0000000008007206       0x64 CMakeFiles/PRO58Pub.elf.dir/Src/Adafruit_GFX_AS.cpp.obj
                0x0000000008007206                Adafruit_GFX::fillRect(short, short, short, short, unsigned short)
 .text._ZN12Adafruit_GFX10fillScreenEt
                0x000000000800726a       0x38 CMakeFiles/PRO58Pub.elf.dir/Src/Adafruit_GFX_AS.cpp.obj
                0x000000000800726a                Adafruit_GFX::fillScreen(unsigned short)
 .text._ZN12Adafruit_GFX13drawRoundRectEssssst
                0x00000000080072a2      0x1bc CMakeFiles/PRO58Pub.elf.dir/Src/Adafruit_GFX_AS.cpp.obj
                0x00000000080072a2                Adafruit_GFX::drawRoundRect(short, short, short, short, short, unsigned short)
 .text._ZN12Adafruit_GFX12fillTriangleEsssssst
                0x000000000800745e      0x2fe CMakeFiles/PRO58Pub.elf.dir/Src/Adafruit_GFX_AS.cpp.obj
                0x000000000800745e                Adafruit_GFX::fillTriangle(short, short, short, short, short, short, unsigned short)
 .text._ZN12Adafruit_GFX10drawBitmapEssPKhsst
                0x000000000800775c       0xc0 CMakeFiles/PRO58Pub.elf.dir/Src/Adafruit_GFX_AS.cpp.obj
                0x000000000800775c                Adafruit_GFX::drawBitmap(short, short, unsigned char const*, short, short, unsigned short)
 .text._ZN12Adafruit_GFX5writeEh
                0x000000000800781c       0xe2 CMakeFiles/PRO58Pub.elf.dir/Src/Adafruit_GFX_AS.cpp.obj
                0x000000000800781c                Adafruit_GFX::write(unsigned char)
 *fill*         0x00000000080078fe        0x2 
 .text._ZN12Adafruit_GFX8drawCharEsshtth
                0x0000000008007900      0x200 CMakeFiles/PRO58Pub.elf.dir/Src/Adafruit_GFX_AS.cpp.obj
                0x0000000008007900                Adafruit_GFX::drawChar(short, short, unsigned char, unsigned short, unsigned short, unsigned char)
 .text._ZN12Adafruit_GFX9setCursorEss
                0x0000000008007b00       0x26 CMakeFiles/PRO58Pub.elf.dir/Src/Adafruit_GFX_AS.cpp.obj
                0x0000000008007b00                Adafruit_GFX::setCursor(short, short)
 .text._ZN12Adafruit_GFX11setTextSizeEh
                0x0000000008007b26       0x24 CMakeFiles/PRO58Pub.elf.dir/Src/Adafruit_GFX_AS.cpp.obj
                0x0000000008007b26                Adafruit_GFX::setTextSize(unsigned char)
 .text._ZN12Adafruit_GFX12setTextColorEt
                0x0000000008007b4a       0x24 CMakeFiles/PRO58Pub.elf.dir/Src/Adafruit_GFX_AS.cpp.obj
                0x0000000008007b4a                Adafruit_GFX::setTextColor(unsigned short)
 .text._ZN12Adafruit_GFX11setTextWrapEb
                0x0000000008007b6e       0x1c CMakeFiles/PRO58Pub.elf.dir/Src/Adafruit_GFX_AS.cpp.obj
                0x0000000008007b6e                Adafruit_GFX::setTextWrap(bool)
 .text._ZN12Adafruit_GFX11getRotationEv
                0x0000000008007b8a       0x16 CMakeFiles/PRO58Pub.elf.dir/Src/Adafruit_GFX_AS.cpp.obj
                0x0000000008007b8a                Adafruit_GFX::getRotation()
 .text._ZN12Adafruit_GFX11setRotationEh
                0x0000000008007ba0       0x70 CMakeFiles/PRO58Pub.elf.dir/Src/Adafruit_GFX_AS.cpp.obj
                0x0000000008007ba0                Adafruit_GFX::setRotation(unsigned char)
 .text._ZN12Adafruit_GFX5widthEv
                0x0000000008007c10       0x18 CMakeFiles/PRO58Pub.elf.dir/Src/Adafruit_GFX_AS.cpp.obj
                0x0000000008007c10                Adafruit_GFX::width()
 .text._ZN12Adafruit_GFX6heightEv
                0x0000000008007c28       0x18 CMakeFiles/PRO58Pub.elf.dir/Src/Adafruit_GFX_AS.cpp.obj
                0x0000000008007c28                Adafruit_GFX::height()
 .text._ZN12Adafruit_GFX13invertDisplayEb
                0x0000000008007c40       0x16 CMakeFiles/PRO58Pub.elf.dir/Src/Adafruit_GFX_AS.cpp.obj
                0x0000000008007c40                Adafruit_GFX::invertDisplay(bool)
 *fill*         0x0000000008007c56        0x2 
 .text.DWT_Delay_Init
                0x0000000008007c58       0x60 CMakeFiles/PRO58Pub.elf.dir/Src/DWT_Delay.c.obj
                0x0000000008007c58                DWT_Delay_Init
 .text._ZN14Eeprom24C01_02C2Eh
                0x0000000008007cb8       0x24 CMakeFiles/PRO58Pub.elf.dir/Src/Eeprom24C01_02.cpp.obj
                0x0000000008007cb8                Eeprom24C01_02::Eeprom24C01_02(unsigned char)
                0x0000000008007cb8                Eeprom24C01_02::Eeprom24C01_02(unsigned char)
 .text._ZN14Eeprom24C01_0210initializeEP17I2C_HandleTypeDef
                0x0000000008007cdc       0x1a CMakeFiles/PRO58Pub.elf.dir/Src/Eeprom24C01_02.cpp.obj
                0x0000000008007cdc                Eeprom24C01_02::initialize(I2C_HandleTypeDef*)
 *fill*         0x0000000008007cf6        0x2 
 .text._ZN14Eeprom24C01_029writeByteEhh
                0x0000000008007cf8       0x80 CMakeFiles/PRO58Pub.elf.dir/Src/Eeprom24C01_02.cpp.obj
                0x0000000008007cf8                Eeprom24C01_02::writeByte(unsigned char, unsigned char)
 .text._ZN14Eeprom24C01_028readByteEh
                0x0000000008007d78       0x80 CMakeFiles/PRO58Pub.elf.dir/Src/Eeprom24C01_02.cpp.obj
                0x0000000008007d78                Eeprom24C01_02::readByte(unsigned char)
 .text._ZN5Print5writeEPKc
                0x0000000008007df8       0x3c CMakeFiles/PRO58Pub.elf.dir/Src/Print.cpp.obj
                0x0000000008007df8                Print::write(char const*)
 .text._ZN5Print5writeEPKvm
                0x0000000008007e34       0x4e CMakeFiles/PRO58Pub.elf.dir/Src/Print.cpp.obj
                0x0000000008007e34                Print::write(void const*, unsigned long)
 .text._ZN5Print5printEhi
                0x0000000008007e82       0x2c CMakeFiles/PRO58Pub.elf.dir/Src/Print.cpp.obj
                0x0000000008007e82                Print::print(unsigned char, int)
 .text._ZN5Print5printEc
                0x0000000008007eae       0x24 CMakeFiles/PRO58Pub.elf.dir/Src/Print.cpp.obj
                0x0000000008007eae                Print::print(char)
 .text._ZN5Print5printEPKc
                0x0000000008007ed2       0x22 CMakeFiles/PRO58Pub.elf.dir/Src/Print.cpp.obj
                0x0000000008007ed2                Print::print(char const*)
 .text._ZN5Print5printEii
                0x0000000008007ef4       0x2a CMakeFiles/PRO58Pub.elf.dir/Src/Print.cpp.obj
                0x0000000008007ef4                Print::print(int, int)
 .text._ZN5Print5printExi
                0x0000000008007f1e       0x64 CMakeFiles/PRO58Pub.elf.dir/Src/Print.cpp.obj
                0x0000000008007f1e                Print::print(long long, int)
 .text._ZN5Print5printEyi
                0x0000000008007f82       0x48 CMakeFiles/PRO58Pub.elf.dir/Src/Print.cpp.obj
                0x0000000008007f82                Print::print(unsigned long long, int)
 .text._ZN5Print11printNumberEyh
                0x0000000008007fca       0xd0 CMakeFiles/PRO58Pub.elf.dir/Src/Print.cpp.obj
                0x0000000008007fca                Print::printNumber(unsigned long long, unsigned char)
 *fill*         0x000000000800809a        0x2 
 .text._ZN7SSD13069drawPixelEsst
                0x000000000800809c      0x1cc CMakeFiles/PRO58Pub.elf.dir/Src/SSD1306_STM32.cpp.obj
                0x000000000800809c                SSD1306::drawPixel(short, short, unsigned short)
 .text._ZN7SSD1306C2Ev
                0x0000000008008268       0x5c CMakeFiles/PRO58Pub.elf.dir/Src/SSD1306_STM32.cpp.obj
                0x0000000008008268                SSD1306::SSD1306()
                0x0000000008008268                SSD1306::SSD1306()
 .text._ZN7SSD13065beginEP17I2C_HandleTypeDefahhb
                0x00000000080082c4      0x134 CMakeFiles/PRO58Pub.elf.dir/Src/SSD1306_STM32.cpp.obj
                0x00000000080082c4                SSD1306::begin(I2C_HandleTypeDef*, signed char, unsigned char, unsigned char, bool)
 .text._ZN7SSD130615ssd1306_commandEh
                0x00000000080083f8       0x94 CMakeFiles/PRO58Pub.elf.dir/Src/SSD1306_STM32.cpp.obj
                0x00000000080083f8                SSD1306::ssd1306_command(unsigned char)
 .text._ZN7SSD13067displayEv
                0x000000000800848c       0xc8 CMakeFiles/PRO58Pub.elf.dir/Src/SSD1306_STM32.cpp.obj
                0x000000000800848c                SSD1306::display()
 .text._ZN7SSD130612clearDisplayEv
                0x0000000008008554       0x20 CMakeFiles/PRO58Pub.elf.dir/Src/SSD1306_STM32.cpp.obj
                0x0000000008008554                SSD1306::clearDisplay()
 .text._ZN7SSD130613drawFastHLineEssst
                0x0000000008008574      0x3bc CMakeFiles/PRO58Pub.elf.dir/Src/SSD1306_STM32.cpp.obj
                0x0000000008008574                SSD1306::drawFastHLine(short, short, short, unsigned short)
 .text._ZN7SSD130613drawFastVLineEssst
                0x0000000008008930      0x3c0 CMakeFiles/PRO58Pub.elf.dir/Src/SSD1306_STM32.cpp.obj
                0x0000000008008930                SSD1306::drawFastVLine(short, short, short, unsigned short)
 .text.MX_ADC1_Init
                0x0000000008008cf0       0xa0 CMakeFiles/PRO58Pub.elf.dir/Src/adc.c.obj
                0x0000000008008cf0                MX_ADC1_Init
 .text.HAL_ADC_MspInit
                0x0000000008008d90       0xb4 CMakeFiles/PRO58Pub.elf.dir/Src/adc.c.obj
                0x0000000008008d90                HAL_ADC_MspInit
 .text._ZN6Beeper4initEv
                0x0000000008008e44       0x14 CMakeFiles/PRO58Pub.elf.dir/Src/beeper.cpp.obj
                0x0000000008008e44                Beeper::init()
 .text._ZN6Beeper7welcomeEv
                0x0000000008008e58       0x78 CMakeFiles/PRO58Pub.elf.dir/Src/beeper.cpp.obj
                0x0000000008008e58                Beeper::welcome()
 .text._ZN6Beeper8beepFreqEtf
                0x0000000008008ed0       0x54 CMakeFiles/PRO58Pub.elf.dir/Src/beeper.cpp.obj
                0x0000000008008ed0                Beeper::beepFreq(unsigned short, float)
 .text._ZN6Beeper8beepHighEt
                0x0000000008008f24       0x2c CMakeFiles/PRO58Pub.elf.dir/Src/beeper.cpp.obj
                0x0000000008008f24                Beeper::beepHigh(unsigned short)
 .text._ZN6Beeper5beepCEt
                0x0000000008008f50       0x20 CMakeFiles/PRO58Pub.elf.dir/Src/beeper.cpp.obj
                0x0000000008008f50                Beeper::beepC(unsigned short)
 .text._ZN6Beeper5beepEEt
                0x0000000008008f70       0x20 CMakeFiles/PRO58Pub.elf.dir/Src/beeper.cpp.obj
                0x0000000008008f70                Beeper::beepE(unsigned short)
 .text._ZN6Beeper5beepGEt
                0x0000000008008f90       0x20 CMakeFiles/PRO58Pub.elf.dir/Src/beeper.cpp.obj
                0x0000000008008f90                Beeper::beepG(unsigned short)
 .text._ZN6Beeper6updateEv
                0x0000000008008fb0       0x40 CMakeFiles/PRO58Pub.elf.dir/Src/beeper.cpp.obj
                0x0000000008008fb0                Beeper::update()
 .text._Z41__static_initialization_and_destruction_0ii
                0x0000000008008ff0       0x30 CMakeFiles/PRO58Pub.elf.dir/Src/beeper.cpp.obj
 .text._GLOBAL__sub_I__ZN6Beeper7beepingE
                0x0000000008009020       0x10 CMakeFiles/PRO58Pub.elf.dir/Src/beeper.cpp.obj
 .text._ZN7Buttons6updateEv
                0x0000000008009030       0xdc CMakeFiles/PRO58Pub.elf.dir/Src/buttons.cpp.obj
                0x0000000008009030                Buttons::update()
 .text._ZN7Buttons18registerChangeFuncEPFv6ButtonNS_9PressTypeEE
                0x000000000800910c       0x40 CMakeFiles/PRO58Pub.elf.dir/Src/buttons.cpp.obj
                0x000000000800910c                Buttons::registerChangeFunc(void (*)(Button, Buttons::PressType))
 .text._ZN7ButtonsL14runChangeFuncsE6ButtonNS_9PressTypeE
                0x000000000800914c       0x50 CMakeFiles/PRO58Pub.elf.dir/Src/buttons.cpp.obj
 .text._ZN7ButtonsL12updateButtonE6ButtonRNS_11ButtonStateEP12GPIO_TypeDeft
                0x000000000800919c       0xfc CMakeFiles/PRO58Pub.elf.dir/Src/buttons.cpp.obj
 .text._ZN8Channels17getSynthRegisterBEh
                0x0000000008009298       0x20 CMakeFiles/PRO58Pub.elf.dir/Src/channels.cpp.obj
                0x0000000008009298                Channels::getSynthRegisterB(unsigned char)
 .text._ZN8Channels12getFrequencyEh
                0x00000000080092b8       0x20 CMakeFiles/PRO58Pub.elf.dir/Src/channels.cpp.obj
                0x00000000080092b8                Channels::getFrequency(unsigned char)
 .text._ZN8Channels7getNameEh
                0x00000000080092d8       0x4c CMakeFiles/PRO58Pub.elf.dir/Src/channels.cpp.obj
                0x00000000080092d8                Channels::getName(unsigned char)
 .text._ZN8Channels15getOrderedIndexEh
                0x0000000008009324       0x20 CMakeFiles/PRO58Pub.elf.dir/Src/channels.cpp.obj
                0x0000000008009324                Channels::getOrderedIndex(unsigned char)
 .text.MX_DMA_Init
                0x0000000008009344       0x7c CMakeFiles/PRO58Pub.elf.dir/Src/dma.c.obj
                0x0000000008009344                MX_DMA_Init
 .text._ZN12FatSharkPins4initEv
                0x00000000080093c0       0x58 CMakeFiles/PRO58Pub.elf.dir/Src/fatshark_pins.cpp.obj
                0x00000000080093c0                FatSharkPins::init()
 .text._ZN12FatSharkPins6updateEv
                0x0000000008009418        0xc CMakeFiles/PRO58Pub.elf.dir/Src/fatshark_pins.cpp.obj
                0x0000000008009418                FatSharkPins::update()
 .text._ZN12FatSharkPins18registerChangeFuncEPFvhE
                0x0000000008009424       0x40 CMakeFiles/PRO58Pub.elf.dir/Src/fatshark_pins.cpp.obj
                0x0000000008009424                FatSharkPins::registerChangeFunc(void (*)(unsigned char))
 .text._ZN12FatSharkPinsL14runChangeFuncsEh
                0x0000000008009464       0x54 CMakeFiles/PRO58Pub.elf.dir/Src/fatshark_pins.cpp.obj
 .text._ZN12FatSharkPinsL10updatePinsEv
                0x00000000080094b8       0x70 CMakeFiles/PRO58Pub.elf.dir/Src/fatshark_pins.cpp.obj
 .text.MX_GPIO_Init
                0x0000000008009528      0x178 CMakeFiles/PRO58Pub.elf.dir/Src/gpio.c.obj
                0x0000000008009528                MX_GPIO_Init
 .text.GPIO_FS_Reinit
                0x00000000080096a0       0x6c CMakeFiles/PRO58Pub.elf.dir/Src/gpio.c.obj
                0x00000000080096a0                GPIO_FS_Reinit
 .text.MX_I2C1_Init
                0x000000000800970c       0x64 CMakeFiles/PRO58Pub.elf.dir/Src/i2c.c.obj
                0x000000000800970c                MX_I2C1_Init
 .text.MX_I2C2_Init
                0x0000000008009770       0x64 CMakeFiles/PRO58Pub.elf.dir/Src/i2c.c.obj
                0x0000000008009770                MX_I2C2_Init
 .text.HAL_I2C_MspInit
                0x00000000080097d4      0x220 CMakeFiles/PRO58Pub.elf.dir/Src/i2c.c.obj
                0x00000000080097d4                HAL_I2C_MspInit
 .text.DWT_Delay_us
                0x00000000080099f4       0x44 CMakeFiles/PRO58Pub.elf.dir/Src/i2c_reset.c.obj
 .text.I2C_Reset
                0x0000000008009a38       0x48 CMakeFiles/PRO58Pub.elf.dir/Src/i2c_reset.c.obj
                0x0000000008009a38                I2C_Reset
 .text.main     0x0000000008009a80      0x188 CMakeFiles/PRO58Pub.elf.dir/Src/main.cpp.obj
                0x0000000008009a80                main
 .text._Z18SystemClock_Configv
                0x0000000008009c08       0xe8 CMakeFiles/PRO58Pub.elf.dir/Src/main.cpp.obj
                0x0000000008009c08                SystemClock_Config()
 .text._ZL23globalMenuButtonHandler6ButtonN7Buttons9PressTypeE
                0x0000000008009cf0       0x38 CMakeFiles/PRO58Pub.elf.dir/Src/main.cpp.obj
 .text._Error_Handler
                0x0000000008009d28        0xc CMakeFiles/PRO58Pub.elf.dir/Src/main.cpp.obj
                0x0000000008009d28                _Error_Handler
 .text._ZN8Receiver10setChannelEhb
                0x0000000008009d34       0x54 CMakeFiles/PRO58Pub.elf.dir/Src/receiver.cpp.obj
                0x0000000008009d34                Receiver::setChannel(unsigned char, bool)
 .text._ZN8Receiver14setBandChannelEhb
                0x0000000008009d88       0x3c CMakeFiles/PRO58Pub.elf.dir/Src/receiver.cpp.obj
                0x0000000008009d88                Receiver::setBandChannel(unsigned char, bool)
 .text._ZN8Receiver17setActiveReceiverENS_10ReceiverIdE
                0x0000000008009dc4       0x94 CMakeFiles/PRO58Pub.elf.dir/Src/receiver.cpp.obj
                0x0000000008009dc4                Receiver::setActiveReceiver(Receiver::ReceiverId)
 .text._ZN8Receiver12isRssiStableEv
                0x0000000008009e58       0x14 CMakeFiles/PRO58Pub.elf.dir/Src/receiver.cpp.obj
                0x0000000008009e58                Receiver::isRssiStable()
 .text._ZN8Receiver10updateRssiEv
                0x0000000008009e6c      0x168 CMakeFiles/PRO58Pub.elf.dir/Src/receiver.cpp.obj
                0x0000000008009e6c                Receiver::updateRssi()
 .text._ZN8Receiver16setDiversityModeENS_13DiversityModeE
                0x0000000008009fd4       0x20 CMakeFiles/PRO58Pub.elf.dir/Src/receiver.cpp.obj
                0x0000000008009fd4                Receiver::setDiversityMode(Receiver::DiversityMode)
 .text._ZN8Receiver15switchDiversityEv
                0x0000000008009ff4       0xd8 CMakeFiles/PRO58Pub.elf.dir/Src/receiver.cpp.obj
                0x0000000008009ff4                Receiver::switchDiversity()
 .text._ZN8Receiver5setupEP17ADC_HandleTypeDef
                0x000000000800a0cc       0x20 CMakeFiles/PRO58Pub.elf.dir/Src/receiver.cpp.obj
                0x000000000800a0cc                Receiver::setup(ADC_HandleTypeDef*)
 .text._ZN8Receiver6updateEv
                0x000000000800a0ec       0x20 CMakeFiles/PRO58Pub.elf.dir/Src/receiver.cpp.obj
                0x000000000800a0ec                Receiver::update()
 .text._ZL3mapttttt
                0x000000000800a10c       0x5a CMakeFiles/PRO58Pub.elf.dir/Src/receiver.cpp.obj
 *fill*         0x000000000800a166        0x2 
 .text._Z41__static_initialization_and_destruction_0ii
                0x000000000800a168       0x58 CMakeFiles/PRO58Pub.elf.dir/Src/receiver.cpp.obj
 .text._GLOBAL__sub_I__ZN8Receiver10rssiDMARawE
                0x000000000800a1c0       0x10 CMakeFiles/PRO58Pub.elf.dir/Src/receiver.cpp.obj
 .text.DWT_Delay_us
                0x000000000800a1d0       0x50 CMakeFiles/PRO58Pub.elf.dir/Src/receiver_spi.cpp.obj
 .text._ZN11ReceiverSpi17setSynthRegisterBEt
                0x000000000800a220       0x1c CMakeFiles/PRO58Pub.elf.dir/Src/receiver_spi.cpp.obj
                0x000000000800a220                ReceiverSpi::setSynthRegisterB(unsigned short)
 .text._ZL12sendRegisterhm
                0x000000000800a23c       0x38 CMakeFiles/PRO58Pub.elf.dir/Src/receiver_spi.cpp.obj
 .text._ZL8sendBitsmh
                0x000000000800a274       0x3e CMakeFiles/PRO58Pub.elf.dir/Src/receiver_spi.cpp.obj
 *fill*         0x000000000800a2b2        0x2 
 .text._ZL7sendBith
                0x000000000800a2b4       0x64 CMakeFiles/PRO58Pub.elf.dir/Src/receiver_spi.cpp.obj
 .text._ZL15sendSlaveSelect13GPIO_PinState
                0x000000000800a318       0x34 CMakeFiles/PRO58Pub.elf.dir/Src/receiver_spi.cpp.obj
 .text._ZN5EERefC2Ei
                0x000000000800a34c       0x1c CMakeFiles/PRO58Pub.elf.dir/Src/settings_eeprom.cpp.obj
                0x000000000800a34c                EERef::EERef(int)
                0x000000000800a34c                EERef::EERef(int)
 .text._ZNK5EERefdeEv
                0x000000000800a368       0x24 CMakeFiles/PRO58Pub.elf.dir/Src/settings_eeprom.cpp.obj
                0x000000000800a368                EERef::operator*() const
 .text._ZNK5EERefcvKhEv
                0x000000000800a38c       0x18 CMakeFiles/PRO58Pub.elf.dir/Src/settings_eeprom.cpp.obj
                0x000000000800a38c                EERef::operator unsigned char const() const
 .text._ZN5EERefaSEh
                0x000000000800a3a4       0x2c CMakeFiles/PRO58Pub.elf.dir/Src/settings_eeprom.cpp.obj
                0x000000000800a3a4                EERef::operator=(unsigned char)
 .text._ZN5EERef6updateEh
                0x000000000800a3d0       0x34 CMakeFiles/PRO58Pub.elf.dir/Src/settings_eeprom.cpp.obj
                0x000000000800a3d0                EERef::update(unsigned char)
 .text._ZN5EEPtrC2Ei
                0x000000000800a404       0x1c CMakeFiles/PRO58Pub.elf.dir/Src/settings_eeprom.cpp.obj
                0x000000000800a404                EEPtr::EEPtr(int)
                0x000000000800a404                EEPtr::EEPtr(int)
 .text._ZN5EEPtrdeEv
                0x000000000800a420       0x22 CMakeFiles/PRO58Pub.elf.dir/Src/settings_eeprom.cpp.obj
                0x000000000800a420                EEPtr::operator*()
 .text._ZN5EEPtrppEv
                0x000000000800a442       0x1e CMakeFiles/PRO58Pub.elf.dir/Src/settings_eeprom.cpp.obj
                0x000000000800a442                EEPtr::operator++()
 .text._ZN14EepromSettings4initEP17I2C_HandleTypeDef
                0x000000000800a460       0x20 CMakeFiles/PRO58Pub.elf.dir/Src/settings_eeprom.cpp.obj
                0x000000000800a460                EepromSettings::init(I2C_HandleTypeDef*)
 .text._ZN14EepromSettings6updateEv
                0x000000000800a480       0x40 CMakeFiles/PRO58Pub.elf.dir/Src/settings_eeprom.cpp.obj
                0x000000000800a480                EepromSettings::update()
 .text._ZN14EepromSettings4loadEv
                0x000000000800a4c0       0x2c CMakeFiles/PRO58Pub.elf.dir/Src/settings_eeprom.cpp.obj
                0x000000000800a4c0                EepromSettings::load()
 .text._ZN14EepromSettings4saveEv
                0x000000000800a4ec       0x20 CMakeFiles/PRO58Pub.elf.dir/Src/settings_eeprom.cpp.obj
                0x000000000800a4ec                EepromSettings::save()
 .text._ZN14EepromSettings9markDirtyEv
                0x000000000800a50c       0x24 CMakeFiles/PRO58Pub.elf.dir/Src/settings_eeprom.cpp.obj
                0x000000000800a50c                EepromSettings::markDirty()
 .text._ZN14EepromSettings12initDefaultsEv
                0x000000000800a530       0xb0 CMakeFiles/PRO58Pub.elf.dir/Src/settings_eeprom.cpp.obj
                0x000000000800a530                EepromSettings::initDefaults()
 .text._ZN14EepromSettings11getCallSignEPc
                0x000000000800a5e0       0x28 CMakeFiles/PRO58Pub.elf.dir/Src/settings_eeprom.cpp.obj
                0x000000000800a5e0                EepromSettings::getCallSign(char*)
 .text._ZN14EepromSettings11setCallSignEPc
                0x000000000800a608       0x20 CMakeFiles/PRO58Pub.elf.dir/Src/settings_eeprom.cpp.obj
                0x000000000800a608                EepromSettings::setCallSign(char*)
 .text._ZN14EepromSettings11cmpCallSignEPc
                0x000000000800a628       0x24 CMakeFiles/PRO58Pub.elf.dir/Src/settings_eeprom.cpp.obj
                0x000000000800a628                EepromSettings::cmpCallSign(char*)
 .text._ZN11EEPROMClass3getI14EepromSettingsEERT_iS3_
                0x000000000800a64c       0x64 CMakeFiles/PRO58Pub.elf.dir/Src/settings_eeprom.cpp.obj
                0x000000000800a64c                EepromSettings& EEPROMClass::get<EepromSettings>(int, EepromSettings&)
 .text._ZN11EEPROMClass3putI14EepromSettingsEERKT_iS4_
                0x000000000800a6b0       0x64 CMakeFiles/PRO58Pub.elf.dir/Src/settings_eeprom.cpp.obj
                0x000000000800a6b0                EepromSettings const& EEPROMClass::put<EepromSettings>(int, EepromSettings const&)
 .text._Z41__static_initialization_and_destruction_0ii
                0x000000000800a714       0x3c CMakeFiles/PRO58Pub.elf.dir/Src/settings_eeprom.cpp.obj
 .text._GLOBAL__sub_I_EepromSettings
                0x000000000800a750       0x10 CMakeFiles/PRO58Pub.elf.dir/Src/settings_eeprom.cpp.obj
 .text._ZN12StateMachine12StateHandler13onInitialDrawEv
                0x000000000800a760       0x12 CMakeFiles/PRO58Pub.elf.dir/Src/state.cpp.obj
                0x000000000800a760                StateMachine::StateHandler::onInitialDraw()
 .text._ZN12StateMachine12StateHandler12onUpdateDrawEv
                0x000000000800a772       0x12 CMakeFiles/PRO58Pub.elf.dir/Src/state.cpp.obj
                0x000000000800a772                StateMachine::StateHandler::onUpdateDraw()
 .text._ZN12StateMachine12StateHandler7onEnterEv
                0x000000000800a784       0x12 CMakeFiles/PRO58Pub.elf.dir/Src/state.cpp.obj
                0x000000000800a784                StateMachine::StateHandler::onEnter()
 .text._ZN12StateMachine12StateHandler8onUpdateEv
                0x000000000800a796       0x12 CMakeFiles/PRO58Pub.elf.dir/Src/state.cpp.obj
                0x000000000800a796                StateMachine::StateHandler::onUpdate()
 .text._ZN12StateMachine12StateHandler6onExitEv
                0x000000000800a7a8       0x12 CMakeFiles/PRO58Pub.elf.dir/Src/state.cpp.obj
                0x000000000800a7a8                StateMachine::StateHandler::onExit()
 .text._ZN12StateMachine12StateHandler14onButtonChangeE6ButtonN7Buttons9PressTypeE
                0x000000000800a7ba       0x1a CMakeFiles/PRO58Pub.elf.dir/Src/state.cpp.obj
                0x000000000800a7ba                StateMachine::StateHandler::onButtonChange(Button, Buttons::PressType)
 .text._ZN12StateMachine12StateHandler14onFSPinsChangeEh
                0x000000000800a7d4       0x16 CMakeFiles/PRO58Pub.elf.dir/Src/state.cpp.obj
                0x000000000800a7d4                StateMachine::StateHandler::onFSPinsChange(unsigned char)
 .text._ZN2Ui15StateMenuHelperC2EPv
                0x000000000800a7ea       0x4a CMakeFiles/PRO58Pub.elf.dir/Src/state.cpp.obj
                0x000000000800a7ea                Ui::StateMenuHelper::StateMenuHelper(void*)
                0x000000000800a7ea                Ui::StateMenuHelper::StateMenuHelper(void*)
 .text._ZnwjPv  0x000000000800a834       0x16 CMakeFiles/PRO58Pub.elf.dir/Src/state.cpp.obj
                0x000000000800a834                operator new(unsigned int, void*)
 *fill*         0x000000000800a84a        0x2 
 .text._ZN12StateMachine5setupEv
                0x000000000800a84c       0x1c CMakeFiles/PRO58Pub.elf.dir/Src/state.cpp.obj
                0x000000000800a84c                StateMachine::setup()
 .text._ZN12StateMachine6updateEv
                0x000000000800a868       0xec CMakeFiles/PRO58Pub.elf.dir/Src/state.cpp.obj
                0x000000000800a868                StateMachine::update()
 .text._ZN12StateMachine11switchStateENS_5StateE
                0x000000000800a954       0x80 CMakeFiles/PRO58Pub.elf.dir/Src/state.cpp.obj
                0x000000000800a954                StateMachine::switchState(StateMachine::State)
 .text._ZN12StateMachine12StateHandlerC2Ev
                0x000000000800a9d4       0x20 CMakeFiles/PRO58Pub.elf.dir/Src/state.cpp.obj
                0x000000000800a9d4                StateMachine::StateHandler::StateHandler()
                0x000000000800a9d4                StateMachine::StateHandler::StateHandler()
 .text._ZN12StateMachine23BaseGraphUiStateHandlerC2Ev
                0x000000000800a9f4       0x24 CMakeFiles/PRO58Pub.elf.dir/Src/state.cpp.obj
                0x000000000800a9f4                StateMachine::BaseGraphUiStateHandler::BaseGraphUiStateHandler()
                0x000000000800a9f4                StateMachine::BaseGraphUiStateHandler::BaseGraphUiStateHandler()
 .text._ZN12StateMachine18SearchStateHandlerC2Ev
                0x000000000800aa18       0x54 CMakeFiles/PRO58Pub.elf.dir/Src/state.cpp.obj
                0x000000000800aa18                StateMachine::SearchStateHandler::SearchStateHandler()
                0x000000000800aa18                StateMachine::SearchStateHandler::SearchStateHandler()
 .text._ZN12StateMachine23ScreensaverStateHandlerC2Ev
                0x000000000800aa6c       0x38 CMakeFiles/PRO58Pub.elf.dir/Src/state.cpp.obj
                0x000000000800aa6c                StateMachine::ScreensaverStateHandler::ScreensaverStateHandler()
                0x000000000800aa6c                StateMachine::ScreensaverStateHandler::ScreensaverStateHandler()
 .text._ZN12StateMachine20BandScanStateHandlerC2Ev
                0x000000000800aaa4       0x40 CMakeFiles/PRO58Pub.elf.dir/Src/state.cpp.obj
                0x000000000800aaa4                StateMachine::BandScanStateHandler::BandScanStateHandler()
                0x000000000800aaa4                StateMachine::BandScanStateHandler::BandScanStateHandler()
 .text._ZN2Ui10MenuHelperC2Ev
                0x000000000800aae4       0x2c CMakeFiles/PRO58Pub.elf.dir/Src/state.cpp.obj
                0x000000000800aae4                Ui::MenuHelper::MenuHelper()
                0x000000000800aae4                Ui::MenuHelper::MenuHelper()
 .text._ZN12StateMachine16MenuStateHandlerC2Ev
                0x000000000800ab10       0x30 CMakeFiles/PRO58Pub.elf.dir/Src/state.cpp.obj
                0x000000000800ab10                StateMachine::MenuStateHandler::MenuStateHandler()
                0x000000000800ab10                StateMachine::MenuStateHandler::MenuStateHandler()
 .text._ZN12StateMachine27FavouriteScreenStateHandlerC2Ev
                0x000000000800ab40       0x2c CMakeFiles/PRO58Pub.elf.dir/Src/state.cpp.obj
                0x000000000800ab40                StateMachine::FavouriteScreenStateHandler::FavouriteScreenStateHandler()
                0x000000000800ab40                StateMachine::FavouriteScreenStateHandler::FavouriteScreenStateHandler()
 .text._ZN2Ui18SettingsMenuHelperC2Ev
                0x000000000800ab6c       0x38 CMakeFiles/PRO58Pub.elf.dir/Src/state.cpp.obj
                0x000000000800ab6c                Ui::SettingsMenuHelper::SettingsMenuHelper()
                0x000000000800ab6c                Ui::SettingsMenuHelper::SettingsMenuHelper()
 .text._ZN12StateMachine20SettingsStateHandlerC2Ev
                0x000000000800aba4       0x34 CMakeFiles/PRO58Pub.elf.dir/Src/state.cpp.obj
                0x000000000800aba4                StateMachine::SettingsStateHandler::SettingsStateHandler()
                0x000000000800aba4                StateMachine::SettingsStateHandler::SettingsStateHandler()
 .text._ZN12StateMachine24SettingsRssiStateHandlerC2Ev
                0x000000000800abd8       0x30 CMakeFiles/PRO58Pub.elf.dir/Src/state.cpp.obj
                0x000000000800abd8                StateMachine::SettingsRssiStateHandler::SettingsRssiStateHandler()
                0x000000000800abd8                StateMachine::SettingsRssiStateHandler::SettingsRssiStateHandler()
 .text._ZN12StateMachine28SettingsCallsignStateHandlerC2Ev
                0x000000000800ac08       0x24 CMakeFiles/PRO58Pub.elf.dir/Src/state.cpp.obj
                0x000000000800ac08                StateMachine::SettingsCallsignStateHandler::SettingsCallsignStateHandler()
                0x000000000800ac08                StateMachine::SettingsCallsignStateHandler::SettingsCallsignStateHandler()
 .text._ZN12StateMachine30SettingsFavouritesStateHandlerC2Ev
                0x000000000800ac2c       0x2c CMakeFiles/PRO58Pub.elf.dir/Src/state.cpp.obj
                0x000000000800ac2c                StateMachine::SettingsFavouritesStateHandler::SettingsFavouritesStateHandler()
                0x000000000800ac2c                StateMachine::SettingsFavouritesStateHandler::SettingsFavouritesStateHandler()
 .text._ZN12StateMachineL15getStateHandlerENS_5StateE
                0x000000000800ac58      0x17c CMakeFiles/PRO58Pub.elf.dir/Src/state.cpp.obj
 .text._ZN12StateMachineL14onButtonChangeE6ButtonN7Buttons9PressTypeE
                0x000000000800add4       0x38 CMakeFiles/PRO58Pub.elf.dir/Src/state.cpp.obj
 .text._ZN12StateMachineL14onFSPinsChangeEh
                0x000000000800ae0c       0x34 CMakeFiles/PRO58Pub.elf.dir/Src/state.cpp.obj
 .text._Z41__static_initialization_and_destruction_0ii
                0x000000000800ae40       0x34 CMakeFiles/PRO58Pub.elf.dir/Src/state.cpp.obj
 .text._GLOBAL__sub_I__ZnwjPv
                0x000000000800ae74       0x10 CMakeFiles/PRO58Pub.elf.dir/Src/state.cpp.obj
 .text._ZN12StateMachine20BandScanStateHandler7onEnterEv
                0x000000000800ae84       0x2c CMakeFiles/PRO58Pub.elf.dir/Src/state_bandscan.cpp.obj
                0x000000000800ae84                StateMachine::BandScanStateHandler::onEnter()
 .text._ZN12StateMachine20BandScanStateHandler6onExitEv
                0x000000000800aeb0       0x1c CMakeFiles/PRO58Pub.elf.dir/Src/state_bandscan.cpp.obj
                0x000000000800aeb0                StateMachine::BandScanStateHandler::onExit()
 .text._ZN12StateMachine20BandScanStateHandler8onUpdateEv
                0x000000000800aecc       0xa8 CMakeFiles/PRO58Pub.elf.dir/Src/state_bandscan.cpp.obj
                0x000000000800aecc                StateMachine::BandScanStateHandler::onUpdate()
 .text._ZN12StateMachine20BandScanStateHandler13onInitialDrawEv
                0x000000000800af74       0xd4 CMakeFiles/PRO58Pub.elf.dir/Src/state_bandscan.cpp.obj
                0x000000000800af74                StateMachine::BandScanStateHandler::onInitialDraw()
 .text._ZN12StateMachine20BandScanStateHandler12onUpdateDrawEv
                0x000000000800b048       0x88 CMakeFiles/PRO58Pub.elf.dir/Src/state_bandscan.cpp.obj
                0x000000000800b048                StateMachine::BandScanStateHandler::onUpdateDraw()
 .text._Z41__static_initialization_and_destruction_0ii
                0x000000000800b0d0       0x30 CMakeFiles/PRO58Pub.elf.dir/Src/state_bandscan.cpp.obj
 .text._GLOBAL__sub_I__ZN12StateMachine20BandScanStateHandler7onEnterEv
                0x000000000800b100       0x10 CMakeFiles/PRO58Pub.elf.dir/Src/state_bandscan.cpp.obj
 .text._ZN12StateMachine27FavouriteScreenStateHandler7onEnterEv
                0x000000000800b110       0x4c CMakeFiles/PRO58Pub.elf.dir/Src/state_favourite_screen.cpp.obj
                0x000000000800b110                StateMachine::FavouriteScreenStateHandler::onEnter()
 .text._ZN12StateMachine27FavouriteScreenStateHandler8onUpdateEv
                0x000000000800b15c       0x14 CMakeFiles/PRO58Pub.elf.dir/Src/state_favourite_screen.cpp.obj
                0x000000000800b15c                StateMachine::FavouriteScreenStateHandler::onUpdate()
 .text._ZN12StateMachine27FavouriteScreenStateHandler6onExitEv
                0x000000000800b170       0x12 CMakeFiles/PRO58Pub.elf.dir/Src/state_favourite_screen.cpp.obj
                0x000000000800b170                StateMachine::FavouriteScreenStateHandler::onExit()
 .text._ZN12StateMachine27FavouriteScreenStateHandler14onButtonChangeE6ButtonN7Buttons9PressTypeE
                0x000000000800b182       0x6e CMakeFiles/PRO58Pub.elf.dir/Src/state_favourite_screen.cpp.obj
                0x000000000800b182                StateMachine::FavouriteScreenStateHandler::onButtonChange(Button, Buttons::PressType)
 .text._ZN12StateMachine27FavouriteScreenStateHandler10setChannelEv
                0x000000000800b1f0       0x58 CMakeFiles/PRO58Pub.elf.dir/Src/state_favourite_screen.cpp.obj
                0x000000000800b1f0                StateMachine::FavouriteScreenStateHandler::setChannel()
 .text._ZN12StateMachine27FavouriteScreenStateHandler14onFSPinsChangeEh
                0x000000000800b248       0x34 CMakeFiles/PRO58Pub.elf.dir/Src/state_favourite_screen.cpp.obj
                0x000000000800b248                StateMachine::FavouriteScreenStateHandler::onFSPinsChange(unsigned char)
 .text._ZN12StateMachine23BaseGraphUiStateHandler8drawMenuEv
                0x000000000800b27c       0x12 CMakeFiles/PRO58Pub.elf.dir/Src/state_favourite_screen_ui.cpp.obj
                0x000000000800b27c                StateMachine::BaseGraphUiStateHandler::drawMenu()
 *fill*         0x000000000800b28e        0x2 
 .text._ZN12StateMachine27FavouriteScreenStateHandler11drawScanBarEv
                0x000000000800b290       0x50 CMakeFiles/PRO58Pub.elf.dir/Src/state_favourite_screen_ui.cpp.obj
                0x000000000800b290                StateMachine::FavouriteScreenStateHandler::drawScanBar()
 .text._ZN12StateMachine23BaseGraphUiStateHandler11drawScanBarEv
                0x000000000800b2e0       0x12 CMakeFiles/PRO58Pub.elf.dir/Src/state_graph_base_ui.cpp.obj
                0x000000000800b2e0                StateMachine::BaseGraphUiStateHandler::drawScanBar()
 .text._ZN12StateMachine23BaseGraphUiStateHandler7onEnterEv
                0x000000000800b2f2       0x12 CMakeFiles/PRO58Pub.elf.dir/Src/state_graph_base_ui.cpp.obj
                0x000000000800b2f2                StateMachine::BaseGraphUiStateHandler::onEnter()
 .text._ZN12StateMachine23BaseGraphUiStateHandler8onUpdateEv
                0x000000000800b304       0x12 CMakeFiles/PRO58Pub.elf.dir/Src/state_graph_base_ui.cpp.obj
                0x000000000800b304                StateMachine::BaseGraphUiStateHandler::onUpdate()
 .text._ZN12StateMachine23BaseGraphUiStateHandler14onButtonChangeE6ButtonN7Buttons9PressTypeE
                0x000000000800b316       0x1a CMakeFiles/PRO58Pub.elf.dir/Src/state_graph_base_ui.cpp.obj
                0x000000000800b316                StateMachine::BaseGraphUiStateHandler::onButtonChange(Button, Buttons::PressType)
 .text._ZN12StateMachine23BaseGraphUiStateHandler14onFSPinsChangeEh
                0x000000000800b330       0x16 CMakeFiles/PRO58Pub.elf.dir/Src/state_graph_base_ui.cpp.obj
                0x000000000800b330                StateMachine::BaseGraphUiStateHandler::onFSPinsChange(unsigned char)
 .text._ZN12StateMachine23BaseGraphUiStateHandler13onInitialDrawEv
                0x000000000800b346       0x54 CMakeFiles/PRO58Pub.elf.dir/Src/state_graph_base_ui.cpp.obj
                0x000000000800b346                StateMachine::BaseGraphUiStateHandler::onInitialDraw()
 .text._ZN12StateMachine23BaseGraphUiStateHandler12onUpdateDrawEv
                0x000000000800b39a       0x74 CMakeFiles/PRO58Pub.elf.dir/Src/state_graph_base_ui.cpp.obj
                0x000000000800b39a                StateMachine::BaseGraphUiStateHandler::onUpdateDraw()
 *fill*         0x000000000800b40e        0x2 
 .text._ZN12StateMachine23BaseGraphUiStateHandler11drawBordersEv
                0x000000000800b410       0x38 CMakeFiles/PRO58Pub.elf.dir/Src/state_graph_base_ui.cpp.obj
                0x000000000800b410                StateMachine::BaseGraphUiStateHandler::drawBorders()
 .text._ZN12StateMachine23BaseGraphUiStateHandler15drawChannelTextEv
                0x000000000800b448       0x48 CMakeFiles/PRO58Pub.elf.dir/Src/state_graph_base_ui.cpp.obj
                0x000000000800b448                StateMachine::BaseGraphUiStateHandler::drawChannelText()
 .text._ZN12StateMachine23BaseGraphUiStateHandler17drawFrequencyTextEv
                0x000000000800b490       0x48 CMakeFiles/PRO58Pub.elf.dir/Src/state_graph_base_ui.cpp.obj
                0x000000000800b490                StateMachine::BaseGraphUiStateHandler::drawFrequencyText()
 .text._ZN12StateMachine23BaseGraphUiStateHandler13drawRssiGraphEv
                0x000000000800b4d8      0x178 CMakeFiles/PRO58Pub.elf.dir/Src/state_graph_base_ui.cpp.obj
                0x000000000800b4d8                StateMachine::BaseGraphUiStateHandler::drawRssiGraph()
 .text._ZN12StateMachine16MenuStateHandler7onEnterEv
                0x000000000800b650       0x84 CMakeFiles/PRO58Pub.elf.dir/Src/state_menu.cpp.obj
                0x000000000800b650                StateMachine::MenuStateHandler::onEnter()
 .text._ZN12StateMachine16MenuStateHandler14onButtonChangeE6ButtonN7Buttons9PressTypeE
                0x000000000800b6d4       0x5c CMakeFiles/PRO58Pub.elf.dir/Src/state_menu.cpp.obj
                0x000000000800b6d4                StateMachine::MenuStateHandler::onButtonChange(Button, Buttons::PressType)
 .text._ZL17searchMenuHandlerv
                0x000000000800b730        0xe CMakeFiles/PRO58Pub.elf.dir/Src/state_menu.cpp.obj
 .text._ZL22bandScannerMenuHandlerv
                0x000000000800b73e        0xe CMakeFiles/PRO58Pub.elf.dir/Src/state_menu.cpp.obj
 .text._ZL19settingsMenuHandlerv
                0x000000000800b74c        0xe CMakeFiles/PRO58Pub.elf.dir/Src/state_menu.cpp.obj
 .text._ZL21favouritesMenuHandlerv
                0x000000000800b75a        0xe CMakeFiles/PRO58Pub.elf.dir/Src/state_menu.cpp.obj
 .text._ZN12StateMachine16MenuStateHandler13onInitialDrawEv
                0x000000000800b768       0x22 CMakeFiles/PRO58Pub.elf.dir/Src/state_menu_ui.cpp.obj
                0x000000000800b768                StateMachine::MenuStateHandler::onInitialDraw()
 .text._ZN12StateMachine16MenuStateHandler12onUpdateDrawEv
                0x000000000800b78a       0x26 CMakeFiles/PRO58Pub.elf.dir/Src/state_menu_ui.cpp.obj
                0x000000000800b78a                StateMachine::MenuStateHandler::onUpdateDraw()
 .text._ZN12StateMachine16MenuStateHandler13drawMenuEntryEv
                0x000000000800b7b0       0xa0 CMakeFiles/PRO58Pub.elf.dir/Src/state_menu_ui.cpp.obj
                0x000000000800b7b0                StateMachine::MenuStateHandler::drawMenuEntry()
 .text._ZL13drawTrianglesv
                0x000000000800b850       0x48 CMakeFiles/PRO58Pub.elf.dir/Src/state_menu_ui.cpp.obj
 .text._ZN12StateMachine23ScreensaverStateHandler7onEnterEv
                0x000000000800b898       0x18 CMakeFiles/PRO58Pub.elf.dir/Src/state_screensaver.cpp.obj
                0x000000000800b898                StateMachine::ScreensaverStateHandler::onEnter()
 .text._ZN12StateMachine23ScreensaverStateHandler8onUpdateEv
                0x000000000800b8b0       0x3c CMakeFiles/PRO58Pub.elf.dir/Src/state_screensaver.cpp.obj
                0x000000000800b8b0                StateMachine::ScreensaverStateHandler::onUpdate()
 .text._ZN12StateMachine23ScreensaverStateHandler14onButtonChangeE6ButtonN7Buttons9PressTypeE
                0x000000000800b8ec       0x28 CMakeFiles/PRO58Pub.elf.dir/Src/state_screensaver.cpp.obj
                0x000000000800b8ec                StateMachine::ScreensaverStateHandler::onButtonChange(Button, Buttons::PressType)
 .text._ZN12StateMachine23ScreensaverStateHandler13onInitialDrawEv
                0x000000000800b914       0xe8 CMakeFiles/PRO58Pub.elf.dir/Src/state_screensaver.cpp.obj
                0x000000000800b914                StateMachine::ScreensaverStateHandler::onInitialDraw()
 .text._ZN12StateMachine23ScreensaverStateHandler12onUpdateDrawEv
                0x000000000800b9fc       0x1a CMakeFiles/PRO58Pub.elf.dir/Src/state_screensaver.cpp.obj
                0x000000000800b9fc                StateMachine::ScreensaverStateHandler::onUpdateDraw()
 .text._ZN12StateMachine23ScreensaverStateHandler14onFSPinsChangeEh
                0x000000000800ba16       0x24 CMakeFiles/PRO58Pub.elf.dir/Src/state_screensaver.cpp.obj
                0x000000000800ba16                StateMachine::ScreensaverStateHandler::onFSPinsChange(unsigned char)
 .text._ZN12StateMachine23ScreensaverStateHandler10resetStateEv
                0x000000000800ba3a       0x24 CMakeFiles/PRO58Pub.elf.dir/Src/state_screensaver.cpp.obj
                0x000000000800ba3a                StateMachine::ScreensaverStateHandler::resetState()
 *fill*         0x000000000800ba5e        0x2 
 .text._ZL12menuModeIconPv
                0x000000000800ba60       0x30 CMakeFiles/PRO58Pub.elf.dir/Src/state_search.cpp.obj
 .text._ZL15menuModeHandlerPv
                0x000000000800ba90       0x3c CMakeFiles/PRO58Pub.elf.dir/Src/state_search.cpp.obj
 .text._ZN12StateMachine18SearchStateHandler7onEnterEv
                0x000000000800bacc       0x58 CMakeFiles/PRO58Pub.elf.dir/Src/state_search.cpp.obj
                0x000000000800bacc                StateMachine::SearchStateHandler::onEnter()
 .text._ZN12StateMachine18SearchStateHandler8onUpdateEv
                0x000000000800bb24       0x2a CMakeFiles/PRO58Pub.elf.dir/Src/state_search.cpp.obj
                0x000000000800bb24                StateMachine::SearchStateHandler::onUpdate()
 *fill*         0x000000000800bb4e        0x2 
 .text._ZN12StateMachine18SearchStateHandler12onUpdateAutoEv
                0x000000000800bb50       0xf8 CMakeFiles/PRO58Pub.elf.dir/Src/state_search.cpp.obj
                0x000000000800bb50                StateMachine::SearchStateHandler::onUpdateAuto()
 .text._ZN12StateMachine18SearchStateHandler14onButtonChangeE6ButtonN7Buttons9PressTypeE
                0x000000000800bc48      0x13c CMakeFiles/PRO58Pub.elf.dir/Src/state_search.cpp.obj
                0x000000000800bc48                StateMachine::SearchStateHandler::onButtonChange(Button, Buttons::PressType)
 .text._ZN12StateMachine18SearchStateHandler17setAndSaveChannelEv
                0x000000000800bd84       0x1e CMakeFiles/PRO58Pub.elf.dir/Src/state_search.cpp.obj
                0x000000000800bd84                StateMachine::SearchStateHandler::setAndSaveChannel()
 *fill*         0x000000000800bda2        0x2 
 .text._ZN12StateMachine18SearchStateHandler14onFSPinsChangeEh
                0x000000000800bda4       0x38 CMakeFiles/PRO58Pub.elf.dir/Src/state_search.cpp.obj
                0x000000000800bda4                StateMachine::SearchStateHandler::onFSPinsChange(unsigned char)
 .text._Z41__static_initialization_and_destruction_0ii
                0x000000000800bddc       0x30 CMakeFiles/PRO58Pub.elf.dir/Src/state_search.cpp.obj
 .text._GLOBAL__sub_I__ZN12StateMachine18SearchStateHandler7onEnterEv
                0x000000000800be0c       0x10 CMakeFiles/PRO58Pub.elf.dir/Src/state_search.cpp.obj
 .text._ZN12StateMachine18SearchStateHandler11drawScanBarEv
                0x000000000800be1c       0x50 CMakeFiles/PRO58Pub.elf.dir/Src/state_search_ui.cpp.obj
                0x000000000800be1c                StateMachine::SearchStateHandler::drawScanBar()
 .text._ZN12StateMachine18SearchStateHandler8drawMenuEv
                0x000000000800be6c       0x1a CMakeFiles/PRO58Pub.elf.dir/Src/state_search_ui.cpp.obj
                0x000000000800be6c                StateMachine::SearchStateHandler::drawMenu()
 *fill*         0x000000000800be86        0x2 
 .text._ZN12StateMachine20SettingsStateHandler7onEnterEv
                0x000000000800be88      0x190 CMakeFiles/PRO58Pub.elf.dir/Src/state_settings.cpp.obj
                0x000000000800be88                StateMachine::SettingsStateHandler::onEnter()
 .text._ZN12StateMachine20SettingsStateHandler6onExitEv
                0x000000000800c018       0x12 CMakeFiles/PRO58Pub.elf.dir/Src/state_settings.cpp.obj
                0x000000000800c018                StateMachine::SettingsStateHandler::onExit()
 .text._ZN12StateMachine20SettingsStateHandler8onUpdateEv
                0x000000000800c02a       0x12 CMakeFiles/PRO58Pub.elf.dir/Src/state_settings.cpp.obj
                0x000000000800c02a                StateMachine::SettingsStateHandler::onUpdate()
 .text._ZN12StateMachine20SettingsStateHandler14onButtonChangeE6ButtonN7Buttons9PressTypeE
                0x000000000800c03c       0x80 CMakeFiles/PRO58Pub.elf.dir/Src/state_settings.cpp.obj
                0x000000000800c03c                StateMachine::SettingsStateHandler::onButtonChange(Button, Buttons::PressType)
 .text._ZN12StateMachine20SettingsStateHandler17resetConfirmationEv
                0x000000000800c0bc       0x60 CMakeFiles/PRO58Pub.elf.dir/Src/state_settings.cpp.obj
                0x000000000800c0bc                StateMachine::SettingsStateHandler::resetConfirmation()
 .text._ZL24diveristyModeMenuHandlerPN2Ui16SettingsMenuItemE
                0x000000000800c11c       0x74 CMakeFiles/PRO58Pub.elf.dir/Src/state_settings.cpp.obj
 .text._ZL26rssiCalibrationMenuHandlerPN2Ui16SettingsMenuItemE
                0x000000000800c190       0x16 CMakeFiles/PRO58Pub.elf.dir/Src/state_settings.cpp.obj
 .text._ZL19callsignMenuHandlerPN2Ui16SettingsMenuItemE
                0x000000000800c1a6       0x16 CMakeFiles/PRO58Pub.elf.dir/Src/state_settings.cpp.obj
 .text._ZL15exitMenuHandlerPN2Ui16SettingsMenuItemE
                0x000000000800c1bc       0x16 CMakeFiles/PRO58Pub.elf.dir/Src/state_settings.cpp.obj
 *fill*         0x000000000800c1d2        0x2 
 .text._ZL24buzzerSettingMenuHandlerPN2Ui16SettingsMenuItemE
                0x000000000800c1d4       0x50 CMakeFiles/PRO58Pub.elf.dir/Src/state_settings.cpp.obj
 .text._ZL29favouritesSettingsMenuHandlerPN2Ui16SettingsMenuItemE
                0x000000000800c224       0x16 CMakeFiles/PRO58Pub.elf.dir/Src/state_settings.cpp.obj
 *fill*         0x000000000800c23a        0x2 
 .text._ZL29screensaverSettingMenuHandlerPN2Ui16SettingsMenuItemE
                0x000000000800c23c       0x50 CMakeFiles/PRO58Pub.elf.dir/Src/state_settings.cpp.obj
 .text._ZL21flipScreenMenuHandlerPN2Ui16SettingsMenuItemE
                0x000000000800c28c       0x68 CMakeFiles/PRO58Pub.elf.dir/Src/state_settings.cpp.obj
 .text._ZL21fsPinsModeMenuHandlerPN2Ui16SettingsMenuItemE
                0x000000000800c2f4       0x64 CMakeFiles/PRO58Pub.elf.dir/Src/state_settings.cpp.obj
 .text._ZL24resetSettingsMenuHandlerPN2Ui16SettingsMenuItemE
                0x000000000800c358       0x54 CMakeFiles/PRO58Pub.elf.dir/Src/state_settings.cpp.obj
 .text._ZN12StateMachine28SettingsCallsignStateHandler7onEnterEv
                0x000000000800c3ac       0x28 CMakeFiles/PRO58Pub.elf.dir/Src/state_settings_callsign.cpp.obj
                0x000000000800c3ac                StateMachine::SettingsCallsignStateHandler::onEnter()
 .text._ZN12StateMachine28SettingsCallsignStateHandler8onUpdateEv
                0x000000000800c3d4       0x12 CMakeFiles/PRO58Pub.elf.dir/Src/state_settings_callsign.cpp.obj
                0x000000000800c3d4                StateMachine::SettingsCallsignStateHandler::onUpdate()
 *fill*         0x000000000800c3e6        0x2 
 .text._ZN12StateMachine28SettingsCallsignStateHandler14onButtonChangeE6ButtonN7Buttons9PressTypeE
                0x000000000800c3e8      0x184 CMakeFiles/PRO58Pub.elf.dir/Src/state_settings_callsign.cpp.obj
                0x000000000800c3e8                StateMachine::SettingsCallsignStateHandler::onButtonChange(Button, Buttons::PressType)
 .text._ZN12StateMachine28SettingsCallsignStateHandler13onInitialDrawEv
                0x000000000800c56c       0x14 CMakeFiles/PRO58Pub.elf.dir/Src/state_settings_callsign.cpp.obj
                0x000000000800c56c                StateMachine::SettingsCallsignStateHandler::onInitialDraw()
 .text._ZN12StateMachine28SettingsCallsignStateHandler12onUpdateDrawEv
                0x000000000800c580      0x188 CMakeFiles/PRO58Pub.elf.dir/Src/state_settings_callsign.cpp.obj
                0x000000000800c580                StateMachine::SettingsCallsignStateHandler::onUpdateDraw()
 .text._Z41__static_initialization_and_destruction_0ii
                0x000000000800c708       0x30 CMakeFiles/PRO58Pub.elf.dir/Src/state_settings_callsign.cpp.obj
 .text._GLOBAL__sub_I__ZN12StateMachine28SettingsCallsignStateHandler7onEnterEv
                0x000000000800c738       0x10 CMakeFiles/PRO58Pub.elf.dir/Src/state_settings_callsign.cpp.obj
 .text._ZN12StateMachine30SettingsFavouritesStateHandler7onEnterEv
                0x000000000800c748       0x18 CMakeFiles/PRO58Pub.elf.dir/Src/state_settings_favourites.cpp.obj
                0x000000000800c748                StateMachine::SettingsFavouritesStateHandler::onEnter()
 .text._ZN12StateMachine30SettingsFavouritesStateHandler8onUpdateEv
                0x000000000800c760       0x12 CMakeFiles/PRO58Pub.elf.dir/Src/state_settings_favourites.cpp.obj
                0x000000000800c760                StateMachine::SettingsFavouritesStateHandler::onUpdate()
 *fill*         0x000000000800c772        0x2 