Archive member included to satisfy reference by file (symbol)

/usr/local/Cellar/gcc-arm-none-eabi-63/20170628/bin/../lib/gcc/arm-none-eabi/6.3.1/../../../../arm-none-eabi/lib/thumb/v7-m/libstdc++_nano.a(class_type_info.o)
                              CMakeFiles/PRO58Pub.elf.dir/Src/Print.cpp.obj (vtable for __cxxabiv1::__class_type_info)
/usr/local/Cellar/gcc-arm-none-eabi-63/20170628/bin/../lib/gcc/arm-none-eabi/6.3.1/../../../../arm-none-eabi/lib/thumb/v7-m/libstdc++_nano.a(del_ops.o)
                              /usr/local/Cellar/gcc-arm-none-eabi-63/20170628/bin/../lib/gcc/arm-none-eabi/6.3.1/../../../../arm-none-eabi/lib/thumb/v7-m/libstdc++_nano.a(class_type_info.o) (operator delete(void*, unsigned int))
/usr/local/Cellar/gcc-arm-none-eabi-63/20170628/bin/../lib/gcc/arm-none-eabi/6.3.1/../../../../arm-none-eabi/lib/thumb/v7-m/libstdc++_nano.a(eh_arm.o)
                              CMakeFiles/PRO58Pub.elf.dir/Src/state.cpp.obj (__cxa_end_cleanup)
/usr/local/Cellar/gcc-arm-none-eabi-63/20170628/bin/../lib/gcc/arm-none-eabi/6.3.1/../../../../arm-none-eabi/lib/thumb/v7-m/libstdc++_nano.a(eh_exception.o)
                              /usr/local/Cellar/gcc-arm-none-eabi-63/20170628/bin/../lib/gcc/arm-none-eabi/6.3.1/../../../../arm-none-eabi/lib/thumb/v7-m/libstdc++_nano.a(eh_arm.o) (typeinfo for __cxxabiv1::__forced_unwind)
/usr/local/Cellar/gcc-arm-none-eabi-63/20170628/bin/../lib/gcc/arm-none-eabi/6.3.1/../../../../arm-none-eabi/lib/thumb/v7-m/libstdc++_nano.a(eh_globals.o)
                              /usr/local/Cellar/gcc-arm-none-eabi-63/20170628/bin/../lib/gcc/arm-none-eabi/6.3.1/../../../../arm-none-eabi/lib/thumb/v7-m/libstdc++_nano.a(eh_arm.o) (__cxa_get_globals)
/usr/local/Cellar/gcc-arm-none-eabi-63/20170628/bin/../lib/gcc/arm-none-eabi/6.3.1/../../../../arm-none-eabi/lib/thumb/v7-m/libstdc++_nano.a(eh_personality.o)
                              CMakeFiles/PRO58Pub.elf.dir/Src/state.cpp.obj (__gxx_personality_v0)
/usr/local/Cellar/gcc-arm-none-eabi-63/20170628/bin/../lib/gcc/arm-none-eabi/6.3.1/../../../../arm-none-eabi/lib/thumb/v7-m/libstdc++_nano.a(eh_terminate.o)
                              /usr/local/Cellar/gcc-arm-none-eabi-63/20170628/bin/../lib/gcc/arm-none-eabi/6.3.1/../../../../arm-none-eabi/lib/thumb/v7-m/libstdc++_nano.a(eh_arm.o) (std::terminate())
/usr/local/Cellar/gcc-arm-none-eabi-63/20170628/bin/../lib/gcc/arm-none-eabi/6.3.1/../../../../arm-none-eabi/lib/thumb/v7-m/libstdc++_nano.a(eh_unex_handler.o)
                              /usr/local/Cellar/gcc-arm-none-eabi-63/20170628/bin/../lib/gcc/arm-none-eabi/6.3.1/../../../../arm-none-eabi/lib/thumb/v7-m/libstdc++_nano.a(eh_terminate.o) (__cxxabiv1::__unexpected_handler)
/usr/local/Cellar/gcc-arm-none-eabi-63/20170628/bin/../lib/gcc/arm-none-eabi/6.3.1/../../../../arm-none-eabi/lib/thumb/v7-m/libstdc++_nano.a(guard.o)
                              CMakeFiles/PRO58Pub.elf.dir/Src/state.cpp.obj (__cxa_guard_acquire)
/usr/local/Cellar/gcc-arm-none-eabi-63/20170628/bin/../lib/gcc/arm-none-eabi/6.3.1/../../../../arm-none-eabi/lib/thumb/v7-m/libstdc++_nano.a(pure.o)
                              CMakeFiles/PRO58Pub.elf.dir/Src/Adafruit_GFX_AS.cpp.obj (__cxa_pure_virtual)
/usr/local/Cellar/gcc-arm-none-eabi-63/20170628/bin/../lib/gcc/arm-none-eabi/6.3.1/../../../../arm-none-eabi/lib/thumb/v7-m/libstdc++_nano.a(si_class_type_info.o)
                              CMakeFiles/PRO58Pub.elf.dir/Src/Adafruit_GFX_AS.cpp.obj (vtable for __cxxabiv1::__si_class_type_info)
/usr/local/Cellar/gcc-arm-none-eabi-63/20170628/bin/../lib/gcc/arm-none-eabi/6.3.1/../../../../arm-none-eabi/lib/thumb/v7-m/libstdc++_nano.a(tinfo.o)
                              /usr/local/Cellar/gcc-arm-none-eabi-63/20170628/bin/../lib/gcc/arm-none-eabi/6.3.1/../../../../arm-none-eabi/lib/thumb/v7-m/libstdc++_nano.a(class_type_info.o) (std::type_info::~type_info())
/usr/local/Cellar/gcc-arm-none-eabi-63/20170628/bin/../lib/gcc/arm-none-eabi/6.3.1/../../../../arm-none-eabi/lib/thumb/v7-m/libstdc++_nano.a(del_op.o)
                              /usr/local/Cellar/gcc-arm-none-eabi-63/20170628/bin/../lib/gcc/arm-none-eabi/6.3.1/../../../../arm-none-eabi/lib/thumb/v7-m/libstdc++_nano.a(del_ops.o) (operator delete(void*))
/usr/local/Cellar/gcc-arm-none-eabi-63/20170628/bin/../lib/gcc/arm-none-eabi/6.3.1/../../../../arm-none-eabi/lib/thumb/v7-m/libstdc++_nano.a(eh_call.o)
                              /usr/local/Cellar/gcc-arm-none-eabi-63/20170628/bin/../lib/gcc/arm-none-eabi/6.3.1/../../../../arm-none-eabi/lib/thumb/v7-m/libstdc++_nano.a(eh_personality.o) (__cxa_call_terminate)
/usr/local/Cellar/gcc-arm-none-eabi-63/20170628/bin/../lib/gcc/arm-none-eabi/6.3.1/../../../../arm-none-eabi/lib/thumb/v7-m/libstdc++_nano.a(eh_catch.o)
                              /usr/local/Cellar/gcc-arm-none-eabi-63/20170628/bin/../lib/gcc/arm-none-eabi/6.3.1/../../../../arm-none-eabi/lib/thumb/v7-m/libstdc++_nano.a(eh_call.o) (__cxa_begin_catch)
[...]
Memory Configuration

Name             Origin             Length             Attributes
RAM              0x0000000020000000 0x0000000000005000 xrw
FLASH            0x0000000008000000 0x0000000000010000 xr
*default*        0x0000000000000000 0xffffffffffffffff

Linker script and memory map

LOAD /usr/local/Cellar/gcc-arm-none-eabi-63/20170628/bin/../lib/gcc/arm-none-eabi/6.3.1/thumb/v7-m/crti.o
LOAD /usr/local/Cellar/gcc-arm-none-eabi-63/20170628/bin/../lib/gcc/arm-none-eabi/6.3.1/thumb/v7-m/crtbegin.o
LOAD /usr/local/Cellar/gcc-arm-none-eabi-63/20170628/bin/../lib/gcc/arm-none-eabi/6.3.1/../../../../arm-none-eabi/lib/thumb/v7-m/crt0.o
LOAD CMakeFiles/PRO58Pub.elf.dir/Drivers/STM32F1xx_HAL_Driver/Src/stm32f1xx_hal.c.obj
LOAD CMakeFiles/PRO58Pub.elf.dir/Drivers/STM32F1xx_HAL_Driver/Src/stm32f1xx_hal_adc.c.obj
LOAD CMakeFiles/PRO58Pub.elf.dir/Drivers/STM32F1xx_HAL_Driver/Src/stm32f1xx_hal_adc_ex.c.obj
LOAD CMakeFiles/PRO58Pub.elf.dir/Drivers/STM32F1xx_HAL_Driver/Src/stm32f1xx_hal_can.c.obj
LOAD CMakeFiles/PRO58Pub.elf.dir/Drivers/STM32F1xx_HAL_Driver/Src/stm32f1xx_hal_cec.c.obj
LOAD CMakeFiles/PRO58Pub.elf.dir/Drivers/STM32F1xx_HAL_Driver/Src/stm32f1xx_hal_cortex.c.obj
LOAD CMakeFiles/PRO58Pub.elf.dir/Drivers/STM32F1xx_HAL_Driver/Src/stm32f1xx_hal_crc.c.obj
LOAD CMakeFiles/PRO58Pub.elf.dir/Drivers/STM32F1xx_HAL_Driver/Src/stm32f1xx_hal_dac.c.obj
LOAD CMakeFiles/PRO58Pub.elf.dir/Drivers/STM32F1xx_HAL_Driver/Src/stm32f1xx_hal_dac_ex.c.obj
LOAD CMakeFiles/PRO58Pub.elf.dir/Drivers/STM32F1xx_HAL_Driver/Src/stm32f1xx_hal_dma.c.obj
LOAD CMakeFiles/PRO58Pub.elf.dir/Drivers/STM32F1xx_HAL_Driver/Src/stm32f1xx_hal_eth.c.obj
LOAD CMakeFiles/PRO58Pub.elf.dir/Drivers/STM32F1xx_HAL_Driver/Src/stm32f1xx_hal_flash.c.obj
LOAD CMakeFiles/PRO58Pub.elf.dir/Drivers/STM32F1xx_HAL_Driver/Src/stm32f1xx_hal_flash_ex.c.obj
LOAD CMakeFiles/PRO58Pub.elf.dir/Drivers/STM32F1xx_HAL_Driver/Src/stm32f1xx_hal_gpio.c.obj
LOAD CMakeFiles/PRO58Pub.elf.dir/Drivers/STM32F1xx_HAL_Driver/Src/stm32f1xx_hal_gpio_ex.c.obj
LOAD CMakeFiles/PRO58Pub.elf.dir/Drivers/STM32F1xx_HAL_Driver/Src/stm32f1xx_hal_hcd.c.obj
LOAD CMakeFiles/PRO58Pub.elf.dir/Drivers/STM32F1xx_HAL_Driver/Src/stm32f1xx_hal_i2c.c.obj
LOAD CMakeFiles/PRO58Pub.elf.dir/Drivers/STM32F1xx_HAL_Driver/Src/stm32f1xx_hal_i2s.c.obj
LOAD CMakeFiles/PRO58Pub.elf.dir/Drivers/STM32F1xx_HAL_Driver/Src/stm32f1xx_hal_irda.c.obj
LOAD CMakeFiles/PRO58Pub.elf.dir/Drivers/STM32F1xx_HAL_Driver/Src/stm32f1xx_hal_iwdg.c.obj
LOAD CMakeFiles/PRO58Pub.elf.dir/Drivers/STM32F1xx_HAL_Driver/Src/stm32f1xx_hal_mmc.c.obj
LOAD CMakeFiles/PRO58Pub.elf.dir/Drivers/STM32F1xx_HAL_Driver/Src/stm32f1xx_hal_nand.c.obj
LOAD CMakeFiles/PRO58Pub.elf.dir/Drivers/STM32F1xx_HAL_Driver/Src/stm32f1xx_hal_nor.c.obj
LOAD CMakeFiles/PRO58Pub.elf.dir/Drivers/STM32F1xx_HAL_Driver/Src/stm32f1xx_hal_pccard.c.obj
LOAD CMakeFiles/PRO58Pub.elf.dir/Drivers/STM32F1xx_HAL_Driver/Src/stm32f1xx_hal_pcd.c.obj
LOAD CMakeFiles/PRO58Pub.elf.dir/Drivers/STM32F1xx_HAL_Driver/Src/stm32f1xx_hal_pcd_ex.c.obj
LOAD CMakeFiles/PRO58Pub.elf.dir/Drivers/STM32F1xx_HAL_Driver/Src/stm32f1xx_hal_pwr.c.obj
LOAD CMakeFiles/PRO58Pub.elf.dir/Drivers/STM32F1xx_HAL_Driver/Src/stm32f1xx_hal_rcc.c.obj
LOAD CMakeFiles/PRO58Pub.elf.dir/Drivers/STM32F1xx_HAL_Driver/Src/stm32f1xx_hal_rcc_ex.c.obj
LOAD CMakeFiles/PRO58Pub.elf.dir/Drivers/STM32F1xx_HAL_Driver/Src/stm32f1xx_hal_rtc.c.obj
LOAD CMakeFiles/PRO58Pub.elf.dir/Drivers/STM32F1xx_HAL_Driver/Src/stm32f1xx_hal_rtc_ex.c.obj
LOAD CMakeFiles/PRO58Pub.elf.dir/Drivers/STM32F1xx_HAL_Driver/Src/stm32f1xx_hal_sd.c.obj
LOAD CMakeFiles/PRO58Pub.elf.dir/Drivers/STM32F1xx_HAL_Driver/Src/stm32f1xx_hal_smartcard.c.obj
LOAD CMakeFiles/PRO58Pub.elf.dir/Drivers/STM32F1xx_HAL_Driver/Src/stm32f1xx_hal_spi.c.obj
LOAD CMakeFiles/PRO58Pub.elf.dir/Drivers/STM32F1xx_HAL_Driver/Src/stm32f1xx_hal_spi_ex.c.obj
LOAD CMakeFiles/PRO58Pub.elf.dir/Drivers/STM32F1xx_HAL_Driver/Src/stm32f1xx_hal_sram.c.obj
LOAD CMakeFiles/PRO58Pub.elf.dir/Drivers/STM32F1xx_HAL_Driver/Src/stm32f1xx_hal_tim.c.obj
LOAD CMakeFiles/PRO58Pub.elf.dir/Drivers/STM32F1xx_HAL_Driver/Src/stm32f1xx_hal_tim_ex.c.obj
LOAD CMakeFiles/PRO58Pub.elf.dir/Drivers/STM32F1xx_HAL_Driver/Src/stm32f1xx_hal_uart.c.obj
LOAD CMakeFiles/PRO58Pub.elf.dir/Drivers/STM32F1xx_HAL_Driver/Src/stm32f1xx_hal_usart.c.obj
LOAD CMakeFiles/PRO58Pub.elf.dir/Drivers/STM32F1xx_HAL_Driver/Src/stm32f1xx_hal_wwdg.c.obj
LOAD CMakeFiles/PRO58Pub.elf.dir/Drivers/STM32F1xx_HAL_Driver/Src/stm32f1xx_ll_adc.c.obj
LOAD CMakeFiles/PRO58Pub.elf.dir/Drivers/STM32F1xx_HAL_Driver/Src/stm32f1xx_ll_crc.c.obj
LOAD CMakeFiles/PRO58Pub.elf.dir/Drivers/STM32F1xx_HAL_Driver/Src/stm32f1xx_ll_dac.c.obj
LOAD CMakeFiles/PRO58Pub.elf.dir/Drivers/STM32F1xx_HAL_Driver/Src/stm32f1xx_ll_dma.c.obj
LOAD CMakeFiles/PRO58Pub.elf.dir/Drivers/STM32F1xx_HAL_Driver/Src/stm32f1xx_ll_exti.c.obj
LOAD CMakeFiles/PRO58Pub.elf.dir/Drivers/STM32F1xx_HAL_Driver/Src/stm32f1xx_ll_fsmc.c.obj
LOAD CMakeFiles/PRO58Pub.elf.dir/Drivers/STM32F1xx_HAL_Driver/Src/stm32f1xx_ll_gpio.c.obj
LOAD CMakeFiles/PRO58Pub.elf.dir/Drivers/STM32F1xx_HAL_Driver/Src/stm32f1xx_ll_i2c.c.obj
LOAD CMakeFiles/PRO58Pub.elf.dir/Drivers/STM32F1xx_HAL_Driver/Src/stm32f1xx_ll_pwr.c.obj
LOAD CMakeFiles/PRO58Pub.elf.dir/Drivers/STM32F1xx_HAL_Driver/Src/stm32f1xx_ll_rcc.c.obj
LOAD CMakeFiles/PRO58Pub.elf.dir/Drivers/STM32F1xx_HAL_Driver/Src/stm32f1xx_ll_rtc.c.obj
LOAD CMakeFiles/PRO58Pub.elf.dir/Drivers/STM32F1xx_HAL_Driver/Src/stm32f1xx_ll_sdmmc.c.obj
LOAD CMakeFiles/PRO58Pub.elf.dir/Drivers/STM32F1xx_HAL_Driver/Src/stm32f1xx_ll_spi.c.obj
LOAD CMakeFiles/PRO58Pub.elf.dir/Drivers/STM32F1xx_HAL_Driver/Src/stm32f1xx_ll_tim.c.obj
LOAD CMakeFiles/PRO58Pub.elf.dir/Drivers/STM32F1xx_HAL_Driver/Src/stm32f1xx_ll_usart.c.obj
LOAD CMakeFiles/PRO58Pub.elf.dir/Drivers/STM32F1xx_HAL_Driver/Src/stm32f1xx_ll_usb.c.obj
LOAD CMakeFiles/PRO58Pub.elf.dir/Drivers/STM32F1xx_HAL_Driver/Src/stm32f1xx_ll_utils.c.obj
LOAD CMakeFiles/PRO58Pub.elf.dir/Src/Adafruit_GFX_AS.cpp.obj
LOAD CMakeFiles/PRO58Pub.elf.dir/Src/DWT_Delay.c.obj
LOAD CMakeFiles/PRO58Pub.elf.dir/Src/Eeprom24C01_02.cpp.obj
LOAD CMakeFiles/PRO58Pub.elf.dir/Src/Print.cpp.obj
LOAD CMakeFiles/PRO58Pub.elf.dir/Src/SSD1306_STM32.cpp.obj
LOAD CMakeFiles/PRO58Pub.elf.dir/Src/adc.c.obj
LOAD CMakeFiles/PRO58Pub.elf.dir/Src/beeper.cpp.obj
LOAD CMakeFiles/PRO58Pub.elf.dir/Src/buttons.cpp.obj
LOAD CMakeFiles/PRO58Pub.elf.dir/Src/channels.cpp.obj
LOAD CMakeFiles/PRO58Pub.elf.dir/Src/dma.c.obj
LOAD CMakeFiles/PRO58Pub.elf.dir/Src/eeprom_emulated.cpp.obj
LOAD CMakeFiles/PRO58Pub.elf.dir/Src/fatshark_pins.cpp.obj
LOAD CMakeFiles/PRO58Pub.elf.dir/Src/filter.c.obj
LOAD CMakeFiles/PRO58Pub.elf.dir/Src/glcdfont.c.obj
LOAD CMakeFiles/PRO58Pub.elf.dir/Src/gpio.c.obj
LOAD CMakeFiles/PRO58Pub.elf.dir/Src/i2c.c.obj
LOAD CMakeFiles/PRO58Pub.elf.dir/Src/i2c_reset.c.obj
LOAD CMakeFiles/PRO58Pub.elf.dir/Src/main.cpp.obj
LOAD CMakeFiles/PRO58Pub.elf.dir/Src/receiver.cpp.obj
LOAD CMakeFiles/PRO58Pub.elf.dir/Src/receiver_spi.cpp.obj
LOAD CMakeFiles/PRO58Pub.elf.dir/Src/settings_eeprom.cpp.obj
LOAD CMakeFiles/PRO58Pub.elf.dir/Src/state.cpp.obj
LOAD CMakeFiles/PRO58Pub.elf.dir/Src/state_bandscan.cpp.obj
LOAD CMakeFiles/PRO58Pub.elf.dir/Src/state_favourite_screen.cpp.obj
LOAD CMakeFiles/PRO58Pub.elf.dir/Src/state_favourite_screen_ui.cpp.obj
LOAD CMakeFiles/PRO58Pub.elf.dir/Src/state_graph_base_ui.cpp.obj
LOAD CMakeFiles/PRO58Pub.elf.dir/Src/state_menu.cpp.obj
LOAD CMakeFiles/PRO58Pub.elf.dir/Src/state_menu_ui.cpp.obj
LOAD CMakeFiles/PRO58Pub.elf.dir/Src/state_screensaver.cpp.obj
LOAD CMakeFiles/PRO58Pub.elf.dir/Src/state_search.cpp.obj
LOAD CMakeFiles/PRO58Pub.elf.dir/Src/state_search_ui.cpp.obj
LOAD CMakeFiles/PRO58Pub.elf.dir/Src/state_settings.cpp.obj
LOAD CMakeFiles/PRO58Pub.elf.dir/Src/state_settings_callsign.cpp.obj
LOAD CMakeFiles/PRO58Pub.elf.dir/Src/state_settings_favourites.cpp.obj
LOAD CMakeFiles/PRO58Pub.elf.dir/Src/state_settings_rssi.cpp.obj
LOAD CMakeFiles/PRO58Pub.elf.dir/Src/state_settings_ui.cpp.obj
LOAD CMakeFiles/PRO58Pub.elf.dir/Src/stm32f1xx_hal_msp.cpp.obj
LOAD CMakeFiles/PRO58Pub.elf.dir/Src/stm32f1xx_it.cpp.obj
LOAD CMakeFiles/PRO58Pub.elf.dir/Src/system_stm32f1xx.c.obj
LOAD CMakeFiles/PRO58Pub.elf.dir/Src/tim.c.obj
LOAD CMakeFiles/PRO58Pub.elf.dir/Src/timer.cpp.obj
LOAD CMakeFiles/PRO58Pub.elf.dir/Src/ui.cpp.obj
LOAD CMakeFiles/PRO58Pub.elf.dir/Src/ui_menu.cpp.obj
LOAD CMakeFiles/PRO58Pub.elf.dir/Src/ui_settings_menu.cpp.obj
LOAD CMakeFiles/PRO58Pub.elf.dir/Src/ui_state_menu.cpp.obj
LOAD CMakeFiles/PRO58Pub.elf.dir/Src/usart.c.obj
LOAD CMakeFiles/PRO58Pub.elf.dir/startup/startup_stm32f103xb.s.obj
LOAD /usr/local/Cellar/gcc-arm-none-eabi-63/20170628/bin/../lib/gcc/arm-none-eabi/6.3.1/../../../../arm-none-eabi/lib/thumb/v7-m/libstdc++_nano.a
LOAD /usr/local/Cellar/gcc-arm-none-eabi-63/20170628/bin/../lib/gcc/arm-none-eabi/6.3.1/../../../../arm-none-eabi/lib/thumb/v7-m/libm.a
START GROUP
LOAD /usr/local/Cellar/gcc-arm-none-eabi-63/20170628/bin/../lib/gcc/arm-none-eabi/6.3.1/thumb/v7-m/libgcc.a
LOAD /usr/local/Cellar/gcc-arm-none-eabi-63/20170628/bin/../lib/gcc/arm-none-eabi/6.3.1/../../../../arm-none-eabi/lib/thumb/v7-m/libg_nano.a
LOAD /usr/local/Cellar/gcc-arm-none-eabi-63/20170628/bin/../lib/gcc/arm-none-eabi/6.3.1/../../../../arm-none-eabi/lib/thumb/v7-m/libc_nano.a
END GROUP
START GROUP
LOAD /usr/local/Cellar/gcc-arm-none-eabi-63/20170628/bin/../lib/gcc/arm-none-eabi/6.3.1/thumb/v7-m/libgcc.a
LOAD /usr/local/Cellar/gcc-arm-none-eabi-63/20170628/bin/../lib/gcc/arm-none-eabi/6.3.1/../../../../arm-none-eabi/lib/thumb/v7-m/libc_nano.a
LOAD /usr/local/Cellar/gcc-arm-none-eabi-63/20170628/bin/../lib/gcc/arm-none-eabi/6.3.1/../../../../arm-none-eabi/lib/thumb/v7-m/libnosys.a
END GROUP
START GROUP
LOAD /usr/local/Cellar/gcc-arm-none-eabi-63/20170628/bin/../lib/gcc/arm-none-eabi/6.3.1/thumb/v7-m/libgcc.a
LOAD /usr/local/Cellar/gcc-arm-none-eabi-63/20170628/bin/../lib/gcc/arm-none-eabi/6.3.1/../../../../arm-none-eabi/lib/thumb/v7-m/libc_nano.a
LOAD /usr/local/Cellar/gcc-arm-none-eabi-63/20170628/bin/../lib/gcc/arm-none-eabi/6.3.1/../../../../arm-none-eabi/lib/thumb/v7-m/libnosys.a
END GROUP
LOAD /usr/local/Cellar/gcc-arm-none-eabi-63/20170628/bin/../lib/gcc/arm-none-eabi/6.3.1/thumb/v7-m/crtend.o
LOAD /usr/local/Cellar/gcc-arm-none-eabi-63/20170628/bin/../lib/gcc/arm-none-eabi/6.3.1/thumb/v7-m/crtn.o
                0x0000000020005000                _estack = 0x20005000
                0x0000000000000200                _Min_Heap_Size = 0x200
                0x0000000000000400                _Min_Stack_Size = 0x400

.isr_vector     0x0000000008000000      0x10c
                0x0000000008000000                . = ALIGN (0x4)
 *(.isr_vector)
 .isr_vector    0x0000000008000000      0x10c CMakeFiles/PRO58Pub.elf.dir/startup/startup_stm32f103xb.s.obj
                0x0000000008000000                g_pfnVectors
                0x000000000800010c                . = ALIGN (0x4)

.text           0x000000000800010c     0xb154
                0x000000000800010c                . = ALIGN (0x4)
 *(.text)
 .text          0x000000000800010c       0x6c /usr/local/Cellar/gcc-arm-none-eabi-63/20170628/bin/../lib/gcc/arm-none-eabi/6.3.1/thumb/v7-m/crtbegin.o
 .text          0x0000000008000178       0x30 /usr/local/Cellar/gcc-arm-none-eabi-63/20170628/bin/../lib/gcc/arm-none-eabi/6.3.1/thumb/v7-m/libgcc.a(_aeabi_uldivmod.o)
                0x0000000008000178                __aeabi_uldivmod
 .text          0x00000000080001a8      0x2dc /usr/local/Cellar/gcc-arm-none-eabi-63/20170628/bin/../lib/gcc/arm-none-eabi/6.3.1/thumb/v7-m/libgcc.a(_udivmoddi4.o)
                0x00000000080001a8                __udivmoddi4
 .text          0x0000000008000484      0x9dc /usr/local/Cellar/gcc-arm-none-eabi-63/20170628/bin/../lib/gcc/arm-none-eabi/6.3.1/thumb/v7-m/libgcc.a(unwind-arm.o)
                0x0000000008000748                _Unwind_GetCFA
                0x000000000800074c                __gnu_Unwind_RaiseException
                0x00000000080007ac                __gnu_Unwind_ForcedUnwind
                0x00000000080007c0                __gnu_Unwind_Resume
                0x0000000008000804                __gnu_Unwind_Resume_or_Rethrow
                0x0000000008000818                _Unwind_Complete
                0x000000000800081c                _Unwind_DeleteException
                0x0000000008000828                _Unwind_VRS_Get
                0x0000000008000874                _Unwind_VRS_Set
                0x00000000080008c4                __gnu_Unwind_Backtrace
                0x0000000008000c08                __aeabi_unwind_cpp_pr0
                0x0000000008000c0c                __aeabi_unwind_cpp_pr1
                0x0000000008000c10                __aeabi_unwind_cpp_pr2
                0x0000000008000c14                _Unwind_VRS_Pop
 .text          0x0000000008000e60      0x1ac /usr/local/Cellar/gcc-arm-none-eabi-63/20170628/bin/../lib/gcc/arm-none-eabi/6.3.1/thumb/v7-m/libgcc.a(libunwind.o)
                0x0000000008000e60                __restore_core_regs
                0x0000000008000e60                restore_core_regs
                0x0000000008000e78                __gnu_Unwind_Restore_VFP
                0x0000000008000e80                __gnu_Unwind_Save_VFP
                0x0000000008000e88                __gnu_Unwind_Restore_VFP_D
                0x0000000008000e90                __gnu_Unwind_Save_VFP_D
                0x0000000008000e98                __gnu_Unwind_Restore_VFP_D_16_to_31
                0x0000000008000ea0                __gnu_Unwind_Save_VFP_D_16_to_31
                0x0000000008000ea8                __gnu_Unwind_Restore_WMMXD
                0x0000000008000eec                __gnu_Unwind_Save_WMMXD
                0x0000000008000f30                __gnu_Unwind_Restore_WMMXC
                0x0000000008000f44                __gnu_Unwind_Save_WMMXC
                0x0000000008000f58                _Unwind_RaiseException
                0x0000000008000f58                ___Unwind_RaiseException
                0x0000000008000f7c                ___Unwind_Resume
                0x0000000008000f7c                _Unwind_Resume
                0x0000000008000fa0                ___Unwind_Resume_or_Rethrow
                0x0000000008000fa0                _Unwind_Resume_or_Rethrow
                0x0000000008000fc4                _Unwind_ForcedUnwind
                0x0000000008000fc4                ___Unwind_ForcedUnwind
                0x0000000008000fe8                _Unwind_Backtrace
                0x0000000008000fe8                ___Unwind_Backtrace
 .text          0x000000000800100c      0x384 /usr/local/Cellar/gcc-arm-none-eabi-63/20170628/bin/../lib/gcc/arm-none-eabi/6.3.1/thumb/v7-m/libgcc.a(pr-support.o)
                0x0000000008001064                __gnu_unwind_execute
                0x0000000008001334                __gnu_unwind_frame
                0x0000000008001360                _Unwind_GetRegionStart
                0x000000000800136c                _Unwind_GetLanguageSpecificData
                0x0000000008001380                _Unwind_GetTextRelBase
                0x0000000008001388                _Unwind_GetDataRelBase
 .text          0x0000000008001390        0x4 /usr/local/Cellar/gcc-arm-none-eabi-63/20170628/bin/../lib/gcc/arm-none-eabi/6.3.1/thumb/v7-m/libgcc.a(_dvmd_tls.o)
                0x0000000008001390                __aeabi_ldiv0
                0x0000000008001390                __aeabi_idiv0
 .text          0x0000000008001394       0x14 /usr/local/Cellar/gcc-arm-none-eabi-63/20170628/bin/../lib/gcc/arm-none-eabi/6.3.1/../../../../arm-none-eabi/lib/thumb/v7-m/libg_nano.a(lib_a-strcmp.o)
                0x0000000008001394                strcmp
 .text          0x00000000080013a8       0x10 /usr/local/Cellar/gcc-arm-none-eabi-63/20170628/bin/../lib/gcc/arm-none-eabi/6.3.1/../../../../arm-none-eabi/lib/thumb/v7-m/libg_nano.a(lib_a-strlen.o)
                0x00000000080013a8                strlen
 *(.text*)
 .text.HAL_InitTick
                0x00000000080013b8       0x2c CMakeFiles/PRO58Pub.elf.dir/Drivers/STM32F1xx_HAL_Driver/Src/stm32f1xx_hal.c.obj
                0x00000000080013b8                HAL_InitTick
 .text.HAL_Init
                0x00000000080013e4       0x24 CMakeFiles/PRO58Pub.elf.dir/Drivers/STM32F1xx_HAL_Driver/Src/stm32f1xx_hal.c.obj
                0x00000000080013e4                HAL_Init
 .text.HAL_IncTick
                0x0000000008001408       0x10 CMakeFiles/PRO58Pub.elf.dir/Drivers/STM32F1xx_HAL_Driver/Src/stm32f1xx_hal.c.obj
                0x0000000008001408                HAL_IncTick
 .text.HAL_GetTick
                0x0000000008001418        0xc CMakeFiles/PRO58Pub.elf.dir/Drivers/STM32F1xx_HAL_Driver/Src/stm32f1xx_hal.c.obj
                0x0000000008001418                HAL_GetTick
 .text.HAL_Delay
                0x0000000008001424       0x24 CMakeFiles/PRO58Pub.elf.dir/Drivers/STM32F1xx_HAL_Driver/Src/stm32f1xx_hal.c.obj
                0x0000000008001424                HAL_Delay
 .text.HAL_ADC_Init
                0x0000000008001448      0x16c CMakeFiles/PRO58Pub.elf.dir/Drivers/STM32F1xx_HAL_Driver/Src/stm32f1xx_hal_adc.c.obj
                0x0000000008001448                HAL_ADC_Init
 .text.HAL_ADC_Start_DMA
                0x00000000080015b4      0x178 CMakeFiles/PRO58Pub.elf.dir/Drivers/STM32F1xx_HAL_Driver/Src/stm32f1xx_hal_adc.c.obj
                0x00000000080015b4                HAL_ADC_Start_DMA
 .text.HAL_ADC_ConvCpltCallback
                0x000000000800172c        0x4 CMakeFiles/PRO58Pub.elf.dir/Drivers/STM32F1xx_HAL_Driver/Src/stm32f1xx_hal_adc.c.obj
                0x000000000800172c                HAL_ADC_ConvCpltCallback
 .text.ADC_DMAConvCplt
                0x0000000008001730       0x50 CMakeFiles/PRO58Pub.elf.dir/Drivers/STM32F1xx_HAL_Driver/Src/stm32f1xx_hal_adc.c.obj
                0x0000000008001730                ADC_DMAConvCplt
 .text.HAL_ADC_ConvHalfCpltCallback
                0x0000000008001780        0x4 CMakeFiles/PRO58Pub.elf.dir/Drivers/STM32F1xx_HAL_Driver/Src/stm32f1xx_hal_adc.c.obj
                0x0000000008001780                HAL_ADC_ConvHalfCpltCallback
 .text.ADC_DMAHalfConvCplt
                0x0000000008001784        0xc CMakeFiles/PRO58Pub.elf.dir/Drivers/STM32F1xx_HAL_Driver/Src/stm32f1xx_hal_adc.c.obj
                0x0000000008001784                ADC_DMAHalfConvCplt
 .text.HAL_ADC_ErrorCallback
                0x0000000008001790        0x4 CMakeFiles/PRO58Pub.elf.dir/Drivers/STM32F1xx_HAL_Driver/Src/stm32f1xx_hal_adc.c.obj
                0x0000000008001790                HAL_ADC_ErrorCallback
 .text.ADC_DMAError
                0x0000000008001794       0x1c CMakeFiles/PRO58Pub.elf.dir/Drivers/STM32F1xx_HAL_Driver/Src/stm32f1xx_hal_adc.c.obj
                0x0000000008001794                ADC_DMAError
 .text.HAL_ADC_ConfigChannel
                0x00000000080017b0      0x120 CMakeFiles/PRO58Pub.elf.dir/Drivers/STM32F1xx_HAL_Driver/Src/stm32f1xx_hal_adc.c.obj
                0x00000000080017b0                HAL_ADC_ConfigChannel
 .text.HAL_NVIC_SetPriorityGrouping
                0x00000000080018d0       0x24 CMakeFiles/PRO58Pub.elf.dir/Drivers/STM32F1xx_HAL_Driver/Src/stm32f1xx_hal_cortex.c.obj
                0x00000000080018d0                HAL_NVIC_SetPriorityGrouping
 .text.HAL_NVIC_SetPriority
                0x00000000080018f4       0x6c CMakeFiles/PRO58Pub.elf.dir/Drivers/STM32F1xx_HAL_Driver/Src/stm32f1xx_hal_cortex.c.obj
                0x00000000080018f4                HAL_NVIC_SetPriority
 .text.HAL_NVIC_EnableIRQ
                0x0000000008001960       0x18 CMakeFiles/PRO58Pub.elf.dir/Drivers/STM32F1xx_HAL_Driver/Src/stm32f1xx_hal_cortex.c.obj
                0x0000000008001960                HAL_NVIC_EnableIRQ
 .text.HAL_NVIC_SystemReset
                0x0000000008001978       0x24 CMakeFiles/PRO58Pub.elf.dir/Drivers/STM32F1xx_HAL_Driver/Src/stm32f1xx_hal_cortex.c.obj
                0x0000000008001978                HAL_NVIC_SystemReset
 .text.HAL_SYSTICK_Config
                0x000000000800199c       0x30 CMakeFiles/PRO58Pub.elf.dir/Drivers/STM32F1xx_HAL_Driver/Src/stm32f1xx_hal_cortex.c.obj
                0x000000000800199c                HAL_SYSTICK_Config
 .text.HAL_SYSTICK_CLKSourceConfig
                0x00000000080019cc       0x18 CMakeFiles/PRO58Pub.elf.dir/Drivers/STM32F1xx_HAL_Driver/Src/stm32f1xx_hal_cortex.c.obj
                0x00000000080019cc                HAL_SYSTICK_CLKSourceConfig
 .text.HAL_SYSTICK_Callback
                0x00000000080019e4        0x4 CMakeFiles/PRO58Pub.elf.dir/Drivers/STM32F1xx_HAL_Driver/Src/stm32f1xx_hal_cortex.c.obj
                0x00000000080019e4                HAL_SYSTICK_Callback
 .text.HAL_SYSTICK_IRQHandler
                0x00000000080019e8        0x8 CMakeFiles/PRO58Pub.elf.dir/Drivers/STM32F1xx_HAL_Driver/Src/stm32f1xx_hal_cortex.c.obj
                0x00000000080019e8                HAL_SYSTICK_IRQHandler
 .text.HAL_DMA_Init
                0x00000000080019f0       0x74 CMakeFiles/PRO58Pub.elf.dir/Drivers/STM32F1xx_HAL_Driver/Src/stm32f1xx_hal_dma.c.obj
                0x00000000080019f0                HAL_DMA_Init
 .text.HAL_DMA_Start_IT
                0x0000000008001a64       0x88 CMakeFiles/PRO58Pub.elf.dir/Drivers/STM32F1xx_HAL_Driver/Src/stm32f1xx_hal_dma.c.obj
                0x0000000008001a64                HAL_DMA_Start_IT
 .text.HAL_DMA_Abort_IT
                0x0000000008001aec       0x98 CMakeFiles/PRO58Pub.elf.dir/Drivers/STM32F1xx_HAL_Driver/Src/stm32f1xx_hal_dma.c.obj
                0x0000000008001aec                HAL_DMA_Abort_IT
 .text.HAL_DMA_IRQHandler
                0x0000000008001b84      0x12c CMakeFiles/PRO58Pub.elf.dir/Drivers/STM32F1xx_HAL_Driver/Src/stm32f1xx_hal_dma.c.obj
                0x0000000008001b84                HAL_DMA_IRQHandler
 .text.HAL_GPIO_Init
                0x0000000008001cb0      0x200 CMakeFiles/PRO58Pub.elf.dir/Drivers/STM32F1xx_HAL_Driver/Src/stm32f1xx_hal_gpio.c.obj
                0x0000000008001cb0                HAL_GPIO_Init
 .text.HAL_GPIO_DeInit
                0x0000000008001eb0      0x110 CMakeFiles/PRO58Pub.elf.dir/Drivers/STM32F1xx_HAL_Driver/Src/stm32f1xx_hal_gpio.c.obj
                0x0000000008001eb0                HAL_GPIO_DeInit
 .text.HAL_GPIO_ReadPin
                0x0000000008001fc0        0xc CMakeFiles/PRO58Pub.elf.dir/Drivers/STM32F1xx_HAL_Driver/Src/stm32f1xx_hal_gpio.c.obj
                0x0000000008001fc0                HAL_GPIO_ReadPin
 .text.HAL_GPIO_WritePin
                0x0000000008001fcc        0x8 CMakeFiles/PRO58Pub.elf.dir/Drivers/STM32F1xx_HAL_Driver/Src/stm32f1xx_hal_gpio.c.obj
                0x0000000008001fcc                HAL_GPIO_WritePin
 .text.unlikely.I2C_WaitOnMasterAddressFlagUntilTimeout.constprop.10
                0x0000000008001fd4       0x64 CMakeFiles/PRO58Pub.elf.dir/Drivers/STM32F1xx_HAL_Driver/Src/stm32f1xx_hal_i2c.c.obj
 .text.I2C_RequestMemoryWrite
                0x0000000008002038      0x18c CMakeFiles/PRO58Pub.elf.dir/Drivers/STM32F1xx_HAL_Driver/Src/stm32f1xx_hal_i2c.c.obj
 .text.I2C_RequestMemoryRead
                0x00000000080021c4      0x208 CMakeFiles/PRO58Pub.elf.dir/Drivers/STM32F1xx_HAL_Driver/Src/stm32f1xx_hal_i2c.c.obj
 .text.HAL_I2C_Init
                0x00000000080023cc       0xec CMakeFiles/PRO58Pub.elf.dir/Drivers/STM32F1xx_HAL_Driver/Src/stm32f1xx_hal_i2c.c.obj
                0x00000000080023cc                HAL_I2C_Init
 .text.HAL_I2C_Mem_Write
                0x00000000080024b8      0x1d8 CMakeFiles/PRO58Pub.elf.dir/Drivers/STM32F1xx_HAL_Driver/Src/stm32f1xx_hal_i2c.c.obj
                0x00000000080024b8                HAL_I2C_Mem_Write
 .text.HAL_I2C_Mem_Read
                0x0000000008002690      0x34c CMakeFiles/PRO58Pub.elf.dir/Drivers/STM32F1xx_HAL_Driver/Src/stm32f1xx_hal_i2c.c.obj
                0x0000000008002690                HAL_I2C_Mem_Read
 .text.HAL_I2C_Mem_Write_DMA
                0x00000000080029dc      0x130 CMakeFiles/PRO58Pub.elf.dir/Drivers/STM32F1xx_HAL_Driver/Src/stm32f1xx_hal_i2c.c.obj
                0x00000000080029dc                HAL_I2C_Mem_Write_DMA
 .text.HAL_I2C_IsDeviceReady
                0x0000000008002b0c      0x1d8 CMakeFiles/PRO58Pub.elf.dir/Drivers/STM32F1xx_HAL_Driver/Src/stm32f1xx_hal_i2c.c.obj
                0x0000000008002b0c                HAL_I2C_IsDeviceReady
 .text.HAL_I2C_MasterTxCpltCallback
                0x0000000008002ce4        0x4 CMakeFiles/PRO58Pub.elf.dir/Drivers/STM32F1xx_HAL_Driver/Src/stm32f1xx_hal_i2c.c.obj
                0x0000000008002ce4                HAL_I2C_MasterTxCpltCallback
 .text.HAL_I2C_MasterRxCpltCallback
                0x0000000008002ce8        0x4 CMakeFiles/PRO58Pub.elf.dir/Drivers/STM32F1xx_HAL_Driver/Src/stm32f1xx_hal_i2c.c.obj
                0x0000000008002ce8                HAL_I2C_MasterRxCpltCallback
 .text.HAL_I2C_SlaveTxCpltCallback
                0x0000000008002cec        0x4 CMakeFiles/PRO58Pub.elf.dir/Drivers/STM32F1xx_HAL_Driver/Src/stm32f1xx_hal_i2c.c.obj
                0x0000000008002cec                HAL_I2C_SlaveTxCpltCallback
 .text.HAL_I2C_SlaveRxCpltCallback
                0x0000000008002cf0        0x4 CMakeFiles/PRO58Pub.elf.dir/Drivers/STM32F1xx_HAL_Driver/Src/stm32f1xx_hal_i2c.c.obj
                0x0000000008002cf0                HAL_I2C_SlaveRxCpltCallback
 .text.HAL_I2C_AddrCallback
                0x0000000008002cf4        0x4 CMakeFiles/PRO58Pub.elf.dir/Drivers/STM32F1xx_HAL_Driver/Src/stm32f1xx_hal_i2c.c.obj
                0x0000000008002cf4                HAL_I2C_AddrCallback
 .text.HAL_I2C_ListenCpltCallback
                0x0000000008002cf8        0x4 CMakeFiles/PRO58Pub.elf.dir/Drivers/STM32F1xx_HAL_Driver/Src/stm32f1xx_hal_i2c.c.obj
                0x0000000008002cf8                HAL_I2C_ListenCpltCallback
 .text.HAL_I2C_MemTxCpltCallback
                0x0000000008002cfc        0x4 CMakeFiles/PRO58Pub.elf.dir/Drivers/STM32F1xx_HAL_Driver/Src/stm32f1xx_hal_i2c.c.obj
                0x0000000008002cfc                HAL_I2C_MemTxCpltCallback
 .text.HAL_I2C_MemRxCpltCallback
                0x0000000008002d00        0x4 CMakeFiles/PRO58Pub.elf.dir/Drivers/STM32F1xx_HAL_Driver/Src/stm32f1xx_hal_i2c.c.obj
                0x0000000008002d00                HAL_I2C_MemRxCpltCallback
 .text.HAL_I2C_ErrorCallback
                0x0000000008002d04        0x4 CMakeFiles/PRO58Pub.elf.dir/Drivers/STM32F1xx_HAL_Driver/Src/stm32f1xx_hal_i2c.c.obj
                0x0000000008002d04                HAL_I2C_ErrorCallback
 .text.I2C_DMAError
                0x0000000008002d08       0x2c CMakeFiles/PRO58Pub.elf.dir/Drivers/STM32F1xx_HAL_Driver/Src/stm32f1xx_hal_i2c.c.obj
 .text.I2C_DMAXferCplt
                0x0000000008002d34       0x84 CMakeFiles/PRO58Pub.elf.dir/Drivers/STM32F1xx_HAL_Driver/Src/stm32f1xx_hal_i2c.c.obj
 .text.HAL_I2C_AbortCpltCallback
                0x0000000008002db8        0x4 CMakeFiles/PRO58Pub.elf.dir/Drivers/STM32F1xx_HAL_Driver/Src/stm32f1xx_hal_i2c.c.obj
                0x0000000008002db8                HAL_I2C_AbortCpltCallback
 .text.HAL_I2C_EV_IRQHandler
                0x0000000008002dbc      0x8f4 CMakeFiles/PRO58Pub.elf.dir/Drivers/STM32F1xx_HAL_Driver/Src/stm32f1xx_hal_i2c.c.obj
                0x0000000008002dbc                HAL_I2C_EV_IRQHandler
 .text.I2C_DMAAbort
                0x00000000080036b0       0x4c CMakeFiles/PRO58Pub.elf.dir/Drivers/STM32F1xx_HAL_Driver/Src/stm32f1xx_hal_i2c.c.obj
 .text.HAL_I2C_ER_IRQHandler
                0x00000000080036fc      0x28c CMakeFiles/PRO58Pub.elf.dir/Drivers/STM32F1xx_HAL_Driver/Src/stm32f1xx_hal_i2c.c.obj
                0x00000000080036fc                HAL_I2C_ER_IRQHandler
 .text.HAL_I2C_GetState
                0x0000000008003988        0x8 CMakeFiles/PRO58Pub.elf.dir/Drivers/STM32F1xx_HAL_Driver/Src/stm32f1xx_hal_i2c.c.obj
                0x0000000008003988                HAL_I2C_GetState
 .text.HAL_RCC_OscConfig
                0x0000000008003990      0x3d8 CMakeFiles/PRO58Pub.elf.dir/Drivers/STM32F1xx_HAL_Driver/Src/stm32f1xx_hal_rcc.c.obj
                0x0000000008003990                HAL_RCC_OscConfig
 .text.HAL_RCC_ClockConfig
                0x0000000008003d68      0x1b4 CMakeFiles/PRO58Pub.elf.dir/Drivers/STM32F1xx_HAL_Driver/Src/stm32f1xx_hal_rcc.c.obj
                0x0000000008003d68                HAL_RCC_ClockConfig
 .text.HAL_RCC_GetHCLKFreq
                0x0000000008003f1c        0xc CMakeFiles/PRO58Pub.elf.dir/Drivers/STM32F1xx_HAL_Driver/Src/stm32f1xx_hal_rcc.c.obj
                0x0000000008003f1c                HAL_RCC_GetHCLKFreq
 .text.HAL_RCC_GetPCLK1Freq
                0x0000000008003f28       0x20 CMakeFiles/PRO58Pub.elf.dir/Drivers/STM32F1xx_HAL_Driver/Src/stm32f1xx_hal_rcc.c.obj
                0x0000000008003f28                HAL_RCC_GetPCLK1Freq
 .text.HAL_RCC_GetPCLK2Freq
                0x0000000008003f48       0x20 CMakeFiles/PRO58Pub.elf.dir/Drivers/STM32F1xx_HAL_Driver/Src/stm32f1xx_hal_rcc.c.obj
                0x0000000008003f48                HAL_RCC_GetPCLK2Freq
 .text.HAL_RCCEx_PeriphCLKConfig
                0x0000000008003f68      0x108 CMakeFiles/PRO58Pub.elf.dir/Drivers/STM32F1xx_HAL_Driver/Src/stm32f1xx_hal_rcc_ex.c.obj
                0x0000000008003f68                HAL_RCCEx_PeriphCLKConfig
 .text.HAL_TIM_Base_Init
                0x0000000008004070       0xa4 CMakeFiles/PRO58Pub.elf.dir/Drivers/STM32F1xx_HAL_Driver/Src/stm32f1xx_hal_tim.c.obj
                0x0000000008004070                HAL_TIM_Base_Init
 .text.HAL_TIM_PWM_MspInit
                0x0000000008004114        0x4 CMakeFiles/PRO58Pub.elf.dir/Drivers/STM32F1xx_HAL_Driver/Src/stm32f1xx_hal_tim.c.obj
                0x0000000008004114                HAL_TIM_PWM_MspInit
 .text.HAL_TIM_PWM_Init
                0x0000000008004118       0xa4 CMakeFiles/PRO58Pub.elf.dir/Drivers/STM32F1xx_HAL_Driver/Src/stm32f1xx_hal_tim.c.obj
                0x0000000008004118                HAL_TIM_PWM_Init
 .text.HAL_TIM_PWM_Start
                0x00000000080041bc       0x38 CMakeFiles/PRO58Pub.elf.dir/Drivers/STM32F1xx_HAL_Driver/Src/stm32f1xx_hal_tim.c.obj
                0x00000000080041bc                HAL_TIM_PWM_Start
 .text.HAL_TIM_PWM_ConfigChannel
                0x00000000080041f4      0x1f4 CMakeFiles/PRO58Pub.elf.dir/Drivers/STM32F1xx_HAL_Driver/Src/stm32f1xx_hal_tim.c.obj
                0x00000000080041f4                HAL_TIM_PWM_ConfigChannel
 .text.HAL_TIM_ConfigClockSource
                0x00000000080043e8      0x180 CMakeFiles/PRO58Pub.elf.dir/Drivers/STM32F1xx_HAL_Driver/Src/stm32f1xx_hal_tim.c.obj
                0x00000000080043e8                HAL_TIM_ConfigClockSource
 .text.HAL_TIM_PeriodElapsedCallback
                0x0000000008004568        0x4 CMakeFiles/PRO58Pub.elf.dir/Drivers/STM32F1xx_HAL_Driver/Src/stm32f1xx_hal_tim.c.obj
                0x0000000008004568                HAL_TIM_PeriodElapsedCallback
 .text.HAL_TIM_OC_DelayElapsedCallback
                0x000000000800456c        0x4 CMakeFiles/PRO58Pub.elf.dir/Drivers/STM32F1xx_HAL_Driver/Src/stm32f1xx_hal_tim.c.obj
                0x000000000800456c                HAL_TIM_OC_DelayElapsedCallback
 .text.HAL_TIM_IC_CaptureCallback
                0x0000000008004570        0x4 CMakeFiles/PRO58Pub.elf.dir/Drivers/STM32F1xx_HAL_Driver/Src/stm32f1xx_hal_tim.c.obj
                0x0000000008004570                HAL_TIM_IC_CaptureCallback
 .text.HAL_TIM_PWM_PulseFinishedCallback
                0x0000000008004574        0x4 CMakeFiles/PRO58Pub.elf.dir/Drivers/STM32F1xx_HAL_Driver/Src/stm32f1xx_hal_tim.c.obj
                0x0000000008004574                HAL_TIM_PWM_PulseFinishedCallback
 .text.HAL_TIM_TriggerCallback
                0x0000000008004578        0x4 CMakeFiles/PRO58Pub.elf.dir/Drivers/STM32F1xx_HAL_Driver/Src/stm32f1xx_hal_tim.c.obj
                0x0000000008004578                HAL_TIM_TriggerCallback
 .text.HAL_TIM_IRQHandler
                0x000000000800457c      0x154 CMakeFiles/PRO58Pub.elf.dir/Drivers/STM32F1xx_HAL_Driver/Src/stm32f1xx_hal_tim.c.obj
                0x000000000800457c                HAL_TIM_IRQHandler
 .text.HAL_TIMEx_MasterConfigSynchronization
                0x00000000080046d0       0x4c CMakeFiles/PRO58Pub.elf.dir/Drivers/STM32F1xx_HAL_Driver/Src/stm32f1xx_hal_tim_ex.c.obj
                0x00000000080046d0                HAL_TIMEx_MasterConfigSynchronization
 .text.HAL_TIMEx_CommutationCallback
                0x000000000800471c        0x4 CMakeFiles/PRO58Pub.elf.dir/Drivers/STM32F1xx_HAL_Driver/Src/stm32f1xx_hal_tim_ex.c.obj
                0x000000000800471c                HAL_TIMEx_CommutationCallback
 .text.HAL_TIMEx_BreakCallback
                0x0000000008004720        0x4 CMakeFiles/PRO58Pub.elf.dir/Drivers/STM32F1xx_HAL_Driver/Src/stm32f1xx_hal_tim_ex.c.obj
                0x0000000008004720                HAL_TIMEx_BreakCallback
 .text.UART_SetConfig
                0x0000000008004724      0x184 CMakeFiles/PRO58Pub.elf.dir/Drivers/STM32F1xx_HAL_Driver/Src/stm32f1xx_hal_uart.c.obj
 .text.HAL_UART_Init
                0x00000000080048a8       0x60 CMakeFiles/PRO58Pub.elf.dir/Drivers/STM32F1xx_HAL_Driver/Src/stm32f1xx_hal_uart.c.obj
                0x00000000080048a8                HAL_UART_Init
 .text._ZN12Adafruit_GFX8drawLineEsssst
                0x0000000008004908      0x11c CMakeFiles/PRO58Pub.elf.dir/Src/Adafruit_GFX_AS.cpp.obj
                0x0000000008004908                Adafruit_GFX::drawLine(short, short, short, short, unsigned short)
 .text._ZN12Adafruit_GFX13invertDisplayEb
                0x0000000008004a24        0x4 CMakeFiles/PRO58Pub.elf.dir/Src/Adafruit_GFX_AS.cpp.obj
                0x0000000008004a24                Adafruit_GFX::invertDisplay(bool)
 .text._ZN12Adafruit_GFX8fillRectEsssst
                0x0000000008004a28      0x13c CMakeFiles/PRO58Pub.elf.dir/Src/Adafruit_GFX_AS.cpp.obj
                0x0000000008004a28                Adafruit_GFX::fillRect(short, short, short, short, unsigned short)
 .text._ZN12Adafruit_GFX10fillScreenEt
                0x0000000008004b64      0x130 CMakeFiles/PRO58Pub.elf.dir/Src/Adafruit_GFX_AS.cpp.obj
                0x0000000008004b64                Adafruit_GFX::fillScreen(unsigned short)
 .text._ZN12Adafruit_GFX13drawFastVLineEssst
                0x0000000008004c94       0xd4 CMakeFiles/PRO58Pub.elf.dir/Src/Adafruit_GFX_AS.cpp.obj
                0x0000000008004c94                Adafruit_GFX::drawFastVLine(short, short, short, unsigned short)
 .text._ZN12Adafruit_GFX13drawFastHLineEssst
                0x0000000008004d68       0x94 CMakeFiles/PRO58Pub.elf.dir/Src/Adafruit_GFX_AS.cpp.obj
                0x0000000008004d68                Adafruit_GFX::drawFastHLine(short, short, short, unsigned short)
 .text._ZN12Adafruit_GFX8drawRectEsssst
                0x0000000008004dfc      0x1c0 CMakeFiles/PRO58Pub.elf.dir/Src/Adafruit_GFX_AS.cpp.obj
                0x0000000008004dfc                Adafruit_GFX::drawRect(short, short, short, short, unsigned short)
 .text._ZN12Adafruit_GFXC2Ess
                0x0000000008004fbc       0x30 CMakeFiles/PRO58Pub.elf.dir/Src/Adafruit_GFX_AS.cpp.obj
                0x0000000008004fbc                Adafruit_GFX::Adafruit_GFX(short, short)
                0x0000000008004fbc                Adafruit_GFX::Adafruit_GFX(short, short)
 .text._ZN12Adafruit_GFX13drawRoundRectEssssst
                0x0000000008004fec      0x490 CMakeFiles/PRO58Pub.elf.dir/Src/Adafruit_GFX_AS.cpp.obj
                0x0000000008004fec                Adafruit_GFX::drawRoundRect(short, short, short, short, short, unsigned short)
 .text._ZN12Adafruit_GFX12fillTriangleEsssssst
                0x000000000800547c      0x354 CMakeFiles/PRO58Pub.elf.dir/Src/Adafruit_GFX_AS.cpp.obj
                0x000000000800547c                Adafruit_GFX::fillTriangle(short, short, short, short, short, short, unsigned short)
 .text._ZN12Adafruit_GFX10drawBitmapEssPKhsst
                0x00000000080057d0       0xa4 CMakeFiles/PRO58Pub.elf.dir/Src/Adafruit_GFX_AS.cpp.obj
                0x00000000080057d0                Adafruit_GFX::drawBitmap(short, short, unsigned char const*, short, short, unsigned short)
 .text._ZN12Adafruit_GFX8drawCharEsshtth
                0x0000000008005874      0x37c CMakeFiles/PRO58Pub.elf.dir/Src/Adafruit_GFX_AS.cpp.obj
                0x0000000008005874                Adafruit_GFX::drawChar(short, short, unsigned char, unsigned short, unsigned short, unsigned char)
 .text._ZN12Adafruit_GFX5writeEh
                0x0000000008005bf0       0x74 CMakeFiles/PRO58Pub.elf.dir/Src/Adafruit_GFX_AS.cpp.obj
                0x0000000008005bf0                Adafruit_GFX::write(unsigned char)
 .text._ZN12Adafruit_GFX9setCursorEss
                0x0000000008005c64        0x8 CMakeFiles/PRO58Pub.elf.dir/Src/Adafruit_GFX_AS.cpp.obj
                0x0000000008005c64                Adafruit_GFX::setCursor(short, short)
 .text._ZN12Adafruit_GFX11setTextSizeEh
                0x0000000008005c6c        0xc CMakeFiles/PRO58Pub.elf.dir/Src/Adafruit_GFX_AS.cpp.obj
                0x0000000008005c6c                Adafruit_GFX::setTextSize(unsigned char)
 .text._ZN12Adafruit_GFX12setTextColorEt
                0x0000000008005c78        0x8 CMakeFiles/PRO58Pub.elf.dir/Src/Adafruit_GFX_AS.cpp.obj
                0x0000000008005c78                Adafruit_GFX::setTextColor(unsigned short)
 .text._ZN12Adafruit_GFX11setTextWrapEb
                0x0000000008005c80        0x4 CMakeFiles/PRO58Pub.elf.dir/Src/Adafruit_GFX_AS.cpp.obj
                0x0000000008005c80                Adafruit_GFX::setTextWrap(bool)
 .text._ZN12Adafruit_GFX11getRotationEv
                0x0000000008005c84        0x4 CMakeFiles/PRO58Pub.elf.dir/Src/Adafruit_GFX_AS.cpp.obj
                0x0000000008005c84                Adafruit_GFX::getRotation()
 .text._ZN12Adafruit_GFX11setRotationEh
                0x0000000008005c88       0x20 CMakeFiles/PRO58Pub.elf.dir/Src/Adafruit_GFX_AS.cpp.obj
                0x0000000008005c88                Adafruit_GFX::setRotation(unsigned char)
 .text._ZN12Adafruit_GFX5widthEv
                0x0000000008005ca8        0x8 CMakeFiles/PRO58Pub.elf.dir/Src/Adafruit_GFX_AS.cpp.obj
                0x0000000008005ca8                Adafruit_GFX::width()
 .text._ZN12Adafruit_GFX6heightEv
                0x0000000008005cb0        0x8 CMakeFiles/PRO58Pub.elf.dir/Src/Adafruit_GFX_AS.cpp.obj
                0x0000000008005cb0                Adafruit_GFX::height()
 .text.DWT_Delay_Init
                0x0000000008005cb8       0x40 CMakeFiles/PRO58Pub.elf.dir/Src/DWT_Delay.c.obj
                0x0000000008005cb8                DWT_Delay_Init
 .text._ZN14Eeprom24C01_02C2Eh
                0x0000000008005cf8        0x8 CMakeFiles/PRO58Pub.elf.dir/Src/Eeprom24C01_02.cpp.obj
                0x0000000008005cf8                Eeprom24C01_02::Eeprom24C01_02(unsigned char)
                0x0000000008005cf8                Eeprom24C01_02::Eeprom24C01_02(unsigned char)
 .text._ZN14Eeprom24C01_0210initializeEP17I2C_HandleTypeDef
                0x0000000008005d00        0x4 CMakeFiles/PRO58Pub.elf.dir/Src/Eeprom24C01_02.cpp.obj
                0x0000000008005d00                Eeprom24C01_02::initialize(I2C_HandleTypeDef*)
 .text._ZN14Eeprom24C01_029writeByteEhh
                0x0000000008005d04       0x58 CMakeFiles/PRO58Pub.elf.dir/Src/Eeprom24C01_02.cpp.obj
                0x0000000008005d04                Eeprom24C01_02::writeByte(unsigned char, unsigned char)
 .text._ZN14Eeprom24C01_028readByteEh
                0x0000000008005d5c       0x58 CMakeFiles/PRO58Pub.elf.dir/Src/Eeprom24C01_02.cpp.obj
                0x0000000008005d5c                Eeprom24C01_02::readByte(unsigned char)
 .text._ZN5Print5writeEPKc
                0x0000000008005db4       0x24 CMakeFiles/PRO58Pub.elf.dir/Src/Print.cpp.obj
                0x0000000008005db4                Print::write(char const*)
 .text._ZN5Print5writeEPKvm
                0x0000000008005dd8       0x20 CMakeFiles/PRO58Pub.elf.dir/Src/Print.cpp.obj
                0x0000000008005dd8                Print::write(void const*, unsigned long)
 .text._ZN5Print5printEhi
                0x0000000008005df8       0x9c CMakeFiles/PRO58Pub.elf.dir/Src/Print.cpp.obj
                0x0000000008005df8                Print::print(unsigned char, int)
 .text._ZN5Print5printEPKc
                0x0000000008005e94       0x3c CMakeFiles/PRO58Pub.elf.dir/Src/Print.cpp.obj
                0x0000000008005e94                Print::print(char const*)
 .text._ZN5Print5printExi
                0x0000000008005ed0       0xc0 CMakeFiles/PRO58Pub.elf.dir/Src/Print.cpp.obj
                0x0000000008005ed0                Print::print(long long, int)
 .text._ZN5Print5printEii
                0x0000000008005f90       0x14 CMakeFiles/PRO58Pub.elf.dir/Src/Print.cpp.obj
                0x0000000008005f90                Print::print(int, int)
 .text._ZN7SSD13069drawPixelEsst
                0x0000000008005fa4      0x1cc CMakeFiles/PRO58Pub.elf.dir/Src/SSD1306_STM32.cpp.obj
                0x0000000008005fa4                SSD1306::drawPixel(short, short, unsigned short)
 .text._ZN7SSD1306C2Ev
                0x0000000008006170       0x5c CMakeFiles/PRO58Pub.elf.dir/Src/SSD1306_STM32.cpp.obj
                0x0000000008006170                SSD1306::SSD1306()
                0x0000000008006170                SSD1306::SSD1306()
 .text._ZN7SSD13065beginEP17I2C_HandleTypeDefahhb
                0x00000000080061cc      0x134 CMakeFiles/PRO58Pub.elf.dir/Src/SSD1306_STM32.cpp.obj
                0x00000000080061cc                SSD1306::begin(I2C_HandleTypeDef*, signed char, unsigned char, unsigned char, bool)
 .text._ZN7SSD130615ssd1306_commandEh
                0x0000000008006300       0x94 CMakeFiles/PRO58Pub.elf.dir/Src/SSD1306_STM32.cpp.obj
                0x0000000008006300                SSD1306::ssd1306_command(unsigned char)
 .text._ZN7SSD13067displayEv
                0x0000000008006394       0xc8 CMakeFiles/PRO58Pub.elf.dir/Src/SSD1306_STM32.cpp.obj
                0x0000000008006394                SSD1306::display()
 .text._ZN7SSD130612clearDisplayEv
                0x000000000800645c       0x20 CMakeFiles/PRO58Pub.elf.dir/Src/SSD1306_STM32.cpp.obj
                0x000000000800645c                SSD1306::clearDisplay()
 .text._ZN7SSD130613drawFastHLineEssst
                0x000000000800647c      0x3bc CMakeFiles/PRO58Pub.elf.dir/Src/SSD1306_STM32.cpp.obj
                0x000000000800647c                SSD1306::drawFastHLine(short, short, short, unsigned short)
 .text._ZN7SSD130613drawFastVLineEssst
                0x0000000008006838      0x3c0 CMakeFiles/PRO58Pub.elf.dir/Src/SSD1306_STM32.cpp.obj
                0x0000000008006838                SSD1306::drawFastVLine(short, short, short, unsigned short)
 .text.MX_ADC1_Init
                0x0000000008006bf8       0x80 CMakeFiles/PRO58Pub.elf.dir/Src/adc.c.obj
                0x0000000008006bf8                MX_ADC1_Init
 .text.HAL_ADC_MspInit
                0x0000000008006c78       0x88 CMakeFiles/PRO58Pub.elf.dir/Src/adc.c.obj
                0x0000000008006c78                HAL_ADC_MspInit
 .text._ZN6Beeper4initEv
                0x0000000008006d00        0xc CMakeFiles/PRO58Pub.elf.dir/Src/beeper.cpp.obj
                0x0000000008006d00                Beeper::init()
 .text._ZN6Beeper7welcomeEv
                0x0000000008006d0c      0x11c CMakeFiles/PRO58Pub.elf.dir/Src/beeper.cpp.obj
                0x0000000008006d0c                Beeper::welcome()
 .text._ZN6Beeper8beepHighEt
                0x0000000008006e28       0x38 CMakeFiles/PRO58Pub.elf.dir/Src/beeper.cpp.obj
                0x0000000008006e28                Beeper::beepHigh(unsigned short)
 .text._ZN6Beeper6updateEv
                0x0000000008006e60       0x28 CMakeFiles/PRO58Pub.elf.dir/Src/beeper.cpp.obj
                0x0000000008006e60                Beeper::update()
 .text.startup._GLOBAL__sub_I__ZN6Beeper7beepingE
                0x0000000008006e88        0xc CMakeFiles/PRO58Pub.elf.dir/Src/beeper.cpp.obj
 .text._ZN7ButtonsL12updateButtonE6ButtonRNS_11ButtonStateEP12GPIO_TypeDeft
                0x0000000008006e94       0xd0 CMakeFiles/PRO58Pub.elf.dir/Src/buttons.cpp.obj
 .text._ZN7Buttons6updateEv
                0x0000000008006f64      0x194 CMakeFiles/PRO58Pub.elf.dir/Src/buttons.cpp.obj
                0x0000000008006f64                Buttons::update()
 .text._ZN7Buttons18registerChangeFuncEPFv6ButtonNS_9PressTypeEE
                0x00000000080070f8       0x38 CMakeFiles/PRO58Pub.elf.dir/Src/buttons.cpp.obj
                0x00000000080070f8                Buttons::registerChangeFunc(void (*)(Button, Buttons::PressType))
 .text._ZN8Channels17getSynthRegisterBEh
                0x0000000008007130        0xc CMakeFiles/PRO58Pub.elf.dir/Src/channels.cpp.obj
                0x0000000008007130                Channels::getSynthRegisterB(unsigned char)
 .text._ZN8Channels12getFrequencyEh
                0x000000000800713c        0xc CMakeFiles/PRO58Pub.elf.dir/Src/channels.cpp.obj
                0x000000000800713c                Channels::getFrequency(unsigned char)
 .text._ZN8Channels7getNameEh
                0x0000000008007148       0x24 CMakeFiles/PRO58Pub.elf.dir/Src/channels.cpp.obj
                0x0000000008007148                Channels::getName(unsigned char)
 .text._ZN8Channels15getOrderedIndexEh
                0x000000000800716c        0xc CMakeFiles/PRO58Pub.elf.dir/Src/channels.cpp.obj
                0x000000000800716c                Channels::getOrderedIndex(unsigned char)
 .text.MX_DMA_Init
                0x0000000008007178       0x70 CMakeFiles/PRO58Pub.elf.dir/Src/dma.c.obj
                0x0000000008007178                MX_DMA_Init
 .text._ZN12FatSharkPins4initEv
                0x00000000080071e8       0x44 CMakeFiles/PRO58Pub.elf.dir/Src/fatshark_pins.cpp.obj
                0x00000000080071e8                FatSharkPins::init()
 .text._ZN12FatSharkPins6updateEv
                0x000000000800722c       0x74 CMakeFiles/PRO58Pub.elf.dir/Src/fatshark_pins.cpp.obj
                0x000000000800722c                FatSharkPins::update()
 .text._ZN12FatSharkPins18registerChangeFuncEPFvhE
                0x00000000080072a0       0x28 CMakeFiles/PRO58Pub.elf.dir/Src/fatshark_pins.cpp.obj
                0x00000000080072a0                FatSharkPins::registerChangeFunc(void (*)(unsigned char))
 .text.MX_GPIO_Init
                0x00000000080072c8      0x134 CMakeFiles/PRO58Pub.elf.dir/Src/gpio.c.obj
                0x00000000080072c8                MX_GPIO_Init
 .text.GPIO_FS_Reinit
                0x00000000080073fc       0x5c CMakeFiles/PRO58Pub.elf.dir/Src/gpio.c.obj
                0x00000000080073fc                GPIO_FS_Reinit
 .text.MX_I2C1_Init
                0x0000000008007458       0x48 CMakeFiles/PRO58Pub.elf.dir/Src/i2c.c.obj
                0x0000000008007458                MX_I2C1_Init
 .text.MX_I2C2_Init
                0x00000000080074a0       0x48 CMakeFiles/PRO58Pub.elf.dir/Src/i2c.c.obj
                0x00000000080074a0                MX_I2C2_Init
 .text.HAL_I2C_MspInit
                0x00000000080074e8      0x18c CMakeFiles/PRO58Pub.elf.dir/Src/i2c.c.obj
                0x00000000080074e8                HAL_I2C_MspInit
 .text.I2C_Reset
                0x0000000008007674       0x70 CMakeFiles/PRO58Pub.elf.dir/Src/i2c_reset.c.obj
                0x0000000008007674                I2C_Reset
 .text.startup.main
                0x00000000080076e4      0x13c CMakeFiles/PRO58Pub.elf.dir/Src/main.cpp.obj
                0x00000000080076e4                main
 .text._Z18SystemClock_Configv
                0x0000000008007820       0x88 CMakeFiles/PRO58Pub.elf.dir/Src/main.cpp.obj
                0x0000000008007820                SystemClock_Config()
 .text._ZL23globalMenuButtonHandler6ButtonN7Buttons9PressTypeE
                0x00000000080078a8       0x1c CMakeFiles/PRO58Pub.elf.dir/Src/main.cpp.obj
 .text._Error_Handler
                0x00000000080078c4        0x4 CMakeFiles/PRO58Pub.elf.dir/Src/main.cpp.obj
                0x00000000080078c4                _Error_Handler
 .text._ZN8Receiver10setChannelEhb
                0x00000000080078c8       0x38 CMakeFiles/PRO58Pub.elf.dir/Src/receiver.cpp.obj
                0x00000000080078c8                Receiver::setChannel(unsigned char, bool)
 .text._ZN8Receiver14setBandChannelEhb
                0x0000000008007900       0x40 CMakeFiles/PRO58Pub.elf.dir/Src/receiver.cpp.obj
                0x0000000008007900                Receiver::setBandChannel(unsigned char, bool)
 .text._ZN8Receiver17setActiveReceiverENS_10ReceiverIdE
                0x0000000008007940       0x60 CMakeFiles/PRO58Pub.elf.dir/Src/receiver.cpp.obj
                0x0000000008007940                Receiver::setActiveReceiver(Receiver::ReceiverId)
 .text._ZN8Receiver12isRssiStableEv
                0x00000000080079a0        0xc CMakeFiles/PRO58Pub.elf.dir/Src/receiver.cpp.obj
                0x00000000080079a0                Receiver::isRssiStable()
 .text._ZN8Receiver10updateRssiEv
                0x00000000080079ac      0x108 CMakeFiles/PRO58Pub.elf.dir/Src/receiver.cpp.obj
                0x00000000080079ac                Receiver::updateRssi()
 .text._ZN8Receiver16setDiversityModeENS_13DiversityModeE
                0x0000000008007ab4       0xe8 CMakeFiles/PRO58Pub.elf.dir/Src/receiver.cpp.obj
                0x0000000008007ab4                Receiver::setDiversityMode(Receiver::DiversityMode)
 .text._ZN8Receiver15switchDiversityEv
                0x0000000008007b9c       0xe4 CMakeFiles/PRO58Pub.elf.dir/Src/receiver.cpp.obj
                0x0000000008007b9c                Receiver::switchDiversity()
 .text._ZN8Receiver5setupEP17ADC_HandleTypeDef
                0x0000000008007c80        0xc CMakeFiles/PRO58Pub.elf.dir/Src/receiver.cpp.obj
                0x0000000008007c80                Receiver::setup(ADC_HandleTypeDef*)
 .text._ZN8Receiver6updateEv
                0x0000000008007c8c       0x1c CMakeFiles/PRO58Pub.elf.dir/Src/receiver.cpp.obj
                0x0000000008007c8c                Receiver::update()
 .text.startup._GLOBAL__sub_I__ZN8Receiver10rssiDMARawE
                0x0000000008007ca8       0x3c CMakeFiles/PRO58Pub.elf.dir/Src/receiver.cpp.obj
 .text._ZN11ReceiverSpi17setSynthRegisterBEt
                0x0000000008007ce4      0x23c CMakeFiles/PRO58Pub.elf.dir/Src/receiver_spi.cpp.obj
                0x0000000008007ce4                ReceiverSpi::setSynthRegisterB(unsigned short)
 .text._ZN14EepromSettings4initEP17I2C_HandleTypeDef
                0x0000000008007f20        0xc CMakeFiles/PRO58Pub.elf.dir/Src/settings_eeprom.cpp.obj
                0x0000000008007f20                EepromSettings::init(I2C_HandleTypeDef*)
 .text._ZN14EepromSettings6updateEv
                0x0000000008007f2c       0x60 CMakeFiles/PRO58Pub.elf.dir/Src/settings_eeprom.cpp.obj
                0x0000000008007f2c                EepromSettings::update()
 .text._ZN14EepromSettings4loadEv
                0x0000000008007f8c       0xc4 CMakeFiles/PRO58Pub.elf.dir/Src/settings_eeprom.cpp.obj
                0x0000000008007f8c                EepromSettings::load()
 .text._ZN14EepromSettings4saveEv
                0x0000000008008050       0x38 CMakeFiles/PRO58Pub.elf.dir/Src/settings_eeprom.cpp.obj
                0x0000000008008050                EepromSettings::save()
 .text._ZN14EepromSettings9markDirtyEv
                0x0000000008008088       0x14 CMakeFiles/PRO58Pub.elf.dir/Src/settings_eeprom.cpp.obj
                0x0000000008008088                EepromSettings::markDirty()
 .text._ZN14EepromSettings12initDefaultsEv
                0x000000000800809c       0xa0 CMakeFiles/PRO58Pub.elf.dir/Src/settings_eeprom.cpp.obj
                0x000000000800809c                EepromSettings::initDefaults()
 .text._ZN14EepromSettings11getCallSignEPc
                0x000000000800813c       0x18 CMakeFiles/PRO58Pub.elf.dir/Src/settings_eeprom.cpp.obj
                0x000000000800813c                EepromSettings::getCallSign(char*)
 .text._ZN14EepromSettings11setCallSignEPc
                0x0000000008008154       0x14 CMakeFiles/PRO58Pub.elf.dir/Src/settings_eeprom.cpp.obj
                0x0000000008008154                EepromSettings::setCallSign(char*)
 .text._ZN14EepromSettings11cmpCallSignEPc
                0x0000000008008168       0x14 CMakeFiles/PRO58Pub.elf.dir/Src/settings_eeprom.cpp.obj
                0x0000000008008168                EepromSettings::cmpCallSign(char*)
 .text.startup._GLOBAL__sub_I_EepromSettings
                0x000000000800817c       0x20 CMakeFiles/PRO58Pub.elf.dir/Src/settings_eeprom.cpp.obj
 .text._ZN12StateMachine5setupEv
                0x000000000800819c       0x1c CMakeFiles/PRO58Pub.elf.dir/Src/state.cpp.obj
                0x000000000800819c                StateMachine::setup()
 .text._ZN12StateMachine6updateEv
                0x00000000080081b8       0x90 CMakeFiles/PRO58Pub.elf.dir/Src/state.cpp.obj
                0x00000000080081b8                StateMachine::update()
 .text._ZN12StateMachine11switchStateENS_5StateE
                0x0000000008008248      0x18c CMakeFiles/PRO58Pub.elf.dir/Src/state.cpp.obj
                0x0000000008008248                StateMachine::switchState(StateMachine::State)
 .text._ZN12StateMachineL14onButtonChangeE6ButtonN7Buttons9PressTypeE
                0x00000000080083d4       0x20 CMakeFiles/PRO58Pub.elf.dir/Src/state.cpp.obj
 .text._ZN12StateMachineL14onFSPinsChangeEh
                0x00000000080083f4       0x18 CMakeFiles/PRO58Pub.elf.dir/Src/state.cpp.obj
 .text.startup._GLOBAL__sub_I__ZnwjPv
                0x000000000800840c       0x14 CMakeFiles/PRO58Pub.elf.dir/Src/state.cpp.obj
 .text._ZN12StateMachine12StateHandler14onButtonChangeE6ButtonN7Buttons9PressTypeE
                0x0000000008008420        0x4 CMakeFiles/PRO58Pub.elf.dir/Src/state_bandscan.cpp.obj
                0x0000000008008420                StateMachine::StateHandler::onButtonChange(Button, Buttons::PressType)
 .text._ZN12StateMachine12StateHandler14onFSPinsChangeEh
                0x0000000008008424        0x4 CMakeFiles/PRO58Pub.elf.dir/Src/state_bandscan.cpp.obj
                0x0000000008008424                StateMachine::StateHandler::onFSPinsChange(unsigned char)
 .text._ZN12StateMachine20BandScanStateHandler7onEnterEv
                0x0000000008008428       0x1c CMakeFiles/PRO58Pub.elf.dir/Src/state_bandscan.cpp.obj
                0x0000000008008428                StateMachine::BandScanStateHandler::onEnter()
 .text._ZN12StateMachine20BandScanStateHandler6onExitEv
                0x0000000008008444        0x8 CMakeFiles/PRO58Pub.elf.dir/Src/state_bandscan.cpp.obj
                0x0000000008008444                StateMachine::BandScanStateHandler::onExit()
 .text._ZN12StateMachine20BandScanStateHandler8onUpdateEv
                0x000000000800844c       0x60 CMakeFiles/PRO58Pub.elf.dir/Src/state_bandscan.cpp.obj
                0x000000000800844c                StateMachine::BandScanStateHandler::onUpdate()
 .text._ZN12StateMachine20BandScanStateHandler13onInitialDrawEv
                0x00000000080084ac       0xbc CMakeFiles/PRO58Pub.elf.dir/Src/state_bandscan.cpp.obj
                0x00000000080084ac                StateMachine::BandScanStateHandler::onInitialDraw()
 .text._ZN12StateMachine20BandScanStateHandler12onUpdateDrawEv
                0x0000000008008568       0x7c CMakeFiles/PRO58Pub.elf.dir/Src/state_bandscan.cpp.obj
                0x0000000008008568                StateMachine::BandScanStateHandler::onUpdateDraw()
 .text.startup._GLOBAL__sub_I__ZN12StateMachine20BandScanStateHandler7onEnterEv
                0x00000000080085e4       0x10 CMakeFiles/PRO58Pub.elf.dir/Src/state_bandscan.cpp.obj
 .text._ZN12StateMachine27FavouriteScreenStateHandler7onEnterEv
                0x00000000080085f4       0x94 CMakeFiles/PRO58Pub.elf.dir/Src/state_favourite_screen.cpp.obj
                0x00000000080085f4                StateMachine::FavouriteScreenStateHandler::onEnter()
 .text._ZN12StateMachine27FavouriteScreenStateHandler8onUpdateEv
                0x0000000008008688        0x4 CMakeFiles/PRO58Pub.elf.dir/Src/state_favourite_screen.cpp.obj
                0x0000000008008688                StateMachine::FavouriteScreenStateHandler::onUpdate()
 .text._ZN12StateMachine27FavouriteScreenStateHandler6onExitEv
                0x000000000800868c        0x4 CMakeFiles/PRO58Pub.elf.dir/Src/state_favourite_screen.cpp.obj
                0x000000000800868c                StateMachine::FavouriteScreenStateHandler::onExit()
 .text._ZN12StateMachine27FavouriteScreenStateHandler14onButtonChangeE6ButtonN7Buttons9PressTypeE
                0x0000000008008690       0x64 CMakeFiles/PRO58Pub.elf.dir/Src/state_favourite_screen.cpp.obj
                0x0000000008008690                StateMachine::FavouriteScreenStateHandler::onButtonChange(Button, Buttons::PressType)
 .text._ZN12StateMachine27FavouriteScreenStateHandler14onFSPinsChangeEh
                0x00000000080086f4       0x14 CMakeFiles/PRO58Pub.elf.dir/Src/state_favourite_screen.cpp.obj
                0x00000000080086f4                StateMachine::FavouriteScreenStateHandler::onFSPinsChange(unsigned char)
 .text._ZN12StateMachine23BaseGraphUiStateHandler8drawMenuEv
                0x0000000008008708        0x4 CMakeFiles/PRO58Pub.elf.dir/Src/state_favourite_screen_ui.cpp.obj
                0x0000000008008708                StateMachine::BaseGraphUiStateHandler::drawMenu()
 .text._ZN12StateMachine27FavouriteScreenStateHandler11drawScanBarEv
                0x000000000800870c       0x3c CMakeFiles/PRO58Pub.elf.dir/Src/state_favourite_screen_ui.cpp.obj
                0x000000000800870c                StateMachine::FavouriteScreenStateHandler::drawScanBar()
 .text._ZN12StateMachine12StateHandler6onExitEv
                0x0000000008008748        0x4 CMakeFiles/PRO58Pub.elf.dir/Src/state_graph_base_ui.cpp.obj
                0x0000000008008748                StateMachine::StateHandler::onExit()
 .text._ZN12StateMachine23BaseGraphUiStateHandler11drawScanBarEv
                0x000000000800874c        0x4 CMakeFiles/PRO58Pub.elf.dir/Src/state_graph_base_ui.cpp.obj
                0x000000000800874c                StateMachine::BaseGraphUiStateHandler::drawScanBar()
 .text._ZN12StateMachine23BaseGraphUiStateHandler13onInitialDrawEv
                0x0000000008008750      0x104 CMakeFiles/PRO58Pub.elf.dir/Src/state_graph_base_ui.cpp.obj
                0x0000000008008750                StateMachine::BaseGraphUiStateHandler::onInitialDraw()
 .text._ZN12StateMachine23BaseGraphUiStateHandler12onUpdateDrawEv
                0x0000000008008854       0xfc CMakeFiles/PRO58Pub.elf.dir/Src/state_graph_base_ui.cpp.obj
                0x0000000008008854                StateMachine::BaseGraphUiStateHandler::onUpdateDraw()
 .text._ZN12StateMachine23BaseGraphUiStateHandler11drawBordersEv
                0x0000000008008950       0x30 CMakeFiles/PRO58Pub.elf.dir/Src/state_graph_base_ui.cpp.obj
                0x0000000008008950                StateMachine::BaseGraphUiStateHandler::drawBorders()
 .text._ZN12StateMachine23BaseGraphUiStateHandler15drawChannelTextEv
                0x0000000008008980       0x3c CMakeFiles/PRO58Pub.elf.dir/Src/state_graph_base_ui.cpp.obj
                0x0000000008008980                StateMachine::BaseGraphUiStateHandler::drawChannelText()
 .text._ZN12StateMachine23BaseGraphUiStateHandler17drawFrequencyTextEv
                0x00000000080089bc       0x3c CMakeFiles/PRO58Pub.elf.dir/Src/state_graph_base_ui.cpp.obj
                0x00000000080089bc                StateMachine::BaseGraphUiStateHandler::drawFrequencyText()
 .text._ZN12StateMachine23BaseGraphUiStateHandler13drawRssiGraphEv
                0x00000000080089f8      0x13c CMakeFiles/PRO58Pub.elf.dir/Src/state_graph_base_ui.cpp.obj
                0x00000000080089f8                StateMachine::BaseGraphUiStateHandler::drawRssiGraph()
 .text._ZN12StateMachine12StateHandler8onUpdateEv
                0x0000000008008b34        0x4 CMakeFiles/PRO58Pub.elf.dir/Src/state_menu.cpp.obj
                0x0000000008008b34                StateMachine::StateHandler::onUpdate()
 .text._ZN12StateMachine16MenuStateHandler7onEnterEv
                0x0000000008008b38       0x6c CMakeFiles/PRO58Pub.elf.dir/Src/state_menu.cpp.obj
                0x0000000008008b38                StateMachine::MenuStateHandler::onEnter()
 .text._ZN12StateMachine16MenuStateHandler14onButtonChangeE6ButtonN7Buttons9PressTypeE
                0x0000000008008ba4       0x38 CMakeFiles/PRO58Pub.elf.dir/Src/state_menu.cpp.obj
                0x0000000008008ba4                StateMachine::MenuStateHandler::onButtonChange(Button, Buttons::PressType)
 .text._ZL17searchMenuHandlerv
                0x0000000008008bdc        0x8 CMakeFiles/PRO58Pub.elf.dir/Src/state_menu.cpp.obj
 .text._ZL22bandScannerMenuHandlerv
                0x0000000008008be4        0x8 CMakeFiles/PRO58Pub.elf.dir/Src/state_menu.cpp.obj
 .text._ZL19settingsMenuHandlerv
                0x0000000008008bec        0x8 CMakeFiles/PRO58Pub.elf.dir/Src/state_menu.cpp.obj
 .text._ZL21favouritesMenuHandlerv
                0x0000000008008bf4        0x8 CMakeFiles/PRO58Pub.elf.dir/Src/state_menu.cpp.obj
 .text._ZN12StateMachine16MenuStateHandler13onInitialDrawEv
                0x0000000008008bfc       0xa8 CMakeFiles/PRO58Pub.elf.dir/Src/state_menu_ui.cpp.obj
                0x0000000008008bfc                StateMachine::MenuStateHandler::onInitialDraw()
 .text._ZN12StateMachine16MenuStateHandler12onUpdateDrawEv
                0x0000000008008ca4       0x80 CMakeFiles/PRO58Pub.elf.dir/Src/state_menu_ui.cpp.obj
                0x0000000008008ca4                StateMachine::MenuStateHandler::onUpdateDraw()
 .text._ZN12StateMachine23ScreensaverStateHandler7onEnterEv
                0x0000000008008d24        0x8 CMakeFiles/PRO58Pub.elf.dir/Src/state_screensaver.cpp.obj
                0x0000000008008d24                StateMachine::ScreensaverStateHandler::onEnter()
 .text._ZN12StateMachine23ScreensaverStateHandler8onUpdateEv
                0x0000000008008d2c       0x28 CMakeFiles/PRO58Pub.elf.dir/Src/state_screensaver.cpp.obj
                0x0000000008008d2c                StateMachine::ScreensaverStateHandler::onUpdate()
 .text._ZN12StateMachine23ScreensaverStateHandler14onButtonChangeE6ButtonN7Buttons9PressTypeE
                0x0000000008008d54        0xc CMakeFiles/PRO58Pub.elf.dir/Src/state_screensaver.cpp.obj
                0x0000000008008d54                StateMachine::ScreensaverStateHandler::onButtonChange(Button, Buttons::PressType)
 .text._ZN12StateMachine23ScreensaverStateHandler13onInitialDrawEv
                0x0000000008008d60       0xbc CMakeFiles/PRO58Pub.elf.dir/Src/state_screensaver.cpp.obj
                0x0000000008008d60                StateMachine::ScreensaverStateHandler::onInitialDraw()
 .text._ZN12StateMachine23ScreensaverStateHandler12onUpdateDrawEv
                0x0000000008008e1c        0x8 CMakeFiles/PRO58Pub.elf.dir/Src/state_screensaver.cpp.obj
                0x0000000008008e1c                StateMachine::ScreensaverStateHandler::onUpdateDraw()
 .text._ZN12StateMachine23ScreensaverStateHandler14onFSPinsChangeEh
                0x0000000008008e24       0x20 CMakeFiles/PRO58Pub.elf.dir/Src/state_screensaver.cpp.obj
                0x0000000008008e24                StateMachine::ScreensaverStateHandler::onFSPinsChange(unsigned char)
 .text._ZL12menuModeIconPv
                0x0000000008008e44       0x1c CMakeFiles/PRO58Pub.elf.dir/Src/state_search.cpp.obj
 .text._ZL15menuModeHandlerPv
                0x0000000008008e60       0x1c CMakeFiles/PRO58Pub.elf.dir/Src/state_search.cpp.obj
 .text._ZN12StateMachine18SearchStateHandler7onEnterEv
                0x0000000008008e7c       0x38 CMakeFiles/PRO58Pub.elf.dir/Src/state_search.cpp.obj
                0x0000000008008e7c                StateMachine::SearchStateHandler::onEnter()
 .text._ZN12StateMachine18SearchStateHandler8onUpdateEv
                0x0000000008008eb4       0xa8 CMakeFiles/PRO58Pub.elf.dir/Src/state_search.cpp.obj
                0x0000000008008eb4                StateMachine::SearchStateHandler::onUpdate()
 .text._ZN12StateMachine18SearchStateHandler14onButtonChangeE6ButtonN7Buttons9PressTypeE
                0x0000000008008f5c       0xb8 CMakeFiles/PRO58Pub.elf.dir/Src/state_search.cpp.obj
                0x0000000008008f5c                StateMachine::SearchStateHandler::onButtonChange(Button, Buttons::PressType)
 .text._ZN12StateMachine18SearchStateHandler14onFSPinsChangeEh
                0x0000000008009014       0x1c CMakeFiles/PRO58Pub.elf.dir/Src/state_search.cpp.obj
                0x0000000008009014                StateMachine::SearchStateHandler::onFSPinsChange(unsigned char)
 .text.startup._GLOBAL__sub_I__ZN12StateMachine18SearchStateHandler7onEnterEv
                0x0000000008009030        0xc CMakeFiles/PRO58Pub.elf.dir/Src/state_search.cpp.obj
 .text._ZN12StateMachine18SearchStateHandler11drawScanBarEv
                0x000000000800903c       0x3c CMakeFiles/PRO58Pub.elf.dir/Src/state_search_ui.cpp.obj
                0x000000000800903c                StateMachine::SearchStateHandler::drawScanBar()
 .text._ZN12StateMachine18SearchStateHandler8drawMenuEv
                0x0000000008009078        0x8 CMakeFiles/PRO58Pub.elf.dir/Src/state_search_ui.cpp.obj
                0x0000000008009078                StateMachine::SearchStateHandler::drawMenu()
 .text._ZN12StateMachine20SettingsStateHandler7onEnterEv
                0x0000000008009080      0x124 CMakeFiles/PRO58Pub.elf.dir/Src/state_settings.cpp.obj
                0x0000000008009080                StateMachine::SettingsStateHandler::onEnter()
 .text._ZN12StateMachine20SettingsStateHandler8onUpdateEv
                0x00000000080091a4        0x4 CMakeFiles/PRO58Pub.elf.dir/Src/state_settings.cpp.obj
                0x00000000080091a4                StateMachine::SettingsStateHandler::onUpdate()
                0x00000000080091a4                StateMachine::SettingsStateHandler::onExit()
 .text._ZN12StateMachine20SettingsStateHandler14onButtonChangeE6ButtonN7Buttons9PressTypeE
                0x00000000080091a8       0x84 CMakeFiles/PRO58Pub.elf.dir/Src/state_settings.cpp.obj
                0x00000000080091a8                StateMachine::SettingsStateHandler::onButtonChange(Button, Buttons::PressType)
 .text._ZL24diveristyModeMenuHandlerPN2Ui16SettingsMenuItemE
                0x000000000800922c       0x60 CMakeFiles/PRO58Pub.elf.dir/Src/state_settings.cpp.obj
 .text._ZL26rssiCalibrationMenuHandlerPN2Ui16SettingsMenuItemE
                0x000000000800928c        0x8 CMakeFiles/PRO58Pub.elf.dir/Src/state_settings.cpp.obj
 .text._ZL19callsignMenuHandlerPN2Ui16SettingsMenuItemE
                0x0000000008009294        0x8 CMakeFiles/PRO58Pub.elf.dir/Src/state_settings.cpp.obj
 .text._ZL15exitMenuHandlerPN2Ui16SettingsMenuItemE
                0x000000000800929c        0x8 CMakeFiles/PRO58Pub.elf.dir/Src/state_settings.cpp.obj
 .text._ZL24buzzerSettingMenuHandlerPN2Ui16SettingsMenuItemE
                0x00000000080092a4       0x34 CMakeFiles/PRO58Pub.elf.dir/Src/state_settings.cpp.obj
 .text._ZL29favouritesSettingsMenuHandlerPN2Ui16SettingsMenuItemE
                0x00000000080092d8        0x8 CMakeFiles/PRO58Pub.elf.dir/Src/state_settings.cpp.obj
 .text._ZL29screensaverSettingMenuHandlerPN2Ui16SettingsMenuItemE
                0x00000000080092e0       0x34 CMakeFiles/PRO58Pub.elf.dir/Src/state_settings.cpp.obj
 .text._ZL21flipScreenMenuHandlerPN2Ui16SettingsMenuItemE
                0x0000000008009314       0x48 CMakeFiles/PRO58Pub.elf.dir/Src/state_settings.cpp.obj
 .text._ZL21fsPinsModeMenuHandlerPN2Ui16SettingsMenuItemE
                0x000000000800935c       0x48 CMakeFiles/PRO58Pub.elf.dir/Src/state_settings.cpp.obj
 .text._ZL24resetSettingsMenuHandlerPN2Ui16SettingsMenuItemE
                0x00000000080093a4       0x40 CMakeFiles/PRO58Pub.elf.dir/Src/state_settings.cpp.obj
 .text._ZN12StateMachine28SettingsCallsignStateHandler7onEnterEv
                0x00000000080093e4       0x1c CMakeFiles/PRO58Pub.elf.dir/Src/state_settings_callsign.cpp.obj
                0x00000000080093e4                StateMachine::SettingsCallsignStateHandler::onEnter()
 .text._ZN12StateMachine28SettingsCallsignStateHandler8onUpdateEv
                0x0000000008009400        0x4 CMakeFiles/PRO58Pub.elf.dir/Src/state_settings_callsign.cpp.obj
                0x0000000008009400                StateMachine::SettingsCallsignStateHandler::onUpdate()
 .text._ZN12StateMachine28SettingsCallsignStateHandler14onButtonChangeE6ButtonN7Buttons9PressTypeE
                0x0000000008009404       0xf0 CMakeFiles/PRO58Pub.elf.dir/Src/state_settings_callsign.cpp.obj
                0x0000000008009404                StateMachine::SettingsCallsignStateHandler::onButtonChange(Button, Buttons::PressType)
 .text._ZN12StateMachine28SettingsCallsignStateHandler13onInitialDrawEv
                0x00000000080094f4        0x4 CMakeFiles/PRO58Pub.elf.dir/Src/state_settings_callsign.cpp.obj
                0x00000000080094f4                StateMachine::SettingsCallsignStateHandler::onInitialDraw()
 .text._ZN12StateMachine28SettingsCallsignStateHandler12onUpdateDrawEv
                0x00000000080094f8      0x144 CMakeFiles/PRO58Pub.elf.dir/Src/state_settings_callsign.cpp.obj
                0x00000000080094f8                StateMachine::SettingsCallsignStateHandler::onUpdateDraw()
 .text.startup._GLOBAL__sub_I__ZN12StateMachine28SettingsCallsignStateHandler7onEnterEv
                0x000000000800963c        0xc CMakeFiles/PRO58Pub.elf.dir/Src/state_settings_callsign.cpp.obj
 .text._ZN12StateMachine30SettingsFavouritesStateHandler7onEnterEv
                0x0000000008009648        0x8 CMakeFiles/PRO58Pub.elf.dir/Src/state_settings_favourites.cpp.obj
                0x0000000008009648                StateMachine::SettingsFavouritesStateHandler::onEnter()
 .text._ZN12StateMachine30SettingsFavouritesStateHandler8onUpdateEv
                0x0000000008009650        0x4 CMakeFiles/PRO58Pub.elf.dir/Src/state_settings_favourites.cpp.obj
                0x0000000008009650                StateMachine::SettingsFavouritesStateHandler::onUpdate()
 .text._ZN12StateMachine30SettingsFavouritesStateHandler6onExitEv
                0x0000000008009654        0xc CMakeFiles/PRO58Pub.elf.dir/Src/state_settings_favourites.cpp.obj
                0x0000000008009654                StateMachine::SettingsFavouritesStateHandler::onExit()
 .text._ZN12StateMachine30SettingsFavouritesStateHandler14onButtonChangeE6ButtonN7Buttons9PressTypeE
                0x0000000008009660       0x64 CMakeFiles/PRO58Pub.elf.dir/Src/state_settings_favourites.cpp.obj
                0x0000000008009660                StateMachine::SettingsFavouritesStateHandler::onButtonChange(Button, Buttons::PressType)
 .text._ZN12StateMachine30SettingsFavouritesStateHandler13onInitialDrawEv
                0x00000000080096c4        0x4 CMakeFiles/PRO58Pub.elf.dir/Src/state_settings_favourites.cpp.obj
                0x00000000080096c4                StateMachine::SettingsFavouritesStateHandler::onInitialDraw()
 .text._ZN12StateMachine30SettingsFavouritesStateHandler12onUpdateDrawEv
                0x00000000080096c8      0x140 CMakeFiles/PRO58Pub.elf.dir/Src/state_settings_favourites.cpp.obj
                0x00000000080096c8                StateMachine::SettingsFavouritesStateHandler::onUpdateDraw()
 .text._ZN12StateMachine24SettingsRssiStateHandler7onEnterEv
                0x0000000008009808        0x8 CMakeFiles/PRO58Pub.elf.dir/Src/state_settings_rssi.cpp.obj
                0x0000000008009808                StateMachine::SettingsRssiStateHandler::onEnter()
 .text._ZN12StateMachine24SettingsRssiStateHandler8onUpdateEv
                0x0000000008009810       0xbc CMakeFiles/PRO58Pub.elf.dir/Src/state_settings_rssi.cpp.obj
                0x0000000008009810                StateMachine::SettingsRssiStateHandler::onUpdate()
 .text._ZN12StateMachine24SettingsRssiStateHandler14onButtonChangeE6ButtonN7Buttons9PressTypeE
                0x00000000080098cc       0x60 CMakeFiles/PRO58Pub.elf.dir/Src/state_settings_rssi.cpp.obj
                0x00000000080098cc                StateMachine::SettingsRssiStateHandler::onButtonChange(Button, Buttons::PressType)
 .text._ZN12StateMachine24SettingsRssiStateHandler13onInitialDrawEv
                0x000000000800992c        0x4 CMakeFiles/PRO58Pub.elf.dir/Src/state_settings_rssi.cpp.obj
                0x000000000800992c                StateMachine::SettingsRssiStateHandler::onInitialDraw()
 .text._ZN12StateMachine24SettingsRssiStateHandler12onUpdateDrawEv
                0x0000000008009930      0x210 CMakeFiles/PRO58Pub.elf.dir/Src/state_settings_rssi.cpp.obj
                0x0000000008009930                StateMachine::SettingsRssiStateHandler::onUpdateDraw()
 .text._ZN12StateMachine20SettingsStateHandler13onInitialDrawEv
                0x0000000008009b40       0x18 CMakeFiles/PRO58Pub.elf.dir/Src/state_settings_ui.cpp.obj
                0x0000000008009b40                StateMachine::SettingsStateHandler::onInitialDraw()
 .text._ZN12StateMachine20SettingsStateHandler12onUpdateDrawEv
                0x0000000008009b58       0x10 CMakeFiles/PRO58Pub.elf.dir/Src/state_settings_ui.cpp.obj
                0x0000000008009b58                StateMachine::SettingsStateHandler::onUpdateDraw()
 .text._ZN12StateMachine20SettingsStateHandler8drawMenuEv
                0x0000000008009b68      0x108 CMakeFiles/PRO58Pub.elf.dir/Src/state_settings_ui.cpp.obj
                0x0000000008009b68                StateMachine::SettingsStateHandler::drawMenu()
 .text.HAL_MspInit
                0x0000000008009c70       0x94 CMakeFiles/PRO58Pub.elf.dir/Src/stm32f1xx_hal_msp.cpp.obj
                0x0000000008009c70                HAL_MspInit
 .text.NMI_Handler
                0x0000000008009d04        0x4 CMakeFiles/PRO58Pub.elf.dir/Src/stm32f1xx_it.cpp.obj
                0x0000000008009d04                NMI_Handler
 .text.HardFault_Handler
                0x0000000008009d08        0x4 CMakeFiles/PRO58Pub.elf.dir/Src/stm32f1xx_it.cpp.obj
                0x0000000008009d08                HardFault_Handler
 .text.MemManage_Handler
                0x0000000008009d0c        0x4 CMakeFiles/PRO58Pub.elf.dir/Src/stm32f1xx_it.cpp.obj
                0x0000000008009d0c                MemManage_Handler
 .text.BusFault_Handler
                0x0000000008009d10        0x4 CMakeFiles/PRO58Pub.elf.dir/Src/stm32f1xx_it.cpp.obj
                0x0000000008009d10                BusFault_Handler
 .text.UsageFault_Handler
                0x0000000008009d14        0x4 CMakeFiles/PRO58Pub.elf.dir/Src/stm32f1xx_it.cpp.obj
                0x0000000008009d14                UsageFault_Handler
 .text.SVC_Handler
                0x0000000008009d18        0x4 CMakeFiles/PRO58Pub.elf.dir/Src/stm32f1xx_it.cpp.obj
                0x0000000008009d18                SVC_Handler
 .text.DebugMon_Handler
                0x0000000008009d1c        0x4 CMakeFiles/PRO58Pub.elf.dir/Src/stm32f1xx_it.cpp.obj
                0x0000000008009d1c                DebugMon_Handler
 .text.PendSV_Handler
                0x0000000008009d20        0x4 CMakeFiles/PRO58Pub.elf.dir/Src/stm32f1xx_it.cpp.obj
                0x0000000008009d20                PendSV_Handler
 .text.SysTick_Handler
                0x0000000008009d24       0x10 CMakeFiles/PRO58Pub.elf.dir/Src/stm32f1xx_it.cpp.obj
                0x0000000008009d24                SysTick_Handler
 .text.DMA1_Channel1_IRQHandler
                0x0000000008009d34        0xc CMakeFiles/PRO58Pub.elf.dir/Src/stm32f1xx_it.cpp.obj
                0x0000000008009d34                DMA1_Channel1_IRQHandler
 .text.DMA1_Channel4_IRQHandler
                0x0000000008009d40        0xc CMakeFiles/PRO58Pub.elf.dir/Src/stm32f1xx_it.cpp.obj
                0x0000000008009d40                DMA1_Channel4_IRQHandler
 .text.DMA1_Channel5_IRQHandler
                0x0000000008009d4c        0xc CMakeFiles/PRO58Pub.elf.dir/Src/stm32f1xx_it.cpp.obj
                0x0000000008009d4c                DMA1_Channel5_IRQHandler
 .text.DMA1_Channel6_IRQHandler
                0x0000000008009d58        0xc CMakeFiles/PRO58Pub.elf.dir/Src/stm32f1xx_it.cpp.obj
                0x0000000008009d58                DMA1_Channel6_IRQHandler
 .text.DMA1_Channel7_IRQHandler
                0x0000000008009d64        0xc CMakeFiles/PRO58Pub.elf.dir/Src/stm32f1xx_it.cpp.obj
                0x0000000008009d64                DMA1_Channel7_IRQHandler
 .text.TIM3_IRQHandler
                0x0000000008009d70        0xc CMakeFiles/PRO58Pub.elf.dir/Src/stm32f1xx_it.cpp.obj
                0x0000000008009d70                TIM3_IRQHandler
 .text.I2C1_EV_IRQHandler
                0x0000000008009d7c        0xc CMakeFiles/PRO58Pub.elf.dir/Src/stm32f1xx_it.cpp.obj
                0x0000000008009d7c                I2C1_EV_IRQHandler
 .text.I2C1_ER_IRQHandler
                0x0000000008009d88        0xc CMakeFiles/PRO58Pub.elf.dir/Src/stm32f1xx_it.cpp.obj
                0x0000000008009d88                I2C1_ER_IRQHandler
 .text.I2C2_EV_IRQHandler
                0x0000000008009d94        0xc CMakeFiles/PRO58Pub.elf.dir/Src/stm32f1xx_it.cpp.obj
                0x0000000008009d94                I2C2_EV_IRQHandler
 .text.I2C2_ER_IRQHandler
                0x0000000008009da0        0xc CMakeFiles/PRO58Pub.elf.dir/Src/stm32f1xx_it.cpp.obj
                0x0000000008009da0                I2C2_ER_IRQHandler
 .text.SystemInit
                0x0000000008009dac       0x50 CMakeFiles/PRO58Pub.elf.dir/Src/system_stm32f1xx.c.obj
                0x0000000008009dac                SystemInit
 .text.MX_TIM3_Init
                0x0000000008009dfc       0x70 CMakeFiles/PRO58Pub.elf.dir/Src/tim.c.obj
                0x0000000008009dfc                MX_TIM3_Init
 .text.MX_TIM4_Init
                0x0000000008009e6c       0xd4 CMakeFiles/PRO58Pub.elf.dir/Src/tim.c.obj
                0x0000000008009e6c                MX_TIM4_Init
 .text.HAL_TIM_Base_MspInit
                0x0000000008009f40       0x60 CMakeFiles/PRO58Pub.elf.dir/Src/tim.c.obj
                0x0000000008009f40                HAL_TIM_Base_MspInit
 .text._ZN5TimerC2Et
                0x0000000008009fa0       0x18 CMakeFiles/PRO58Pub.elf.dir/Src/timer.cpp.obj
                0x0000000008009fa0                Timer::Timer(unsigned short)
                0x0000000008009fa0                Timer::Timer(unsigned short)
 .text._ZN5Timer9hasTickedEv
                0x0000000008009fb8       0x24 CMakeFiles/PRO58Pub.elf.dir/Src/timer.cpp.obj
                0x0000000008009fb8                Timer::hasTicked()
 .text._ZN5Timer5resetEv
                0x0000000008009fdc       0x14 CMakeFiles/PRO58Pub.elf.dir/Src/timer.cpp.obj
                0x0000000008009fdc                Timer::reset()
 .text._ZN5Timer8setDelayEt
                0x0000000008009ff0       0x18 CMakeFiles/PRO58Pub.elf.dir/Src/timer.cpp.obj
                0x0000000008009ff0                Timer::setDelay(unsigned short)
 .text._ZN2Ui5setupEP17I2C_HandleTypeDef
                0x000000000800a008       0x58 CMakeFiles/PRO58Pub.elf.dir/Src/ui.cpp.obj
                0x000000000800a008                Ui::setup(I2C_HandleTypeDef*)
 .text._ZN2Ui6updateEv
                0x000000000800a060       0x24 CMakeFiles/PRO58Pub.elf.dir/Src/ui.cpp.obj
                0x000000000800a060                Ui::update()
 .text._ZN2Ui9drawGraphEPKhhhhhhh
                0x000000000800a084       0xe8 CMakeFiles/PRO58Pub.elf.dir/Src/ui.cpp.obj
                0x000000000800a084                Ui::drawGraph(unsigned char const*, unsigned char, unsigned char, unsigned char, unsigned char, unsigned char, unsigned char)
 .text._ZN2Ui15drawDashedHLineEiiii
                0x000000000800a16c       0x48 CMakeFiles/PRO58Pub.elf.dir/Src/ui.cpp.obj
                0x000000000800a16c                Ui::drawDashedHLine(int, int, int, int)
 .text._ZN2Ui15drawDashedVLineEiiii
                0x000000000800a1b4       0x48 CMakeFiles/PRO58Pub.elf.dir/Src/ui.cpp.obj
                0x000000000800a1b4                Ui::drawDashedVLine(int, int, int, int)
 .text._ZN2Ui5clearEv
                0x000000000800a1fc        0xc CMakeFiles/PRO58Pub.elf.dir/Src/ui.cpp.obj
                0x000000000800a1fc                Ui::clear()
 .text._ZN2Ui9clearRectEiiii
                0x000000000800a208       0x20 CMakeFiles/PRO58Pub.elf.dir/Src/ui.cpp.obj
                0x000000000800a208                Ui::clearRect(int, int, int, int)
 .text._ZN2Ui10needUpdateEv
                0x000000000800a228        0xc CMakeFiles/PRO58Pub.elf.dir/Src/ui.cpp.obj
                0x000000000800a228                Ui::needUpdate()
 .text._ZN2Ui11needDisplayEv
                0x000000000800a234        0xc CMakeFiles/PRO58Pub.elf.dir/Src/ui.cpp.obj
                0x000000000800a234                Ui::needDisplay()
 .text._ZN2Ui14needFullRedrawEv
                0x000000000800a240        0xc CMakeFiles/PRO58Pub.elf.dir/Src/ui.cpp.obj
                0x000000000800a240                Ui::needFullRedraw()
 .text.startup._GLOBAL__sub_I__ZN2Ui7displayE
                0x000000000800a24c        0xc CMakeFiles/PRO58Pub.elf.dir/Src/ui.cpp.obj
 .text._ZN2Ui10MenuHelper5resetEv
                0x000000000800a258        0x8 CMakeFiles/PRO58Pub.elf.dir/Src/ui_menu.cpp.obj
                0x000000000800a258                Ui::MenuHelper::reset()
 .text._ZN2Ui10MenuHelper7addItemEPKcPKhPFvvE
                0x000000000800a260       0x1c CMakeFiles/PRO58Pub.elf.dir/Src/ui_menu.cpp.obj
                0x000000000800a260                Ui::MenuHelper::addItem(char const*, unsigned char const*, void (*)())
 .text._ZN2Ui10MenuHelper14selectNextItemEv
                0x000000000800a27c       0x14 CMakeFiles/PRO58Pub.elf.dir/Src/ui_menu.cpp.obj
                0x000000000800a27c                Ui::MenuHelper::selectNextItem()
 .text._ZN2Ui10MenuHelper18selectPreviousItemEv
                0x000000000800a290       0x14 CMakeFiles/PRO58Pub.elf.dir/Src/ui_menu.cpp.obj
                0x000000000800a290                Ui::MenuHelper::selectPreviousItem()
 .text._ZN2Ui10MenuHelper12activateItemEv
                0x000000000800a2a4       0x10 CMakeFiles/PRO58Pub.elf.dir/Src/ui_menu.cpp.obj
                0x000000000800a2a4                Ui::MenuHelper::activateItem()
 .text._ZN2Ui10MenuHelper14getCurrentItemEv
                0x000000000800a2b4        0xc CMakeFiles/PRO58Pub.elf.dir/Src/ui_menu.cpp.obj
                0x000000000800a2b4                Ui::MenuHelper::getCurrentItem()
 .text._ZN2Ui18SettingsMenuHelper5resetEv
                0x000000000800a2c0       0x10 CMakeFiles/PRO58Pub.elf.dir/Src/ui_settings_menu.cpp.obj
                0x000000000800a2c0                Ui::SettingsMenuHelper::reset()
 .text._ZN2Ui18SettingsMenuHelper7addItemEPKcPFvPNS_16SettingsMenuItemEES2_
                0x000000000800a2d0       0x24 CMakeFiles/PRO58Pub.elf.dir/Src/ui_settings_menu.cpp.obj
                0x000000000800a2d0                Ui::SettingsMenuHelper::addItem(char const*, void (*)(Ui::SettingsMenuItem*), char const*)
 .text._ZN2Ui18SettingsMenuHelper14selectNextItemEv
                0x000000000800a2f4       0x34 CMakeFiles/PRO58Pub.elf.dir/Src/ui_settings_menu.cpp.obj
                0x000000000800a2f4                Ui::SettingsMenuHelper::selectNextItem()
 .text._ZN2Ui18SettingsMenuHelper18selectPreviousItemEv
                0x000000000800a328       0x34 CMakeFiles/PRO58Pub.elf.dir/Src/ui_settings_menu.cpp.obj
                0x000000000800a328                Ui::SettingsMenuHelper::selectPreviousItem()
 .text._ZN2Ui18SettingsMenuHelper20getSelectedItemIndexEv
                0x000000000800a35c        0x8 CMakeFiles/PRO58Pub.elf.dir/Src/ui_settings_menu.cpp.obj
                0x000000000800a35c                Ui::SettingsMenuHelper::getSelectedItemIndex()
 .text._ZN2Ui18SettingsMenuHelper20setSelectedItemIndexEh
                0x000000000800a364        0x8 CMakeFiles/PRO58Pub.elf.dir/Src/ui_settings_menu.cpp.obj
                0x000000000800a364                Ui::SettingsMenuHelper::setSelectedItemIndex(unsigned char)
 .text._ZN2Ui18SettingsMenuHelper13getMenuOffsetEv
                0x000000000800a36c        0x8 CMakeFiles/PRO58Pub.elf.dir/Src/ui_settings_menu.cpp.obj
                0x000000000800a36c                Ui::SettingsMenuHelper::getMenuOffset()
 .text._ZN2Ui18SettingsMenuHelper13setMenuOffsetEh
                0x000000000800a374        0x8 CMakeFiles/PRO58Pub.elf.dir/Src/ui_settings_menu.cpp.obj
                0x000000000800a374                Ui::SettingsMenuHelper::setMenuOffset(unsigned char)
 .text._ZN2Ui18SettingsMenuHelper12getItemCountEv
                0x000000000800a37c        0x8 CMakeFiles/PRO58Pub.elf.dir/Src/ui_settings_menu.cpp.obj
                0x000000000800a37c                Ui::SettingsMenuHelper::getItemCount()
 .text._ZN2Ui18SettingsMenuHelper12activateItemEv
                0x000000000800a384       0x10 CMakeFiles/PRO58Pub.elf.dir/Src/ui_settings_menu.cpp.obj
                0x000000000800a384                Ui::SettingsMenuHelper::activateItem()
 .text._ZN2Ui18SettingsMenuHelper7getItemEh
                0x000000000800a394       0x10 CMakeFiles/PRO58Pub.elf.dir/Src/ui_settings_menu.cpp.obj
                0x000000000800a394                Ui::SettingsMenuHelper::getItem(unsigned char)
 .text._ZN2Ui15StateMenuHelper7addItemEPFPKhPvEPFvS3_E
                0x000000000800a3a4       0x18 CMakeFiles/PRO58Pub.elf.dir/Src/ui_state_menu.cpp.obj
                0x000000000800a3a4                Ui::StateMenuHelper::addItem(unsigned char const* (*)(void*), void (*)(void*))
 .text._ZN2Ui15StateMenuHelper13handleButtonsE6ButtonN7Buttons9PressTypeE
                0x000000000800a3bc       0x80 CMakeFiles/PRO58Pub.elf.dir/Src/ui_state_menu.cpp.obj
                0x000000000800a3bc                Ui::StateMenuHelper::handleButtons(Button, Buttons::PressType)
 .text._ZN2Ui15StateMenuHelper4drawEv
                0x000000000800a43c       0xf0 CMakeFiles/PRO58Pub.elf.dir/Src/ui_state_menu.cpp.obj
                0x000000000800a43c                Ui::StateMenuHelper::draw()
 .text.MX_USART1_UART_Init
                0x000000000800a52c       0x40 CMakeFiles/PRO58Pub.elf.dir/Src/usart.c.obj
                0x000000000800a52c                MX_USART1_UART_Init
 .text.HAL_UART_MspInit
                0x000000000800a56c       0x5c CMakeFiles/PRO58Pub.elf.dir/Src/usart.c.obj
                0x000000000800a56c                HAL_UART_MspInit
 .text.Reset_Handler
                0x000000000800a5c8       0x48 CMakeFiles/PRO58Pub.elf.dir/startup/startup_stm32f103xb.s.obj
                0x000000000800a5c8                Reset_Handler
 .text.Default_Handler
                0x000000000800a610        0x2 CMakeFiles/PRO58Pub.elf.dir/startup/startup_stm32f103xb.s.obj
                0x000000000800a610                USBWakeUp_IRQHandler
                0x000000000800a610                EXTI2_IRQHandler
                0x000000000800a610                TIM1_CC_IRQHandler
                0x000000000800a610                PVD_IRQHandler
                0x000000000800a610                EXTI3_IRQHandler
                0x000000000800a610                EXTI0_IRQHandler
                0x000000000800a610                ADC1_2_IRQHandler
                0x000000000800a610                SPI1_IRQHandler
                0x000000000800a610                TAMPER_IRQHandler
                0x000000000800a610                USART3_IRQHandler
                0x000000000800a610                RTC_IRQHandler
                0x000000000800a610                CAN1_RX1_IRQHandler
                0x000000000800a610                TIM4_IRQHandler
                0x000000000800a610                RCC_IRQHandler
                0x000000000800a610                TIM1_TRG_COM_IRQHandler
                0x000000000800a610                Default_Handler
                0x000000000800a610                EXTI15_10_IRQHandler
                0x000000000800a610                EXTI9_5_IRQHandler
                0x000000000800a610                SPI2_IRQHandler
                0x000000000800a610                EXTI4_IRQHandler
                0x000000000800a610                USB_LP_CAN1_RX0_IRQHandler
                0x000000000800a610                USB_HP_CAN1_TX_IRQHandler
                0x000000000800a610                DMA1_Channel3_IRQHandler
                0x000000000800a610                TIM1_UP_IRQHandler
                0x000000000800a610                WWDG_IRQHandler
                0x000000000800a610                TIM2_IRQHandler
                0x000000000800a610                TIM1_BRK_IRQHandler
                0x000000000800a610                EXTI1_IRQHandler
                0x000000000800a610                USART2_IRQHandler
                0x000000000800a610                DMA1_Channel2_IRQHandler
                0x000000000800a610                CAN1_SCE_IRQHandler
                0x000000000800a610                FLASH_IRQHandler
                0x000000000800a610                USART1_IRQHandler
                0x000000000800a610                RTC_Alarm_IRQHandler
 .text._ZNK10__cxxabiv117__class_type_info11__do_upcastEPKS0_PPv
                0x000000000800a612       0x34 /usr/local/Cellar/gcc-arm-none-eabi-63/20170628/bin/../lib/gcc/arm-none-eabi/6.3.1/../../../../arm-none-eabi/lib/thumb/v7-m/libstdc++_nano.a(class_type_info.o)
                0x000000000800a612                __cxxabiv1::__class_type_info::__do_upcast(__cxxabiv1::__class_type_info const*, void**) const
 .text._ZNK10__cxxabiv117__class_type_info20__do_find_public_srcEiPKvPKS0_S2_
                0x000000000800a646        0xc /usr/local/Cellar/gcc-arm-none-eabi-63/20170628/bin/../lib/gcc/arm-none-eabi/6.3.1/../../../../arm-none-eabi/lib/thumb/v7-m/libstdc++_nano.a(class_type_info.o)
                0x000000000800a646                __cxxabiv1::__class_type_info::__do_find_public_src(int, void const*, __cxxabiv1::__class_type_info const*, void const*) const
 *fill*         0x000000000800a652        0x2 
 .text._ZN10__cxxabiv117__class_type_infoD2Ev
                0x000000000800a654       0x14 /usr/local/Cellar/gcc-arm-none-eabi-63/20170628/bin/../lib/gcc/arm-none-eabi/6.3.1/../../../../arm-none-eabi/lib/thumb/v7-m/libstdc++_nano.a(class_type_info.o)
                0x000000000800a654                __cxxabiv1::__class_type_info::~__class_type_info()
                0x000000000800a654                __cxxabiv1::__class_type_info::~__class_type_info()
 .text._ZN10__cxxabiv117__class_type_infoD0Ev
                0x000000000800a668       0x14 /usr/local/Cellar/gcc-arm-none-eabi-63/20170628/bin/../lib/gcc/arm-none-eabi/6.3.1/../../../../arm-none-eabi/lib/thumb/v7-m/libstdc++_nano.a(class_type_info.o)
                0x000000000800a668                __cxxabiv1::__class_type_info::~__class_type_info()
 .text._ZNK10__cxxabiv117__class_type_info11__do_upcastEPKS0_PKvRNS0_15__upcast_resultE
                0x000000000800a67c       0x18 /usr/local/Cellar/gcc-arm-none-eabi-63/20170628/bin/../lib/gcc/arm-none-eabi/6.3.1/../../../../arm-none-eabi/lib/thumb/v7-m/libstdc++_nano.a(class_type_info.o)
                0x000000000800a67c                __cxxabiv1::__class_type_info::__do_upcast(__cxxabiv1::__class_type_info const*, void const*, __cxxabiv1::__class_type_info::__upcast_result&) const
 .text._ZNK10__cxxabiv117__class_type_info10__do_catchEPKSt9type_infoPPvj
                0x000000000800a694       0x2a /usr/local/Cellar/gcc-arm-none-eabi-63/20170628/bin/../lib/gcc/arm-none-eabi/6.3.1/../../../../arm-none-eabi/lib/thumb/v7-m/libstdc++_nano.a(class_type_info.o)
                0x000000000800a694                __cxxabiv1::__class_type_info::__do_catch(std::type_info const*, void**, unsigned int) const
 .text._ZNK10__cxxabiv117__class_type_info12__do_dyncastEiNS0_10__sub_kindEPKS0_PKvS3_S5_RNS0_16__dyncast_resultE
                0x000000000800a6be       0x38 /usr/local/Cellar/gcc-arm-none-eabi-63/20170628/bin/../lib/gcc/arm-none-eabi/6.3.1/../../../../arm-none-eabi/lib/thumb/v7-m/libstdc++_nano.a(class_type_info.o)
                0x000000000800a6be                __cxxabiv1::__class_type_info::__do_dyncast(int, __cxxabiv1::__class_type_info::__sub_kind, __cxxabiv1::__class_type_info const*, void const*, __cxxabiv1::__class_type_info const*, void const*, __cxxabiv1::__class_type_info::__dyncast_result&) const
 .text._ZdlPvj  0x000000000800a6f6        0x4 /usr/local/Cellar/gcc-arm-none-eabi-63/20170628/bin/../lib/gcc/arm-none-eabi/6.3.1/../../../../arm-none-eabi/lib/thumb/v7-m/libstdc++_nano.a(del_ops.o)
                0x000000000800a6f6                operator delete(void*, unsigned int)
 .text.__cxa_end_cleanup
                0x000000000800a6fa        0xc /usr/local/Cellar/gcc-arm-none-eabi-63/20170628/bin/../lib/gcc/arm-none-eabi/6.3.1/../../../../arm-none-eabi/lib/thumb/v7-m/libstdc++_nano.a(eh_arm.o)
                0x000000000800a6fa                __cxa_end_cleanup
 .text._ZN10__cxxabiv1L24__is_gxx_exception_classEPc
                0x000000000800a706       0x3a /usr/local/Cellar/gcc-arm-none-eabi-63/20170628/bin/../lib/gcc/arm-none-eabi/6.3.1/../../../../arm-none-eabi/lib/thumb/v7-m/libstdc++_nano.a(eh_arm.o)
 .text.__cxa_type_match
                0x000000000800a740       0xbc /usr/local/Cellar/gcc-arm-none-eabi-63/20170628/bin/../lib/gcc/arm-none-eabi/6.3.1/../../../../arm-none-eabi/lib/thumb/v7-m/libstdc++_nano.a(eh_arm.o)
                0x000000000800a740                __cxa_type_match
 .text.__cxa_begin_cleanup
                0x000000000800a7fc       0x3a /usr/local/Cellar/gcc-arm-none-eabi-63/20170628/bin/../lib/gcc/arm-none-eabi/6.3.1/../../../../arm-none-eabi/lib/thumb/v7-m/libstdc++_nano.a(eh_arm.o)
                0x000000000800a7fc                __cxa_begin_cleanup
 .text.__gnu_end_cleanup
                0x000000000800a836       0x32 /usr/local/Cellar/gcc-arm-none-eabi-63/20170628/bin/../lib/gcc/arm-none-eabi/6.3.1/../../../../arm-none-eabi/lib/thumb/v7-m/libstdc++_nano.a(eh_arm.o)
                0x000000000800a836                __gnu_end_cleanup
 .text.__cxa_get_globals
                0x000000000800a868        0x8 /usr/local/Cellar/gcc-arm-none-eabi-63/20170628/bin/../lib/gcc/arm-none-eabi/6.3.1/../../../../arm-none-eabi/lib/thumb/v7-m/libstdc++_nano.a(eh_globals.o)
                0x000000000800a868                __cxa_get_globals
 .text._ZL12read_uleb128PKhPm
                0x000000000800a870       0x22 /usr/local/Cellar/gcc-arm-none-eabi-63/20170628/bin/../lib/gcc/arm-none-eabi/6.3.1/../../../../arm-none-eabi/lib/thumb/v7-m/libstdc++_nano.a(eh_personality.o)
 .text._ZL12read_sleb128PKhPl